03-21 14:32:21.518   854  6161 I [CT]    : HealthReport: Reporter #2 (ConstellationHealthMonitor) summary:
03-21 14:32:21.518   854  6161 I [CT]    : HealthReport: Camera: Total Dropped: 0.0, Total Frame Count: 1027763 (0.0%), Camera Reset Count: 0
03-21 14:32:21.518   854  6161 I [CT]    : HealthReport: Camera: Total Single Camera Frame Dropped: 0, Total Frame Count: 1027763 (0.0%)
03-21 14:32:21.518   854  6161 I [CT]    : HealthReport: Controller 1122751236883980236::
03-21 14:32:21.518   854  6161 I [CT]    : HealthReport: IMU: Capture period since last report exceeded threshold. Largest period: 12577.56979s (WARNING)
03-21 14:32:21.518   854  6161 I [CT]    : HealthReport: Controllers may have been sleeping
03-21 14:32:21.518   854  6161 I [CT]    : HealthReport: IMU: Largest capture period since start of tracking session: 12577.56979s
03-21 14:32:21.518   854  6161 I [CT]    : HealthReport: 
03-21 14:32:21.518   854  6161 I [CT]    : HealthReport: IMU: Total Dropped: 0.0, Total Sample Count: 1891.362 (0.0%)
03-21 14:32:21.518   854  6161 I [CT]    : HealthReport: 
03-21 14:32:21.518   854  6161 I [CT]    : HealthReport: Controller 9392807479330428499::
03-21 14:32:21.518   854  6161 I [CT]    : HealthReport: IMU: Capture period since last report exceeded threshold. Largest period: 12578.03564s (WARNING)
03-21 14:32:21.518   854  6161 I [CT]    : HealthReport: Controllers may have been sleeping
03-21 14:32:21.519   854  6161 I [CT]    : HealthReport: IMU: Largest capture period since start of tracking session: 12578.03564s
03-21 14:32:21.519   854  6161 I [CT]    : HealthReport: 
03-21 14:32:21.519   854  6161 I [CT]    : HealthReport: IMU: Total Dropped: 0.0, Total Sample Count: 1658.847 (0.0%)
03-21 14:32:21.519   717  2906 D audio_hw_primary: start_output_stream: enter: stream(0xe5d95800)usecase(0: deep-buffer-playback) devices(0x2) is_haptic_usecase(0)
03-21 14:32:21.519   854  6161 I [CT]    : HealthReport: 
03-21 14:32:21.519   854  6161 I [CT]    : HealthReport: 
03-21 14:32:21.519   854  6161 I [CT]    : HealthReport: Reporter #2 (ConstellationHealthMonitor) Has Warnings
03-21 14:32:21.519   854  6161 I [CT]    : HealthReport: --------------------------------------------------
03-21 14:32:21.519   854  6161 I [CT]    : HealthReport: 
03-21 14:32:21.519   854  6161 I [CT]    : HealthReport: 
03-21 14:32:21.519   854  6161 I [CT]    : HealthReport: Warnings Reported =/
03-21 14:32:21.519   854  6161 I [CT]    : HealthReport: ==================================================
03-21 14:32:21.519   741  8653 D AF::RecordHandle: OpRecordAudio: track:162 uid:10032 pkg:com.oculus.xrstreamingclient usage:0 muted
03-21 14:32:21.520   717  2906 D audio_hw_primary: select_devices for use case (deep-buffer-playback)
03-21 14:32:21.520   717  2906 I msm8974_platform: platform_check_and_set_codec_backend_cfg:becf: afe: bitwidth 16, samplerate 48000 channels 2, backend_idx 0 usecase = 0 device (voice-speaker-stereo)
03-21 14:32:21.520   717  2906 D msm8974_platform: platform_split_snd_device: snd_device(22) num devices(1) new_snd_devices(0)
03-21 14:32:21.520   717  2906 I msm8974_platform: platform_check_and_set_codec_backend_cfg: new_snd_devices[0] is 22
03-21 14:32:21.520   717  2906 I msm8974_platform: platform_check_codec_backend_cfg:becf: afe: bitwidth 16, samplerate 48000 channels 2, backend_idx 0 usecase = 0 device (voice-speaker-stereo)
03-21 14:32:21.520   717  2906 D msm8974_platform: platform_check_codec_backend_cfg:napb: (0) - (low-latency-playback)id (1) sr 48000 bw (16) ch (2) device voice-speaker-stereo
03-21 14:32:21.526  1032  5361 I ActivityTaskManager: START u0 {act=android.intent.action.MAIN cat=[android.intent.category.INFO] flg=0x14000000 pkg=com.oculus.shellenv cmp=com.oculus.shellenv/.ShellEnvActivity (has extras)} from uid 10020
03-21 14:32:21.528   741 24096 D AF::TrackHandle: OpPlayAudio: track:161 uid:10032 pkg:com.oculus.xrstreamingclient usage:1 muted
03-21 14:32:21.528   717  2906 D audio_hw_extn: audio_extn_enable_hifi_filter: mixer_value set 0
03-21 14:32:21.529   717  2906 D msm8974_platform: platform_check_codec_backend_cfg:becf: updated afe: bitwidth 16, samplerate 48000 channels 2,backend_idx 0 usecase = 0 device (voice-speaker-stereo)
03-21 14:32:21.529   717  2906 I msm8974_platform: platform_check_codec_backend_cfg:becf: afe: Codec selected backend: 0 updated bit width: 16 and sample rate: 48000
03-21 14:32:21.529   717  2906 D audio_hw_primary: check_usecases_codec_backend:becf: force routing 0
03-21 14:32:21.529   717  2906 D audio_hw_primary: check_usecases_codec_backend:becf: (75) check_usecases curr device: voice-speaker-stereo, usecase device:voice-speaker-stereo backends match 1
03-21 14:32:21.529   717  2906 E msm8974_platform: platform_check_backends_match: Invalid snd_device = 
03-21 14:32:21.529   717  2906 D audio_hw_primary: check_usecases_codec_backend:becf: (75) check_usecases curr device: voice-speaker-stereo, usecase device: backends match 0
03-21 14:32:21.529   717  2906 D audio_hw_primary: check_usecases_codec_backend:becf: check_usecases num.of Usecases to switch 0
03-21 14:32:21.529   717  2906 D hardware_info: hw_info_append_hw_type : device_name = voice-speaker-stereo
03-21 14:32:21.529   717  2906 D msm8974_platform: platform_split_snd_device: snd_device(22) num devices(0) new_snd_devices(0)
03-21 14:32:21.529   717  2906 I audio_hw_utils: audio_extn_utils_update_stream_output_app_type_cfg Allowing 24 and above bits playback on speaker ONLY at default sampling rate
03-21 14:32:21.529   717  2906 D audio_hw_utils: audio_extn_utils_send_app_type_cfg: usecase->out_snd_device voice-speaker-stereo
03-21 14:32:21.529   717  2906 D msm8974_platform: platform_split_snd_device: snd_device(22) num devices(0) new_snd_devices(0)
03-21 14:32:21.529   717  2906 D audio_hw_utils: audio_extn_btsco_get_sample_rate:Not a BT SCO device, need not update sampling rate
03-21 14:32:21.529   717  2906 I audio_hw_utils: send_app_type_cfg_for_device PLAYBACK app_type 69936, acdb_dev_id 15, sample_rate 48000, snd_device_be_idx 2
03-21 14:32:21.530   717  2906 D msm8974_platform: platform_split_snd_device: snd_device(22) num devices(1) new_snd_devices(0)
03-21 14:32:21.530   717  2906 D audio_hw_utils: audio_extn_btsco_get_sample_rate:Not a BT SCO device, need not update sampling rate
03-21 14:32:21.530   717  2906 D ACDB-LOADER: ACDB -> send_audio_cal, acdb_id = 15, path = 0, app id = 0x11130, sample rate = 48000, afe_sample_rate = 48000
03-21 14:32:21.530   717  2906 D ACDB-LOADER: ACDB -> send_asm_topology
03-21 14:32:21.530   717  2906 D ACDB-LOADER: ACDB -> ACDB_CMD_GET_AUDPROC_STREAM_TOPOLOGY_ID
03-21 14:32:21.530   717  2906 D ACDB-LOADER: ACDB -> send_adm_topology
03-21 14:32:21.530   717  2906 D ACDB-LOADER: ACDB -> ACDB_CMD_GET_AUDPROC_COMMON_TOPOLOGY_ID
03-21 14:32:21.530   717  2906 D ACDB-LOADER: ACDB -> send_audtable
03-21 14:32:21.530   717  2906 D ACDB-LOADER: ACDB -> ACDB_CMD_GET_AUDPROC_INSTANCE_COMMON_TABLE_SIZE
03-21 14:32:21.530   717  2906 D ACDB-LOADER: ACDB -> ACDB_CMD_GET_AUDPROC_INSTANCE_COMMON_TABLE
03-21 14:32:21.530   717  2906 D ACDB-LOADER: ACDB -> AUDIO_SET_AUDPROC_CAL cal_type[11] acdb_id[15] app_type[69936]
03-21 14:32:21.530   717  2906 D ACDB-LOADER: ACDB -> ACDB_CMD_GET_PERSISTENT_AUDPROC_INSTANCE_COMMON_TABLE_SIZE
03-21 14:32:21.530   717  2906 D         : ACDBFILE_MGR: Property for the pid 000133B7 not found
03-21 14:32:21.530   717  2906 D         : [Data Manager] -> Failed to fetch the property info for pid 000133B7 
03-21 14:32:21.530   717  2906 D         : ACDBFILE_MGR: Property for the pid 000133B7 not found
03-21 14:32:21.530   717  2906 D         : [Data Manager] -> Failed to fetch the property info for pid 000133B7 
03-21 14:32:21.530   717  2906 D         : ACDBFILE_MGR: Property for the pid 000133B7 not found
03-21 14:32:21.530   717  2906 D         : [Data Manager] -> Failed to fetch the property info for pid 000133B7 
03-21 14:32:21.530   717  2906 D         : [Data Manager]-> No data found
03-21 14:32:21.530   717  2906 D ACDB-LOADER: Error: ACDB_CMD_GET_PERSISTENT_AUDPROC_INSTANCE_COMMON_TABLE_SIZE returned -18
03-21 14:32:21.530   717  2906 D ACDB-LOADER: ACDB -> send_audproc_persist_table -18 
03-21 14:32:21.530   717  2906 D ACDB-LOADER: Error: Invalid Audproc persist size = -18
03-21 14:32:21.530   717  2906 D ACDB-LOADER: ACDB -> send_audvoltable
03-21 14:32:21.530   717  2906 D ACDB-LOADER: ACDB -> ACDB_CMD_GET_AUDPROC_INSTANCE_GAIN_DEP_STEP_TABLE_SIZE
03-21 14:32:21.530   717  2906 D ACDB-LOADER: ACDB -> ACDB_CMD_GET_AUDPROC_INSTANCE_GAIN_DEP_STEP_TABLE, vol index 15
03-21 14:32:21.530   717  2906 D ACDB-LOADER: ACDB -> AUDIO_SET_VOL_CAL cal type = 12
03-21 14:32:21.530   717  2906 D ACDB-LOADER: ACDB -> ACDB_CMD_GET_AUDPROC_INSTANCE_STREAM_TABLE_SIZE
03-21 14:32:21.530   717  2906 D ACDB-LOADER: ACDB -> send_audstrmtable
03-21 14:32:21.530   717  2906 D ACDB-LOADER: ACDB -> ACDB_CMD_GET_AUDPROC_INSTANCE_STREAM_TABLE
03-21 14:32:21.530   717  2906 D ACDB-LOADER: ACDB -> audstrm_cal->cal_type.cal_data.cal_size = 20
03-21 14:32:21.530   717  2906 D ACDB-LOADER: ACDB -> send_afe_topology
03-21 14:32:21.531   717  2906 D ACDB-LOADER: ACDB -> ACDB_CMD_GET_AFE_TOPOLOGY_ID
03-21 14:32:21.531   717  2906 D ACDB-LOADER: ACDB -> GET_AFE_TOPOLOGY_ID for adcd_id 15, Topology Id 112fc
03-21 14:32:21.531   717  2906 D ACDB-LOADER: ACDB -> send_afe_cal
03-21 14:32:21.531   717  2906 D ACDB-LOADER: ACDB -> ACDB_CMD_GET_AFE_INSTANCE_COMMON_TABLE_SIZE
03-21 14:32:21.531   717  2906 D         : Failed to fetch the lookup information of the device 0000000F 
03-21 14:32:21.531   717  2906 D ACDB-LOADER: Error: ACDB_CMD_GET_AFE_INSTANCE_COMMON_TABLE_SIZE Returned = -19
03-21 14:32:21.531   717  2906 D ACDB-LOADER: ACDB -> ACDB_CMD_GET_AFE_INSTANCE_COMMON_TABLE
03-21 14:32:21.531   717  2906 D         : Failed to fetch the lookup information of the device 0000000F 
03-21 14:32:21.531   717  2906 D ACDB-LOADER: Error: ACDB AFE returned = -19
03-21 14:32:21.531   717  2906 D ACDB-LOADER: ACDB -> AUDIO_SET_AFE_CAL cal_type[16] acdb_id[15]
03-21 14:32:21.531   717  2906 D ACDB-LOADER: ACDB -> send_hw_delay : acdb_id = 15 path = 0
03-21 14:32:21.531   717  2906 D ACDB-LOADER: ACDB -> ACDB_AVSYNC_INFO: ACDB_CMD_GET_DEVICE_PROPERTY
03-21 14:32:21.531   717  2906 D msm8974_platform: platform_split_snd_device: snd_device(22) num devices(0) new_snd_devices(0)
03-21 14:32:21.531   717  2906 I msm8974_platform: platform_get_custom_mtmx_params: no matching param with id 0 ip_ch 2 op_ch 2 uc_id 0 snd_dev 22
03-21 14:32:21.531   717  2906 D audio_hw_primary: enable_audio_route: apply mixer and update path: deep-buffer-playback
03-21 14:32:21.531   717  2906 D audio_route: Apply path: deep-buffer-playback
03-21 14:32:21.534   717  2906 D audio_hw_primary: select_devices: done
03-21 14:32:21.541   741  1225 D AF::TrackHandle: OpPlayAudio: track:230 uid:10086 pkg:com.YourCompany.VRLego usage:1 muted
03-21 14:32:21.542  6183  6183 I chatty  : uid=10026 com.oculus.systemux:SystemUX expire 57 lines
03-21 14:32:21.545   741 23062 D AF::TrackHandle: OpPlayAudio: track:56 uid:1000 pkg:com.android.networkstack.inprocess usage:13 not muted
03-21 14:32:21.551  2732  2746 I chatty  : uid=10020(com.oculus.vrshell) HeapTaskDaemon expire 1 line
03-21 14:32:21.560   717  2906 D msm8974_platform: platform_set_channel_map mixer_ctl_name:Playback Channel Map0
03-21 14:32:21.560   717  2906 D msm8974_platform: platform_set_channel_map: set mapping(1 2 0 0 0 0 0 0) for channel:2
03-21 14:32:21.562   717  2906 D audio_hw_primary: start_output_stream: exit
03-21 14:32:21.563  1032 10101 W InputReader: Device has associated, but no associated display id.
03-21 14:32:21.596  1794  6134 I TimeWarp: SetSchedFifo( tid=4011, pol=2, pri=0 ) succeeded
03-21 14:32:21.596  1794  6134 I TimeWarp: SetSchedFifo( tid=4052, pol=2, pri=0 ) succeeded
03-21 14:32:21.596  1794  6134 I TimeWarp: SetSchedFifo( tid=4085, pol=2, pri=0 ) succeeded
03-21 14:32:21.602   741 23062 D AF::TrackHandle: OpPlayAudio: track:232 uid:10020 pkg:com.oculus.vrshell usage:1 not muted
03-21 14:32:21.604   741  3322 D AF::TrackHandle: OpPlayAudio: track:161 uid:10032 pkg:com.oculus.xrstreamingclient usage:1 muted
03-21 14:32:21.604   741  1225 D AF::TrackHandle: OpPlayAudio: track:230 uid:10086 pkg:com.YourCompany.VRLego usage:1 muted
03-21 14:32:21.611   741 23062 D AF::TrackHandle: OpPlayAudio: track:56 uid:1000 pkg:com.android.networkstack.inprocess usage:13 not muted
03-21 14:32:21.611   741  8653 D AF::TrackHandle: OpPlayAudio: track:233 uid:10026 pkg:com.oculus.systemux usage:10 not muted
03-21 14:32:21.614   741 23062 D AF::RecordHandle: OpRecordAudio: track:162 uid:10032 pkg:com.oculus.xrstreamingclient usage:0 muted
03-21 14:32:21.617   682  6326 I chatty  : uid=0(root) Binder:682_3 expire 1 line
03-21 14:32:21.642   741 23062 D AF::RecordHandle: OpRecordAudio: track:162 uid:10032 pkg:com.oculus.xrstreamingclient usage:0 muted
03-21 14:32:21.654 22262 22309 D xrstreaming: receive ping: org 0 recv 0 xmt 233624376351500 (received at 119549637573267), offset divergence 40129
03-21 14:32:21.657   741 24096 D AF::TrackHandle: OpPlayAudio: track:57 uid:10054 pkg:com.oculus.shellenv usage:1 not muted
03-21 14:32:21.659   741  1025 D AudioFlinger: mixer(0x745cc0dc80) throttle end: throttle time(44)
03-21 14:32:21.668   729 22206 I chatty  : uid=0(root) gadget@1.0-serv expire 27 lines
03-21 14:32:21.683  3979  4081 D UE4     : [2021.03.21-20.32.21:678][ 99]LogAudioMixer: Display: Audio Buffer Underrun (starvation) detected.
03-21 14:32:21.698  2809  2809 I chatty  : uid=10020 com.oculus.vrshell:EnvOverlay expire 6 lines
03-21 14:32:21.698  2809  2892 I chatty  : uid=10020(com.oculus.vrshell) OVR::ShellApp expire 369 lines
03-21 14:32:21.743  1032  5361 W AppOps  : Noting op not finished: uid 10020 pkg com.oculus.vrshell code 24 time=1616358741504 duration=-1
03-21 14:32:21.752  2768  2794 I Clay    : BaseApp: Leaving hibernation
03-21 14:32:21.752  2768  2794 I Clay    : EnvironmentSystem: computed visibility changed from Unload to Hidden (reason: LayerRendering)
03-21 14:32:21.752  2768  2794 I Clay    : EnvironmentStateSystem: Re-applying current IR due to resuming from pause
03-21 14:32:21.752  2768  2794 I Clay    : EnvironmentSystem: setCurrentEnvironment from '' to 'apk://com.oculus.environment.prod.japan/assets/scene.zip'
03-21 14:32:21.752  2768  2794 I Clay    : Entering VR mode
03-21 14:32:21.752  2768  2794 I ClientInputSettings: SetInhibitHandleHomeKey = true for com.oculus.shellenv
03-21 14:32:21.752  2768  2794 I ClientInputInterface: SetInhibitHandleHomeKey 1
03-21 14:32:21.752  2768  2794 I VrApi   : ---------- vrapi_EnterVrMode [start] ----------
03-21 14:32:21.752  2768  2794 I VrRuntimeClient: Tracing is disabled
03-21 14:32:21.752  2768  2794 I VrRuntimeClient: SysProp debug mode is disabled on Client side
03-21 14:32:21.765  2768  2794 D VrApi   : targetSDKVersion 25
03-21 14:32:21.767  2024  2040 I LibraryProvider: running queryAllApps() for com.oculus.systemux
03-21 14:32:21.768  2024  2793 I LibraryProvider: running queryAllApps() for com.oculus.systemux
03-21 14:32:21.770  2768  2794 I VrRuntimeClient: DEVICE MODEL NUMBER = Quest 2
03-21 14:32:21.770  2768  2794 I VrRuntimeClient: DEVICE HARDWARE = hollywood
03-21 14:32:21.770  2768  2794 I VrRuntimeClient: DEVICE BUILD NAME = user-1462400.7360.0
03-21 14:32:21.770  2768  2794 I VrRuntimeClient: DEVICE BUILD TYPE = user
03-21 14:32:21.770  2768  2794 I VrRuntimeClient: DEVICE OS VERSION = 10
03-21 14:32:21.770  2768  2794 I VrRuntimeClient: VRRUNTIME VERSION = VRAPI_VERSION_BEGIN { 1.1.43.0-274987955-274987955 Feb 23 2021 19:56:04 Development } RELEASE
03-21 14:32:21.770  2768  2794 I VrRuntimeClient: API LOADER VERSION = 1.1.34.0
03-21 14:32:21.770  2768  2794 I VrRuntimeClient: VRDRIVER VERSION = 26.0.0.41.502
03-21 14:32:21.770  2768  2794 I VrRuntimeClient: APP NAME = ShellEnv
03-21 14:32:21.770  2768  2794 I VrRuntimeClient: APP VERSION = 26.0.0.40.502 versionCode 274980181 internalVersionName 26.0.0.40.502.1da17d6e3b32 2021_02_23_18_46
03-21 14:32:21.770  2768  2794 I VrRuntimeClient: APP VR TYPE = vr_only
03-21 14:32:21.770  2768  2794 I VrRuntimeClient: APP MODE TYPE = <none>
03-21 14:32:21.770  2768  2794 I VrRuntimeClient: APP PACKAGE NAME = com.oculus.shellenv
03-21 14:32:21.770  2768  2794 I VrRuntimeClient: APP ACTIVITY CLASS = com.oculus.shellenv.ShellEnvActivity
03-21 14:32:21.770  2768  2794 I Sensor  : OSSDKTRACKING Initializing head tracking
03-21 14:32:21.770  2768  2794 D OsSdk   : TrackingServiceConnection ctor
03-21 14:32:21.770  2768  2794 I Sensor  : OSSDKTRACKING Head tracker != nullpointer 0x786b9364b8, 1
03-21 14:32:21.770  2768  2794 I Sensor  : OSSDKTRACKING Initializing controller tracking
03-21 14:32:21.770  2768  2794 I Sensor  : OSSDKTRACKING Controller tracker != nullpointer 0x786b936e40, 1
03-21 14:32:21.770  2768  2794 D BatteryReceiver: Registering battery receiver
03-21 14:32:21.775  2809  6328 I chatty  : uid=10020(com.oculus.vrshell) OVRInput expire 4 lines
03-21 14:32:21.775   854  3863 I TrackingService: TrackingService::getSharedMemoryFileDescriptor
03-21 14:32:21.780   854  5869 I TrackingService: TrackingService::registerClient
03-21 14:32:21.782  2768  2794 D HeadsetReceiver: getCurrentHeadsetState: false
03-21 14:32:21.782  2768  2794 I DeviceStatus: nativeHeadsetEvent(0)
03-21 14:32:21.784   854  5869 I TrackingService: Registering client with TrackingServiceHost (com.oculus.vrshell#2809)
03-21 14:32:21.784  2768  2794 I LatencySequenceLogger: handPoseLatency0 - Logger reset. Session ID: 4676025619929337732
03-21 14:32:21.784  2768  2794 I LatencySequenceLogger: pointerPoseLatency0 - Logger reset. Session ID: -3442796724457030082
03-21 14:32:21.784  2768  2794 I LatencySequenceLogger: handPoseLatency1 - Logger reset. Session ID: 3449361854636688149
03-21 14:32:21.784  2768  2794 I LatencySequenceLogger: pointerPoseLatency1 - Logger reset. Session ID: -8860954442307868699
03-21 14:32:21.784  2768  2794 I LatencySequenceLogger: gfrLatency - Logger reset. Session ID: 5339712305518213648
03-21 14:32:21.784  2768  2794 I LatencySequenceLogger: trackedRemoteLatency0 - Logger reset. Session ID: -1957177992300887493
03-21 14:32:21.784  2768  2794 I LatencySequenceLogger: trackedRemoteLatency1 - Logger reset. Session ID: 5580399765679811802
03-21 14:32:21.784   854  5869 I TrackingService: Notifying client com.oculus.vrshell#2809 of new remote 8259f4a3211f5653
03-21 14:32:21.785   854  5869 I TrackingService: Notifying client com.oculus.vrshell#2809 of new remote 0f94d04d25999fcc
03-21 14:32:21.785   854  5869 I TrackingService: TrackingServiceHost GetSharedMemoryFileDescriptor for client com.oculus.vrshell#2809
03-21 14:32:21.785   854  5869 I TrackingService: TrackingServiceHost registered common client; there are 0 secure clients
03-21 14:32:21.785  2768  2794 I ClientInputInterface: DEADRECKONING SetControllerTrackingExtendedDeadreckoning 0
03-21 14:32:21.785  2768  2794 I InputHooks_Internal: Enabling Native Input Hooks
03-21 14:32:21.787  2768  2794 I InputDevice_TrackedRemote: OSSDKTRACKING Initializing Haptics
03-21 14:32:21.787  2768  2794 I InputDevice_TrackedRemote: OSSDKTRACKING Haptics != nullpointer 0x786b95a100, 1
03-21 14:32:21.787  2768  2794 I InputDevice_TrackedRemote: OSSDKTRACKING Initializing Haptics
03-21 14:32:21.787  2768  2794 I InputDevice_TrackedRemote: OSSDKTRACKING Haptics != nullpointer 0x786b95a180, 1
03-21 14:32:21.787  2768  2794 I InputDeviceManager: ovrInputDeviceManager::Initialize
03-21 14:32:21.787  2768  2794 I HandDataQuerier: OSSDKTRACKING Initializing HandsTracker
03-21 14:32:21.787  2768  2794 I HandDataQuerier: OSSDKTRACKING HandsTracker != nullpointer 0x785f891a80, 1
03-21 14:32:21.787  2768  2794 I HandDataQuerier: OSSDKTRACKING Initializing HandsTracker
03-21 14:32:21.787  2768  2794 I HandDataQuerier: OSSDKTRACKING HandsTracker != nullpointer 0x785f891d00, 1
03-21 14:32:21.787  2768  2794 I InputDeviceManager: HANDTRACKING packagename is com.oculus.shellenv
03-21 14:32:21.787  1794  4219 D VrRuntimeService: enableRendering: invalid clientWindow, testing uid/pid
03-21 14:32:21.787  1794  4219 D VrRuntimeService: enableRendering: 2809:com.oculus.vrshell: null enable: true
03-21 14:32:21.787  1794  4219 I ClientMgr: ClientMgr::EnableRendering 2809:com.oculus.vrshell : type 1 comp-id 5: enable
03-21 14:32:21.787  1794  4219 I TimeWarpClientMgr: Enable client 5
03-21 14:32:21.787  1794  4219 I VrRuntimeServer: EnableCompositorClient client(5): layer placement(2147483647) flags(0) sm(0x78f8110010)
03-21 14:32:21.787  1794  4219 I TimeWarp: CheckDebuggerConnected: debugger 0
03-21 14:32:21.787  1794  4219 I VrRuntimeServer: SysProp debug mode is disabled on Server side
03-21 14:32:21.798  1794  1794 D VrRuntimeService: onFocusedWindowChanged: focusedWindowToken=android.os.BinderProxy@b48366, focusedWindowUid=10020, focusedWindowPid=2809
03-21 14:32:21.798  1794  1794 D VrRuntimeService: onFocusedWindowChanged: found matching overlay client: 5
03-21 14:32:21.799  1794  4219 I UnifiedTelemetryWrapper: Started UT session render:com.oculus.vrshell:EnvOverlay
03-21 14:32:21.799  1794  1794 I ClientMgr: FocusedClient ID changed
03-21 14:32:21.799  1794  2944 I VrRuntimeService: GetSpecialSwapChain: 1053195453
03-21 14:32:21.799  1794  1794 I ClientMgr: ClientMgr::SetFocusedClient: 2809:com.oculus.vrshell type 1
03-21 14:32:21.799  1794  1794 I VrRuntimeService: RuntimeIPC: SendFocusChangeEventToAllClients: PostClientEvent SUCCESS: com.YourCompany.VRLego:com.YourCompany.VRLego:3979, com.oculus.vrshell, com.oculus.vrshell:EnvOverlay
03-21 14:32:21.799  1794  1794 I VrRuntimeService: RuntimeIPC: SendFocusChangeEventToAllClients: PostClientEvent SUCCESS: com.oculus.xrstreamingclient:com.oculus.xrstreamingclient:22262, com.oculus.vrshell, com.oculus.vrshell:EnvOverlay
03-21 14:32:21.799  1794  1794 W REFLECT : RuntimeIPC: ipc_PostClientEvent FAILED: FocusChangeEvent
03-21 14:32:21.799  1794  1794 W VrRuntimeService: RuntimeIPC: SendFocusChangeEventToAllClients: PostClientEvent FAILED: com.oculus.shellenv:com.oculus.shellenv:2768, com.oculus.vrshell, com.oculus.vrshell:EnvOverlay
03-21 14:32:21.799  1794  1794 I VrRuntimeService: RuntimeIPC: SendFocusChangeEventToAllClients: PostClientEvent SUCCESS: com.oculus.vrshell:com.oculus.vrshell:Overlay:2126, com.oculus.vrshell, com.oculus.vrshell:EnvOverlay
03-21 14:32:21.799  1794  1794 W REFLECT : RuntimeIPC: ipc_PostClientEvent FAILED: FocusChangeEvent
03-21 14:32:21.799  1794  1794 W VrRuntimeService: RuntimeIPC: SendFocusChangeEventToAllClients: PostClientEvent FAILED: com.oculus.vrshell:com.oculus.vrshell:2732, com.oculus.vrshell, com.oculus.vrshell:EnvOverlay
03-21 14:32:21.799  1794  1794 I VrRuntimeService: RuntimeIPC: SendFocusChangeEventToAllClients: PostClientEvent SUCCESS: com.oculus.guardian:com.oculus.vrguardianservice:2182, com.oculus.vrshell, com.oculus.vrshell:EnvOverlay
03-21 14:32:21.799  1794  1794 I VrRuntimeService: RuntimeIPC: SendFocusChangeEventToAllClients: PostClientEvent SUCCESS: com.oculus.vrshell:com.oculus.vrshell:EnvOverlay:2809, com.oculus.vrshell, com.oculus.vrshell:EnvOverlay
03-21 14:32:21.799  1794  2944 I VrRuntimeService: GetSpecialSwapChain: 1053195453
03-21 14:32:21.799  1794  6134 W TimeWarpClient: firstDisplayVsync outrageously early 169085, base 1215, flushing
03-21 14:32:21.799  1794  6134 W TimeWarp: Skipping layer 0 with invalid swapchain for client 5
03-21 14:32:21.800   727   727 I chatty  : uid=0(root) power@1.3-servi expire 2 lines
03-21 14:32:21.809   729 22206 I chatty  : uid=0(root) gadget@1.0-serv expire 38 lines
03-21 14:32:21.810  2809  6330 I chatty  : uid=10020(com.oculus.vrshell) OVR::Stats expire 3 lines
03-21 14:32:21.813  1794  6134 W TimeWarpClient: firstDisplayVsync outrageously early 169085, base 1216, flushing
03-21 14:32:21.813  1794  6134 W TimeWarp: Skipping layer 0 with invalid swapchain for client 5
03-21 14:32:21.820   717  2864 I audio_hw_primary: getting vr mode to 0
03-21 14:32:21.820   741 24096 I hash_map_utils: key: 'vr_audio_mode_on' value: ''
03-21 14:32:21.822   741 24096 I AudioPolicyManagerCustom: VR mode is 0, switch to primary output if request is for fast|raw
03-21 14:32:21.824   741 24096 W AudioFlinger: createTrack_l(): mismatch between requested flags (00000104) and output flags (00000006)
03-21 14:32:21.824   741 24096 D AudioFlinger: Client defaulted notificationFrames to 192 for frameCount 384
03-21 14:32:21.827  1794  6134 W TimeWarpClient: firstDisplayVsync outrageously early 169085, base 1217, flushing
03-21 14:32:21.827  1794  6134 W TimeWarp: Skipping layer 0 with invalid swapchain for client 5
03-21 14:32:21.828   741 24096 D AF::TrackHandle: OpPlayAudio: track:234 uid:10020 pkg:com.oculus.vrshell usage:1 not muted
03-21 14:32:21.830  2768  2794 I InputDeviceManager: HANDTRACKING: Manifest Permission request for com.oculus.shellenv
03-21 14:32:21.839  2768  2794 I InputDeviceManager: HANDTRACKING:  'com.oculus.shellenv' Is hands or controller.
03-21 14:32:21.839  2768  2794 I InputDeviceManager: HANDTRACKING: feature flag set to 2
03-21 14:32:21.839  2768  2794 I ClientInputInterface: HANDTRACKING sethandmanifest 2
03-21 14:32:21.839  2768  6329 I InputDevice_TrackedRemote: REMOTE: Hand=2 IndexAnalog=0.00 GripAnalog=0.00 Buttons=0x00000000
03-21 14:32:21.840  2768  6329 I InputDevice_TrackedRemote: REMOTE: Hand=1 IndexAnalog=0.00 GripAnalog=0.00 Buttons=0x00000000
03-21 14:32:21.840  2768  6329 I InputDeviceManager: HANDTRACKING Pose filter profile changed to: 0
03-21 14:32:21.840  2768  6329 I InputDeviceManager: HANDTRACKING Pose filter profile changed to: 0
03-21 14:32:21.841  1794  6134 W TimeWarpClient: firstDisplayVsync outrageously early 169085, base 1218, flushing
03-21 14:32:21.841  1794  6134 W TimeWarp: Skipping layer 0 with invalid swapchain for client 5
03-21 14:32:21.842  1032 10775 I MediaFocusControl: requestAudioFocus() from uid/pid 10020/2809 clientId=android.media.AudioManager@fec64e8com.oculus.vrshell.ShellAudioFocusHandler@1d5d701 callingPack=com.oculus.vrshell req=1 flags=0x0 sdk=27
03-21 14:32:21.853  1181  1181 V AvrcpMediaPlayerList: onPlaybackConfigChanged(): Configs list size=9
03-21 14:32:21.855   854  5869 I TrackingService: TrackingService::getSharedMemoryFileDescriptor
03-21 14:32:21.855  1794  6134 W TimeWarpClient: firstDisplayVsync outrageously early 169085, base 1219, flushing
03-21 14:32:21.855  1794  6134 W TimeWarp: Skipping layer 0 with invalid swapchain for client 5
03-21 14:32:21.858   854  3863 I TrackingService: TrackingService::registerClient
03-21 14:32:21.860   854  3863 I TrackingService: Registering client with TrackingServiceHost (com.oculus.shellenv#2768)
03-21 14:32:21.860   854  3863 I TrackingService: Notifying client com.oculus.shellenv#2768 of new remote 8259f4a3211f5653
03-21 14:32:21.860   854  3863 I TrackingService: Notifying client com.oculus.shellenv#2768 of new remote 0f94d04d25999fcc
03-21 14:32:21.860   854  3863 I TrackingService: TrackingServiceHost GetSharedMemoryFileDescriptor for client com.oculus.shellenv#2768
03-21 14:32:21.860   854  3863 I TrackingService: TrackingServiceHost registered common client; there are 0 secure clients
03-21 14:32:21.860  2768  2794 D OsSdk   : TrackingServiceConnection registered
03-21 14:32:21.860  2768  2794 I Distortion: Initializing Mesh Decenter Correction
03-21 14:32:21.861  2768  2794 I Distortion: EYE_DECENTER ipdMin 58.2762 left H: -7.5342 v: 5.6602  right  H: 2.6166 v: 4.3425
03-21 14:32:21.861  2768  2794 I Distortion: EYE_DECENTER ipdMid 63.0787 left H: 1.2193 v: 4.5948  right  H: 3.8357 v: 7.5525
03-21 14:32:21.861  2768  2794 I Distortion: EYE_DECENTER ipdMax 68.0786 left H: 1.2193 v: 3.5294  right  H: 3.8357 v: 6.4825
03-21 14:32:21.861  2768  2794 I Distortion: EYE_DECENTER PIXELS(4) left H: -1.2193 V: -4.5948  right H: -3.8357 V: -7.5525
03-21 14:32:21.861  2768  2794 I Distortion: EYE_DECENTER iad: 0.0632312, left H: -8.30274e-05 V: -0.000150939  right H: -8.30274e-05 V: -0.0002481
03-21 14:32:21.861  2768  2794 I Distortion: SetLensPositions - iad=0.0632312, left offset=-0.000167873,-0.00139924, right offset=1.81422e-06,-0.0014964
03-21 14:32:21.861  2768  2794 I Distortion: Initializing Mesh Decenter Correction
03-21 14:32:21.862  2768  2794 I Distortion: EYE_DECENTER ipdMin 58.2762 left H: -7.5342 v: 5.6602  right  H: 2.6166 v: 4.3425
03-21 14:32:21.862  2768  2794 I Distortion: EYE_DECENTER ipdMid 63.0787 left H: 1.2193 v: 4.5948  right  H: 3.8357 v: 7.5525
03-21 14:32:21.862  2768  2794 I Distortion: EYE_DECENTER ipdMax 68.0786 left H: 1.2193 v: 3.5294  right  H: 3.8357 v: 6.4825
03-21 14:32:21.862  2768  2794 I Distortion: EYE_DECENTER PIXELS(4) left H: -1.2193 V: -4.5948  right H: -3.8357 V: -7.5525
03-21 14:32:21.862  2768  2794 I Distortion: EYE_DECENTER iad: 0.0632312, left H: -8.30274e-05 V: -0.000150939  right H: -8.30274e-05 V: -0.0002481
03-21 14:32:21.862  2768  2794 I Distortion: SetLensPositions - iad=0.0632312, left offset=-0.000167873,-0.00139924, right offset=1.81422e-06,-0.0014964
03-21 14:32:21.863  2768  2794 I Distortion: Created custom distortion mesh.
03-21 14:32:21.863  2768  2794 I Distortion: ovrDistortionMeshHeader::magic = 0x56347807
03-21 14:32:21.863  2768  2794 I Distortion: ovrDistortionMeshHeader::deviceModel = 0x200
03-21 14:32:21.863  2768  2794 I Distortion: ovrDistortionMeshHeader::headsetModel = 0x104
03-21 14:32:21.863  2768  2794 I Distortion: ovrDistortionMeshHeader::eyeBlocksWide = 32
03-21 14:32:21.863  2768  2794 I Distortion: ovrDistortionMeshHeader::eyeBlocksHigh = 32
03-21 14:32:21.863  2768  2794 I Distortion: ovrDistortionMeshHeader::lensSeparationMeters = 0.063231
03-21 14:32:21.863  2768  2794 I Distortion: ovrDistortionMeshHeader::horizontalOffsetMeters = -0.000083
03-21 14:32:21.863  2768  2794 I Distortion: ovrDistortionMeshHeader::displayWidthMeters = 0.120362
03-21 14:32:21.863  2768  2794 I Distortion: ovrDistortionMeshHeader::displayHeightMeters = 0.063072
03-21 14:32:21.863  2768  2794 I Distortion: ovrDistortionMeshHeader::displayWidthPixels = 3664
03-21 14:32:21.863  2768  2794 I Distortion: ovrDistortionMeshHeader::displayHeightPixels = 1920
03-21 14:32:21.863  2768  2794 I Distortion: ovrDistortionMeshHeader::eyeTextureWidthPixels = 1440
03-21 14:32:21.863  2768  2794 I Distortion: ovrDistortionMeshHeader::eyeTextureHeightPixels = 1584
03-21 14:32:21.863  2768  2794 I Distortion: ovrDistortionMeshHeader::leftEye = up 48.000000 / down 50.000000 / left 49.000000 / right 45.000000
03-21 14:32:21.863  2768  2794 I Distortion: ovrDistortionMeshHeader::rightEye = up 48.000000 / down 50.000000 / left 45.000000 / right 49.000000
03-21 14:32:21.863  2768  2794 I VrApi   : ovrModeParms::VRAPI_MODE_FLAG_RESET_WINDOW_FULLSCREEN = 1
03-21 14:32:21.863  2768  2794 I VrApi   : ovrModeParms::VRAPI_MODE_FLAG_NATIVE_WINDOW = 1
03-21 14:32:21.863  2768  2794 I VrApi   : ovrModeParms::VRAPI_MODE_FLAG_FRONT_BUFFER_SRGB = 1
03-21 14:32:21.863  2768  2794 I VrApi   : ovrModeParms::VRAPI_MODE_FLAG_CREATE_CONTEXT_NO_ERROR = 0
03-21 14:32:21.863  2768  2794 I VrApi   : ovrModeParms::VRAPI_MODE_FLAG_PHASE_SYNC = 0
03-21 14:32:21.863  2768  2794 I VrApi   : ovrModeParms::VRAPI_MODE_FLAG_APP_SPACE_WARP = 0
03-21 14:32:21.863  2768  2794 I VrRuntimeClient: SetPhaseSyncMode 0
03-21 14:32:21.863  2768  2794 I VrApi   : PhaseSync disabled
03-21 14:32:21.863  2768  2794 I VrApi   : HMD sensor attached.
03-21 14:32:21.863  2768  2794 D VrRuntimeClient: pokeGuardianUserServiceForThisClient: com.oculus.shellenv:10054
03-21 14:32:21.869  1794  6134 W TimeWarpClient: firstDisplayVsync outrageously early 169085, base 1220, flushing
03-21 14:32:21.869  1794  6134 W TimeWarp: Skipping layer 0 with invalid swapchain for client 5
03-21 14:32:21.870  2182  2321 I VrGuardianService: GuardianSDKServer::SetGuardianCanPaint
03-21 14:32:21.898  2768  2794 D VrRuntimeClient: VrRuntimeClient: enableRendering: activity client
03-21 14:32:21.938  1794  6134 I TimeWarp: LatchWarpClients: Multiple Primary Clients detected. Skipping frames for 35
03-21 14:32:21.939  1794  6134 W TimeWarpClient: WarpToScreen: No completed frames to display for primary client 4. submittedFrameIndex = 1
03-21 14:32:21.939  1794  6134 W TimeWarpClient: firstDisplayVsync outrageously early 169085, base 1225, flushing
03-21 14:32:21.939  1794  6134 I TimeWarp: WarpToScreen: Skipping frames for 35
03-21 14:32:21.939  1794  6134 W TimeWarp: Skipping layer 0 with invalid swapchain for client 5
03-21 14:32:22.022  1794  6134 W TimeWarpClient: firstDisplayVsync outrageously early 169085, base 1231, flushing
03-21 14:32:22.022  1794  6134 I TimeWarp: WarpToScreen: Skipping frames for 35
03-21 14:32:22.022  1794  6134 W TimeWarp: Skipping layer 0 with invalid swapchain for client 5
03-21 14:32:22.034  1794  6134 W TimeWarpClient: firstDisplayVsync outrageously early 169085, base 1232, flushing
03-21 14:32:22.034  1794  6134 I TimeWarp: WarpToScreen: Skipping frames for 35
03-21 14:32:22.034  1794  6134 W TimeWarp: Skipping layer 0 with invalid swapchain for client 5
03-21 14:32:22.035  2024  7061 I LibraryProvider: running queryApp(com.oculus.explore) for com.oculus.vrshell
03-21 14:32:22.036  2768  2794 I VrApi   : Received ovrRuntime event 11
03-21 14:32:22.045  1794  6134 W TimeWarpClient: firstDisplayVsync outrageously early 169085, base 1233, flushing
03-21 14:32:22.045  1794  6134 I TimeWarp: WarpToScreen: Skipping frames for 35
03-21 14:32:22.045  1794  6134 W TimeWarp: Skipping layer 0 with invalid swapchain for client 5
03-21 14:32:22.049  1794  6134 I Vsync   : Vsync 1233:  1 x 13.92 ms (90.00 Hz, at 119550.033)
03-21 14:32:22.057   741 23062 D AF::RecordHandle: OpRecordAudio: track:162 uid:10032 pkg:com.oculus.xrstreamingclient usage:0 muted
03-21 14:32:22.059  1794  6134 W TimeWarpClient: firstDisplayVsync outrageously early 169085, base 1234, flushing
03-21 14:32:22.059  1794  6134 I TimeWarp: WarpToScreen: Skipping frames for 35
03-21 14:32:22.059  1794  6134 W TimeWarp: Skipping layer 0 with invalid swapchain for client 5
03-21 14:32:22.063  1794  6134 I Vsync   : Vsync 1234:  1 x 13.92 ms (90.00 Hz, at 119550.047)
03-21 14:32:22.073  1794  6134 W TimeWarpClient: firstDisplayVsync outrageously early 169085, base 1235, flushing
03-21 14:32:22.073  1794  6134 I TimeWarp: WarpToScreen: Skipping frames for 35
03-21 14:32:22.073  1794  6134 W TimeWarp: Skipping layer 0 with invalid swapchain for client 5
03-21 14:32:22.077  1794  6134 I Vsync   : Vsync 1235:  1 x 13.92 ms (90.00 Hz, at 119550.061)
03-21 14:32:22.087  1794  6134 W TimeWarpClient: firstDisplayVsync outrageously early 169085, base 1236, flushing
03-21 14:32:22.087  1794  6134 I TimeWarp: WarpToScreen: Skipping frames for 35
03-21 14:32:22.087  1794  6134 W TimeWarp: Skipping layer 0 with invalid swapchain for client 5
03-21 14:32:22.091  1794  6134 I Vsync   : Vsync 1236:  1 x 13.92 ms (90.00 Hz, at 119550.075)
03-21 14:32:22.095  1794  2177 I VrRuntimeService: DestroySwapChain: swapchain=625
03-21 14:32:22.101  1794  6134 W TimeWarpClient: firstDisplayVsync outrageously early 169085, base 1237, flushing
03-21 14:32:22.101  1794  6134 I TimeWarp: WarpToScreen: Skipping frames for 35
03-21 14:32:22.101  1794  6134 W TimeWarp: Skipping layer 0 with invalid swapchain for client 5
03-21 14:32:22.105  1794  6134 I Vsync   : Vsync 1237:  1 x 13.92 ms (90.00 Hz, at 119550.089)
03-21 14:32:22.106  1794  2177 I VrRuntimeService: DestroySwapChain: swapchain=624
03-21 14:32:22.106  1794  2177 I VrRuntimeService: DestroySwapChain: swapchain=623
03-21 14:32:22.115  1794  6134 W TimeWarpClient: firstDisplayVsync outrageously early 169085, base 1238, flushing
03-21 14:32:22.115  1794  6134 I TimeWarp: WarpToScreen: Skipping frames for 35
03-21 14:32:22.115  1794  6134 W TimeWarp: Skipping layer 0 with invalid swapchain for client 5
03-21 14:32:22.118  1794  6134 I Vsync   : Vsync 1238:  1 x 13.92 ms (90.00 Hz, at 119550.103)
03-21 14:32:22.121   684   684 I chatty  : uid=0(root) main expire 1 line
03-21 14:32:22.127  1794  2862 I VrRuntimeService: CreateAndroidSurfaceSwapChain: 3367516926
03-21 14:32:22.127  1794  2862 I VrRuntimeService: CreateAndroidSurfaceSwapChain: 131072 1 32856 1 1 1 1 1 0 0
03-21 14:32:22.127  1794  2862 I VrRuntimeServer: CreateAndroidSurfaceSwapChain: result surface 0x78a4b6f000
03-21 14:32:22.129  1794  6134 W TimeWarpClient: firstDisplayVsync outrageously early 169085, base 1239, flushing
03-21 14:32:22.129  1794  6134 I TimeWarp: WarpToScreen: Skipping frames for 35
03-21 14:32:22.129  1794  6134 W TimeWarp: Skipping layer 0 with invalid swapchain for client 5
03-21 14:32:22.129   729 22206 I chatty  : uid=0(root) gadget@1.0-serv expire 10 lines
03-21 14:32:22.130  1794  2862 I VrRuntimeService: CreateAndroidSurfaceSwapChain: 3367516926
03-21 14:32:22.130  1794  2862 I VrRuntimeService: CreateAndroidSurfaceSwapChain: 131072 1 32856 1 1 1 1 1 0 0
03-21 14:32:22.130  1794  2862 I VrRuntimeServer: CreateAndroidSurfaceSwapChain: result surface 0x78a4b8b000
03-21 14:32:22.132  1794  6134 I Vsync   : Vsync 1239:  1 x 13.92 ms (90.00 Hz, at 119550.117)
03-21 14:32:22.134  1794  2862 I VrRuntimeService: CreateAndroidSurfaceSwapChain: 3367516926
03-21 14:32:22.134  1794  2862 I VrRuntimeService: CreateAndroidSurfaceSwapChain: 131072 1 32856 1 1 1 1 1 0 0
03-21 14:32:22.134  1794  2862 I VrRuntimeServer: CreateAndroidSurfaceSwapChain: result surface 0x78a4ba4000
03-21 14:32:22.143  1794  6134 W TimeWarpClient: firstDisplayVsync outrageously early 169085, base 1240, flushing
03-21 14:32:22.143  1794  6134 I TimeWarp: WarpToScreen: Skipping frames for 35
03-21 14:32:22.143  1794  6134 W TimeWarp: Skipping layer 0 with invalid swapchain for client 5
03-21 14:32:22.146  1794  6134 I Vsync   : Vsync 1240:  1 x 13.92 ms (90.00 Hz, at 119550.131)
03-21 14:32:22.156  1794  6134 W TimeWarpClient: firstDisplayVsync outrageously early 169085, base 1241, flushing
03-21 14:32:22.157  1794  6134 I TimeWarp: WarpToScreen: Skipping frames for 35
03-21 14:32:22.157  1794  6134 W TimeWarp: Skipping layer 0 with invalid swapchain for client 5
03-21 14:32:22.160  1794  6134 I Vsync   : Vsync 1241:  1 x 13.92 ms (90.00 Hz, at 119550.145)
03-21 14:32:22.166   682   936 I chatty  : uid=0(root) Binder:682_4 expire 1 line
03-21 14:32:22.168  1032  1060 I ActivityManager: Start proc 6338:com.oculus.explore:explore/u0a71 for service {com.oculus.explore/com.oculus.explore.PanelService}
03-21 14:32:22.170  1794  6134 W TimeWarpClient: firstDisplayVsync outrageously early 169085, base 1242, flushing
03-21 14:32:22.170  1794  6134 I TimeWarp: WarpToScreen: Skipping frames for 35
03-21 14:32:22.170  1794  6134 W TimeWarp: Skipping layer 0 with invalid swapchain for client 5
03-21 14:32:22.174  6338  6338 W main    : type=1400 audit(0.0:16246): avc: granted { read } for name="u:object_r:net_dns_prop:s0" dev="tmpfs" ino=14918 scontext=u:r:untrusted_app_25:s0:c512,c768 tcontext=u:object_r:net_dns_prop:s0 tclass=file
03-21 14:32:22.174  1794  6134 I Vsync   : Vsync 1242:  1 x 13.92 ms (90.00 Hz, at 119550.159)
03-21 14:32:22.174  2024  2036 I com.oculus.ocm: Background young concurrent copying GC freed 5675(548KB) AllocSpace objects, 4(80KB) LOS objects, 17% free, 2638KB/3180KB, paused 70us total 254.202ms
03-21 14:32:22.179   729 22206 I chatty  : uid=0(root) gadget@1.0-serv expire 5 lines
03-21 14:32:22.184  1794  6134 W TimeWarpClient: firstDisplayVsync outrageously early 169085, base 1243, flushing
03-21 14:32:22.184  1794  6134 I TimeWarp: WarpToScreen: Skipping frames for 35
03-21 14:32:22.184  1794  6134 W TimeWarp: Skipping layer 0 with invalid swapchain for client 5
03-21 14:32:22.188  1794  6134 I Vsync   : Vsync 1243:  1 x 13.92 ms (90.00 Hz, at 119550.172)
03-21 14:32:22.190  1794  2944 I VrRuntimeService: RuntimeServiceSDKServer::GetGuardianPolygon
03-21 14:32:22.190  1794  2944 I VrRuntimeService: RuntimeServiceSDKServer::GetGuardianStationaryInfo
03-21 14:32:22.190  1794  2944 I VrRuntimeService: RuntimeServiceSDKServer::GetGuardianSystemState: 1053195453
03-21 14:32:22.190  2182  2940 I VrGuardianService: GuardianSDKServer::SetGuardianRenderMode
03-21 14:32:22.191  1794  2224 I VrRuntimeService: RuntimeServiceSDKServer::SetGuardianStationaryInfo: 3885101537
03-21 14:32:22.193   682  6349 I chatty  : uid=0(root) Binder:682_3 expire 1 line
03-21 14:32:22.193  2182  2940 I VrGuardianService: GuardianSDKServer::SetGuardianCanPaint
03-21 14:32:22.194   682   936 I chatty  : uid=0(root) Binder:682_4 expire 3 lines
03-21 14:32:22.198  1794  6134 W TimeWarpClient: firstDisplayVsync outrageously early 169085, base 1244, flushing
03-21 14:32:22.198  1794  6134 I TimeWarp: WarpToScreen: Skipping frames for 35
03-21 14:32:22.198  1794  6134 W TimeWarp: Skipping layer 0 with invalid swapchain for client 5
03-21 14:32:22.199   729 22206 I chatty  : uid=0(root) gadget@1.0-serv expire 15 lines
03-21 14:32:22.201  2809  6351 I chatty  : uid=10020(com.oculus.vrshell) FenceChecker expire 1 line
03-21 14:32:22.202  1794  6134 I Vsync   : Vsync 1244:  1 x 13.92 ms (90.00 Hz, at 119550.186)
03-21 14:32:22.205  1794  2944 I VrRuntimeService: RuntimeServiceSDKServer::GetGuardianPolygon
03-21 14:32:22.206  1794  2944 I VrRuntimeService: RuntimeServiceSDKServer::GetGuardianStationaryInfo
03-21 14:32:22.206  1794  2944 I VrRuntimeService: RuntimeServiceSDKServer::GetGuardianSystemState: 1053195453
03-21 14:32:22.207  2768  2794 I VrApi   : vrapi_SetDisplayRefreshRate: display refresh rate supported 90.000000
03-21 14:32:22.211   741 23062 D AF::TrackHandle: OpPlayAudio: track:57 uid:10054 pkg:com.oculus.shellenv usage:1 not muted
03-21 14:32:22.212  1794  6134 I TimeWarp: WarpToScreen: Skipping frames for 35
03-21 14:32:22.214  2024 11913 I LibraryProvider: running queryApp(com.oculus.explore) for com.oculus.vrshell
03-21 14:32:22.338  1794  6134 I TimeWarp: WarpToScreen: Skipping frames for 35
03-21 14:32:22.342  1794  6134 I Vsync   : Vsync 1255:  2 x 11.14 ms (89.97 Hz, at 119550.327)
03-21 14:32:22.349  1794  6134 I TimeWarp: WarpToScreen: Skipping frames for 35
03-21 14:32:22.371  1794  6134 I TimeWarp: WarpToScreen: Skipping frames for 35
03-21 14:32:22.382  1794  6134 I TimeWarp: WarpToScreen: Skipping frames for 35
03-21 14:32:22.388   741  1225 D AF::RecordHandle: OpRecordAudio: track:162 uid:10032 pkg:com.oculus.xrstreamingclient usage:0 muted
03-21 14:32:22.459  1794  2177 I VrRuntimeService: CreateAndroidSurfaceSwapChain: 816704108
03-21 14:32:22.459  1794  2177 I VrRuntimeService: CreateAndroidSurfaceSwapChain: 65536 1 32856 1 1 1 1 1 0 0
03-21 14:32:22.459  1794  2177 I VrRuntimeServer: CreateAndroidSurfaceSwapChain: result surface 0x78a4d40000
03-21 14:32:22.460  1794  6134 I TimeWarp: WarpToScreen: Skipping frames for 35
03-21 14:32:22.463   682   936 I chatty  : uid=0(root) Binder:682_4 expire 1 line
03-21 14:32:22.463   677   677 D PreferencesService: PreferencesListener DeathNotifier destruct ... 
03-21 14:32:22.470   729 22206 I chatty  : uid=0(root) gadget@1.0-serv expire 26 lines
03-21 14:32:22.471  1794  6134 I TimeWarp: WarpToScreen: Skipping frames for 35
03-21 14:32:22.482  1794  6134 I TimeWarp: WarpToScreen: Skipping frames for 35
03-21 14:32:22.491  6338  6338 D ApplicationLoaders: Returning zygote-cached class loader: /system/framework/android.hidl.base-V1.0-java.jar
03-21 14:32:22.491  6338  6338 D ApplicationLoaders: Returning zygote-cached class loader: /system/framework/android.hidl.manager-V1.0-java.jar
03-21 14:32:22.491  6338  6338 D ApplicationLoaders: Returning zygote-cached class loader: /system/framework/android.hidl.base-V1.0-java.jar
03-21 14:32:22.492  6338  6338 I explore:explor: The ClassLoaderContext is a special shared library.
03-21 14:32:22.492  1032  6489 I DisplayManagerService: Display device removed: DisplayDeviceInfo{"com.oculus.android_panel_app.AndroidPanelLayer-tablet": uniqueId="virtual:com.oculus.systemux,10026,com.oculus.android_panel_app.AndroidPanelLayer-tablet,0", 960 x 425, modeId 267, defaultModeId 267, supportedModes [{id=267, width=960, height=425, fps=60.0}], colorMode 0, supportedColorModes [0], HdrCapabilities null, density 200, 200.0 x 200.0 dpi, appVsyncOff 0, presDeadline 16666666, touch NONE, rotation 0, type VIRTUAL, state ON, owner com.oculus.systemux (uid 10026), FLAG_PRIVATE, FLAG_NEVER_BLANK, FLAG_OWN_CONTENT_ONLY}
03-21 14:32:22.494  1794  6134 I TimeWarp: WarpToScreen: Skipping frames for 35
03-21 14:32:22.504  1032  1058 I ActivityTaskManager: Displayed com.oculus.shellenv/.ShellEnvActivity: +348ms
03-21 14:32:22.505  1794  6134 I TimeWarp: WarpToScreen: Skipping frames for 35
03-21 14:32:22.509  2024  7061 W LibraryProvider: Cannot find entitlement for com.oculus.shellenv
03-21 14:32:22.510  1939  1939 W OVRLibrary: null cursor received for query content://com.oculus.ocms.library/apps/com.oculus.shellenv
03-21 14:32:22.510  1939  1939 I PlatformPlugin: [PlatformPluginManager] SetSystemVoipPassthrough 0
03-21 14:32:22.510  1939  1939 E OVRPlatform: [PartiesAPI] ovr_Party_PluginGetSharedMemHandle: This function is deprecated, do not use
03-21 14:32:22.516  1794  6134 I TimeWarp: WarpToScreen: Skipping frames for 35
03-21 14:32:22.527  1794  6134 I TimeWarp: WarpToScreen: Skipping frames for 35
03-21 14:32:22.534  2024 11913 I LibraryStorage: Successfully saved 1 entitlements. Total entitlements in LRU cache: 20. Notifying: 1
03-21 14:32:22.534  2024 11913 I LibraryStorage: notifying: content://com.oculus.ocms.library/apps/com.oculus.explore
03-21 14:32:22.538  1794  6134 I TimeWarp: WarpToScreen: Skipping frames for 35
03-21 14:32:22.539  6338  6338 D AccessTokenForwarder: Constructed
03-21 14:32:22.539  6338  6338 D SoLoader: init start
03-21 14:32:22.539  6338  6338 D SoLoader: adding system library source: /vendor/lib
03-21 14:32:22.540  6338  6338 D SoLoader: adding system library source: /system/lib
03-21 14:32:22.540  6338  6338 D SoLoader: adding backup source from : com.facebook.soloader.ApkSoSource[root = /data/data/com.oculus.explore/lib-main flags = 1]
03-21 14:32:22.540  6338  6338 D SoLoader: Preparing SO source: com.facebook.soloader.DirectorySoSource[root = /system/lib flags = 2]
03-21 14:32:22.540  6338  6338 D SoLoader: Preparing SO source: com.facebook.soloader.DirectorySoSource[root = /vendor/lib flags = 2]
03-21 14:32:22.540  6338  6338 D SoLoader: Preparing SO source: com.facebook.soloader.ApkSoSource[root = /data/data/com.oculus.explore/lib-main flags = 1]
03-21 14:32:22.540  6338  6338 V fb-UnpackingSoSource: locked dso store /data/user/0/com.oculus.explore/lib-main
03-21 14:32:22.542  6338  6338 I fb-UnpackingSoSource: dso store is up-to-date: /data/user/0/com.oculus.explore/lib-main
03-21 14:32:22.542  6338  6338 V fb-UnpackingSoSource: releasing dso store lock for /data/user/0/com.oculus.explore/lib-main
03-21 14:32:22.542  6338  6338 D SoLoader: init finish: 3 SO sources prepared
03-21 14:32:22.542  6338  6338 D SoLoader: init exiting
03-21 14:32:22.542  6338  6338 D UnifiedTelemetryLogger: UnifiedTelemetryLogger instance created
03-21 14:32:22.544  6338  6338 W explore:explore: type=1400 audit(0.0:16247): avc: granted { execute } for path="/data/data/com.oculus.explore/lib-main/libc++_shared.so" dev="dm-6" ino=16818 scontext=u:r:untrusted_app_25:s0:c512,c768 tcontext=u:object_r:app_data_file:s0:c512,c768 tclass=file
03-21 14:32:22.544  6338  6338 W explore:explore: type=1400 audit(0.0:16248): avc: granted { execute } for path="/data/data/com.oculus.explore/lib-main/libfbjni.so" dev="dm-6" ino=6476 scontext=u:r:untrusted_app_25:s0:c512,c768 tcontext=u:object_r:app_data_file:s0:c512,c768 tclass=file
03-21 14:32:22.544  6338  6338 D UnifiedTelemetryLogger: binding with UnifiedTelemetryService
03-21 14:32:22.545  6338  6338 D SoLoader: About to load: libfbjni.so
03-21 14:32:22.545  6338  6338 D SoLoader: libfbjni.so found on /data/data/com.oculus.explore/lib-main
03-21 14:32:22.548  6338  6338 D SoLoader: Loading lib dependencies: [liblog.so, libc++_shared.so, libm.so, libdl.so, libc.so]
03-21 14:32:22.548  6338  6338 D SoLoader: About to load: liblog.so
03-21 14:32:22.548  6338  6338 D SoLoader: liblog.so not found on /data/data/com.oculus.explore/lib-main
03-21 14:32:22.548  6338  6338 D SoLoader: liblog.so not found on /vendor/lib
03-21 14:32:22.548  6338  6338 D SoLoader: liblog.so found on /system/lib
03-21 14:32:22.548  6338  6338 D SoLoader: liblog.so loaded implicitly
03-21 14:32:22.548  6338  6338 D SoLoader: Loaded: liblog.so
03-21 14:32:22.548  6338  6338 D SoLoader: About to load: libc++_shared.so
03-21 14:32:22.548  6338  6338 D SoLoader: libc++_shared.so found on /data/data/com.oculus.explore/lib-main
03-21 14:32:22.549  6338  6338 D SoLoader: Loading lib dependencies: [libc.so, libdl.so]
03-21 14:32:22.549  6338  6338 D SoLoader: About to load: libc.so
03-21 14:32:22.549  6338  6338 D SoLoader: libc.so not found on /data/data/com.oculus.explore/lib-main
03-21 14:32:22.549  1794  6134 I TimeWarp: WarpToScreen: Skipping frames for 35
03-21 14:32:22.549  6338  6338 D SoLoader: libc.so not found on /vendor/lib
03-21 14:32:22.549  6338  6338 D SoLoader: libc.so found on /system/lib
03-21 14:32:22.549  6338  6338 D SoLoader: libc.so loaded implicitly
03-21 14:32:22.550  6338  6338 D SoLoader: Loaded: libc.so
03-21 14:32:22.550  6338  6338 D SoLoader: About to load: libdl.so
03-21 14:32:22.550  6338  6338 D SoLoader: libdl.so not found on /data/data/com.oculus.explore/lib-main
03-21 14:32:22.550  6338  6338 D SoLoader: libdl.so not found on /vendor/lib
03-21 14:32:22.550  6338  6338 D SoLoader: libdl.so found on /system/lib
03-21 14:32:22.550  6338  6338 D SoLoader: libdl.so loaded implicitly
03-21 14:32:22.550  6338  6338 D SoLoader: Loaded: libdl.so
03-21 14:32:22.553  6338  6338 D SoLoader: Loaded: libc++_shared.so
03-21 14:32:22.553  6338  6338 D SoLoader: About to load: libm.so
