03-21 14:32:23.173  1794  6134 I TimeWarp: WarpToScreen: Skipping frames for 35
03-21 14:32:23.173  6338  6414 I AsyncFonts: AsyncFonts::Start
03-21 14:32:23.175  6338  6385 I RCTVR   : AsyncLocalStorage '/data/user/0/com.oculus.explore/files'
03-21 14:32:23.176  6338  6385 I RCTJavaModule: Registered 19 native Java modules: GraphQLPrefetch, PanelCookiesModule, AccountLinkingModule, AppLaunchModule, AuthModule, DeviceConfigModule, DeviceEnvironmentModule, DialogsModule, ExploreServiceModule, GateKeepers, InputDeviceModule, LibraryModule, PartyCallsManagerModule, QuickExperimentsModule, QuickPromotionModule, SettingsManagerModule, Social, SystemTooltipModule, ToasterModule.
03-21 14:32:23.176  6338  6385 I OCPlatformModule: timestamp request accesstoken
03-21 14:32:23.176  6338  6385 I RCTVR   : [TIMESTAMP] : ReactPlayer_InitReactNativeContext_End : 119551.160458318001
03-21 14:32:23.176  6338  6385 I RCTVR   : [TIMESTAMP] : ReactPlayer_LoadBundle_Start : 119551.160603422002
03-21 14:32:23.176  6338  6385 I RCTVR   : ReactPlayer: start loading bundle
03-21 14:32:23.176  6338  6385 I ReactNativeContext: ReactNativeExec: Signal
03-21 14:32:23.176  6338  6407 V ReactNativeExecutorHermes: WaitForNativeModules: Finished
03-21 14:32:23.177  6338  6414 I AsyncFonts: AsyncFonts::Complete
03-21 14:32:23.177  6338  6385 I ReactPanelApp: Init()
03-21 14:32:23.177  6338  6385 I ReactPanelApp: ANativeWindow_setBuffersGeometry()
03-21 14:32:23.178  6338  6385 I AdrenoGLES-0: QUALCOMM build                   : 09c6a36, I5e696c022b
03-21 14:32:23.178  6338  6385 I AdrenoGLES-0: Build Date                       : 12/07/20
03-21 14:32:23.178  6338  6385 I AdrenoGLES-0: OpenGL ES Shader Compiler Version: EV031.35.01.02
03-21 14:32:23.178  6338  6385 I AdrenoGLES-0: Local Branch                     : 
03-21 14:32:23.178  6338  6385 I AdrenoGLES-0: Remote Branch                    : refs/tags/AU_LINUX_ANDROID_LA.UM.8.12.R1.10.00.00.561.144
03-21 14:32:23.178  6338  6385 I AdrenoGLES-0: Remote Branch                    : NONE
03-21 14:32:23.178  6338  6385 I AdrenoGLES-0: Reconstruct Branch               : NOTHING
03-21 14:32:23.178  6338  6385 I AdrenoGLES-0: Build Config                     : S P 8.0.12 AArch32
03-21 14:32:23.178  6338  6385 I AdrenoGLES-0: Driver Path                      : /vendor/lib/egl/libGLESv2_adreno.so
03-21 14:32:23.182  6338  6415 I OVR_MemBuffer: Couldn't open assets/audio/sound_def.json: No such file or directory
03-21 14:32:23.182  6338  6407 I JniUtils: Using caller's JNIEnv
03-21 14:32:23.182  6338  6382 D APIInterceptor: intercept original headers:
03-21 14:32:23.182  6338  6382 D APIInterceptor: Content-Type: application/x-www-form-urlencoded
03-21 14:32:23.182  6338  6382 D APIInterceptor: Content-Length: 331
03-21 14:32:23.182  6338  6382 D APIInterceptor: Host: graph.oculus.com
03-21 14:32:23.182  6338  6382 D APIInterceptor: Connection: Keep-Alive
03-21 14:32:23.182  6338  6382 D APIInterceptor: Accept-Encoding: gzip
03-21 14:32:23.182  6338  6382 D APIInterceptor: User-Agent: okhttp/3.12.2
03-21 14:32:23.183  6338  6384 D APIInterceptor: intercept original headers:
03-21 14:32:23.183  6338  6384 D APIInterceptor: Content-Type: application/x-www-form-urlencoded
03-21 14:32:23.183  6338  6384 D APIInterceptor: Content-Length: 155
03-21 14:32:23.183  6338  6384 D APIInterceptor: Host: graph.oculus.com
03-21 14:32:23.183  6338  6384 D APIInterceptor: Connection: Keep-Alive
03-21 14:32:23.183  6338  6384 D APIInterceptor: Accept-Encoding: gzip
03-21 14:32:23.183  6338  6384 D APIInterceptor: User-Agent: okhttp/3.12.2
03-21 14:32:23.183  6338  6383 D APIInterceptor: intercept original headers:
03-21 14:32:23.184  6338  6338 W Hermes  : type=1400 audit(0.0:16253): avc: denied { read } for name="u:object_r:serialno_prop:s0" dev="tmpfs" ino=14935 scontext=u:r:untrusted_app_25:s0:c512,c768 tcontext=u:object_r:serialno_prop:s0 tclass=file permissive=0
03-21 14:32:23.184  6338  6383 D APIInterceptor: Content-Type: application/x-www-form-urlencoded
03-21 14:32:23.184  6338  6383 D APIInterceptor: Content-Length: 170
03-21 14:32:23.184  6338  6383 D APIInterceptor: Host: graph.oculus.com
03-21 14:32:23.184  6338  6383 D APIInterceptor: Connection: Keep-Alive
03-21 14:32:23.184  6338  6383 D APIInterceptor: Accept-Encoding: gzip
03-21 14:32:23.184  6338  6383 D APIInterceptor: User-Agent: okhttp/3.12.2
03-21 14:32:23.184  1794  6134 I TimeWarp: WarpToScreen: Skipping frames for 35
03-21 14:32:23.187  6338  6407 I JniUtils: Using caller's JNIEnv
03-21 14:32:23.188  6338  6407 I JniUtils: Using caller's JNIEnv
03-21 14:32:23.188  6338  6407 E libc    : Access denied finding property "ro.serialno"
03-21 14:32:23.188   729 22206 I android.hardware.usb.gadget@1.0-service-ovr: event=1 on fd=7
03-21 14:32:23.189   729 22206 I android.hardware.usb.gadget@1.0-service-ovr: event=1 on fd=7
03-21 14:32:23.189  6338  6385 I AdrenoGLES-0: PFP: 0x016dd093, ME: 0x00000000
03-21 14:32:23.189   729 22206 I android.hardware.usb.gadget@1.0-service-ovr: event=1 on fd=7
03-21 14:32:23.194  6338  6338 W .oculus.com/...: type=1400 audit(0.0:16254): avc: denied { read } for name="u:object_r:serialno_prop:s0" dev="tmpfs" ino=14935 scontext=u:r:untrusted_app_25:s0:c512,c768 tcontext=u:object_r:serialno_prop:s0 tclass=file permissive=0
03-21 14:32:23.194  6338  6338 W .oculus.com/...: type=1400 audit(0.0:16255): avc: denied { read } for name="u:object_r:serialno_prop:s0" dev="tmpfs" ino=14935 scontext=u:r:untrusted_app_25:s0:c512,c768 tcontext=u:object_r:serialno_prop:s0 tclass=file permissive=0
03-21 14:32:23.195  1794  6134 I TimeWarp: WarpToScreen: Skipping frames for 35
03-21 14:32:23.195  2024  2040 I LibraryProvider: running queryApp(com.oculus.explore) for com.oculus.uid:10031
03-21 14:32:23.199   729 22206 I android.hardware.usb.gadget@1.0-service-ovr: event=1 on fd=7
03-21 14:32:23.201   729 22206 I android.hardware.usb.gadget@1.0-service-ovr: event=1 on fd=7
03-21 14:32:23.201  6338  6382 E libc    : Access denied finding property "ro.serialno"
03-21 14:32:23.202  6338  6384 E libc    : Access denied finding property "ro.serialno"
03-21 14:32:23.205  6338  6384 D APIInterceptor: intercept modified headers:
03-21 14:32:23.205  6338  6384 D APIInterceptor: Content-Type: application/x-www-form-urlencoded
03-21 14:32:23.205  6338  6384 D APIInterceptor: Content-Length: 155
03-21 14:32:23.205  6338  6384 D APIInterceptor: Host: graph.oculus.com
03-21 14:32:23.205  6338  6384 D APIInterceptor: Connection: Keep-Alive
03-21 14:32:23.205  6338  6384 D APIInterceptor: Accept-Encoding: gzip
03-21 14:32:23.205  6338  6384 D APIInterceptor: X-Build-Model: Oculus Quest 2
03-21 14:32:23.205  6338  6384 D APIInterceptor: X-OC-VrShell-Build-Name: 26.0.0.40.502
03-21 14:32:23.206  6338  6384 D APIInterceptor: X-Build-Version-Incremental: 14624000073600000
03-21 14:32:23.206  6338  6384 D APIInterceptor: X-OC-Selected-Headset-Serial: 1WMHH845BU0516
03-21 14:32:23.206  6338  6384 D APIInterceptor: User-Agent: Dalvik/2.1.0 (Linux; U; Android 10; Quest 2 Build/QQ3A.200805.001) [FBAN/OculusExplore;FBAV/101.0.0.4.199;FBDV/Quest 2;FBCR/null;FBLC/en_US;FBSV/10;FBBR/hollywood;FBBD/oculus;FBBV/311000234;FBCA/armeabi-v7a:armeabi;FBMF/Oculus;FBPN/com.oculus.explore;]
03-21 14:32:23.206  6338  6384 D APIInterceptor: Accept-Language: en_US
03-21 14:32:23.206  6338  6384 D APIInterceptor: X-ANDROID-ID: c12cfd58b212484b
03-21 14:32:23.206  6338  6384 D APIInterceptor: X-Build-Number: 311000234
03-21 14:32:23.206  6338  6382 D APIInterceptor: intercept modified headers:
03-21 14:32:23.206  6338  6382 D APIInterceptor: Content-Type: application/x-www-form-urlencoded
03-21 14:32:23.206  6338  6382 D APIInterceptor: Content-Length: 331
03-21 14:32:23.206  6338  6382 D APIInterceptor: Host: graph.oculus.com
03-21 14:32:23.206  6338  6382 D APIInterceptor: Connection: Keep-Alive
03-21 14:32:23.206  6338  6382 D APIInterceptor: Accept-Encoding: gzip
03-21 14:32:23.206  6338  6382 D APIInterceptor: X-Build-Model: Oculus Quest 2
03-21 14:32:23.206  6338  6382 D APIInterceptor: X-OC-VrShell-Build-Name: 26.0.0.40.502
03-21 14:32:23.206  6338  6382 D APIInterceptor: X-Build-Version-Incremental: 14624000073600000
03-21 14:32:23.206  6338  6382 D APIInterceptor: X-OC-Selected-Headset-Serial: 1WMHH845BU0516
03-21 14:32:23.206  6338  6382 D APIInterceptor: User-Agent: Dalvik/2.1.0 (Linux; U; Android 10; Quest 2 Build/QQ3A.200805.001) [FBAN/OculusExplore;FBAV/101.0.0.4.199;FBDV/Quest 2;FBCR/null;FBLC/en_US;FBSV/10;FBBR/hollywood;FBBD/oculus;FBBV/311000234;FBCA/armeabi-v7a:armeabi;FBMF/Oculus;FBPN/com.oculus.explore;]
03-21 14:32:23.206  6338  6382 D APIInterceptor: Accept-Language: en_US
03-21 14:32:23.206  6338  6382 D APIInterceptor: X-ANDROID-ID: c12cfd58b212484b
03-21 14:32:23.206  6338  6382 D APIInterceptor: X-Build-Number: 311000234
03-21 14:32:23.206  6338  6385 I ReactPanelApp: GLES3::LoadGLFunctions()
03-21 14:32:23.206  6338  6407 I JniUtils: Using caller's JNIEnv
03-21 14:32:23.206  1794  6134 I TimeWarp: WarpToScreen: Skipping frames for 35
03-21 14:32:23.207  6338  6407 I JniUtils: Using caller's JNIEnv
03-21 14:32:23.208  6338  6407 I RCTVR   : GetDictionaryForFBTCode en_US en-US
03-21 14:32:23.208  6338  6407 I OVR_MemBuffer: Couldn't open assets/en_US.json: No such file or directory
03-21 14:32:23.208  6338  6407 I PackageFiles: File 'assets/en_US.json' not found in zip file '/data/app/com.oculus.explore-DXGNvz2-aGKfChI2ncpcwA==/base.apk'!
03-21 14:32:23.208  6338  6407 I RCTVR   : Failed to load url 'assets/en_US.json'
03-21 14:32:23.208  6338  6407 I JniUtils: Using caller's JNIEnv
03-21 14:32:23.209   729 22206 I android.hardware.usb.gadget@1.0-service-ovr: event=1 on fd=7
03-21 14:32:23.209   729 22206 I android.hardware.usb.gadget@1.0-service-ovr: event=1 on fd=7
03-21 14:32:23.210  6338  6407 I JniUtils: Using caller's JNIEnv
03-21 14:32:23.210  6338  6407 I ReactNativeExecutorHermes: Timestamp- markerPoint: 119551194
03-21 14:32:23.211  6338  6407 I RCTVR_HERMES: [info]: GraphQL response cache is enabled
03-21 14:32:23.214  6338  6338 W .oculus.com/...: type=1400 audit(0.0:16256): avc: denied { read } for name="u:object_r:serialno_prop:s0" dev="tmpfs" ino=14935 scontext=u:r:untrusted_app_25:s0:c512,c768 tcontext=u:object_r:serialno_prop:s0 tclass=file permissive=0
03-21 14:32:23.216  6338  6407 I JniUtils: Using caller's JNIEnv
03-21 14:32:23.217  6338  6407 I RCTVR_HERMES: [info]: QuickExperiments.initialize with options:
03-21 14:32:23.217  6338  6407 I RCTVR_HERMES: [info]: { useNativeQEModule: true }
03-21 14:32:23.218  1794  6134 I TimeWarp: WarpToScreen: Skipping frames for 35
03-21 14:32:23.218  6338  6407 V RCTVR   : [TIMESTAMP] : HermesReady : 119551.202532380994
03-21 14:32:23.219   729 22206 I android.hardware.usb.gadget@1.0-service-ovr: event=1 on fd=7
03-21 14:32:23.219  6338  6407 I RCTVR   : Failed to read file from package assets/src/utils/intl-locale-data/en-US.bcbundle
03-21 14:32:23.219  6338  6407 W RCTVR_HERMES: Failed to load bundle for execution: apk:///assets/src/utils/intl-locale-data/en-US.bcbundle
03-21 14:32:23.220  6338  6383 E libc    : Access denied finding property "ro.serialno"
03-21 14:32:23.221   729 22206 I android.hardware.usb.gadget@1.0-service-ovr: event=1 on fd=7
03-21 14:32:23.222   729 22206 I android.hardware.usb.gadget@1.0-service-ovr: event=1 on fd=7
03-21 14:32:23.223  1794  6134 I TimeWarp: SetSchedFifo( tid=2794, pol=2, pri=0 ) succeeded
03-21 14:32:23.223  1794  6134 I TimeWarp: SetSchedFifo( tid=6335, pol=2, pri=0 ) succeeded
03-21 14:32:23.223  6338  6385 I ReactPanelApp: GL_InitExtensions()
03-21 14:32:23.223  6338  6385 I OVR_GlUtils: es3 = TRUE
03-21 14:32:23.225  6338  6385 I OVR_GlUtils: GL_MAX_TEXTURE_SIZE = 16384
03-21 14:32:23.225  6338  6385 I OVR_GlUtils: GL_MAX_VERTEX_UNIFORM_VECTORS = 256
03-21 14:32:23.225  6338  6385 I OVR_GlUtils: GL_MAX_FRAGMENT_UNIFORM_VECTORS = 256
03-21 14:32:23.225  6338  6385 I RCTVR   : ReactPlayer: InitGfx
03-21 14:32:23.226  6338  6383 D APIInterceptor: intercept modified headers:
03-21 14:32:23.226  6338  6383 D APIInterceptor: Content-Type: application/x-www-form-urlencoded
03-21 14:32:23.226  6338  6383 D APIInterceptor: Content-Length: 170
03-21 14:32:23.226  6338  6383 D APIInterceptor: Host: graph.oculus.com
03-21 14:32:23.226  6338  6383 D APIInterceptor: Connection: Keep-Alive
03-21 14:32:23.226  6338  6383 D APIInterceptor: Accept-Encoding: gzip
03-21 14:32:23.226  6338  6383 D APIInterceptor: X-Build-Model: Oculus Quest 2
03-21 14:32:23.226  6338  6383 D APIInterceptor: X-OC-VrShell-Build-Name: 26.0.0.40.502
03-21 14:32:23.226  6338  6383 D APIInterceptor: X-Build-Version-Incremental: 14624000073600000
03-21 14:32:23.226  6338  6383 D APIInterceptor: X-OC-Selected-Headset-Serial: 1WMHH845BU0516
03-21 14:32:23.226  6338  6383 D APIInterceptor: User-Agent: Dalvik/2.1.0 (Linux; U; Android 10; Quest 2 Build/QQ3A.200805.001) [FBAN/OculusExplore;FBAV/101.0.0.4.199;FBDV/Quest 2;FBCR/null;FBLC/en_US;FBSV/10;FBBR/hollywood;FBBD/oculus;FBBV/311000234;FBCA/armeabi-v7a:armeabi;FBMF/Oculus;FBPN/com.oculus.explore;]
03-21 14:32:23.226  6338  6383 D APIInterceptor: Accept-Language: en_US
03-21 14:32:23.226  6338  6383 D APIInterceptor: X-ANDROID-ID: c12cfd58b212484b
03-21 14:32:23.226  6338  6383 D APIInterceptor: X-Build-Number: 311000234
03-21 14:32:23.227  6338  6385 I ReactPanelApp: Init() complete
03-21 14:32:23.227  6338  6385 V RCTVR   : Create root with tag 1
03-21 14:32:23.227  6338  6385 I RCTVR   : ReactPlayer: reloaded RootView 'main', tag: 1
03-21 14:32:23.227  6338  6407 I RCTVR_HERMES: [info]: Running "main" with {"rootTag":1,"initialProps":{"surfaceWidth":1328,"surfaceHeight":528}}
03-21 14:32:23.229  1794  6134 I TimeWarp: WarpToScreen: Skipping frames for 35
03-21 14:32:23.233   729 22206 I android.hardware.usb.gadget@1.0-service-ovr: event=1 on fd=7
03-21 14:32:23.240   729 22206 I android.hardware.usb.gadget@1.0-service-ovr: event=1 on fd=7
03-21 14:32:23.240  1794  6134 I TimeWarp: WarpToScreen: Skipping frames for 35
03-21 14:32:23.242   729 22206 I android.hardware.usb.gadget@1.0-service-ovr: event=1 on fd=7
03-21 14:32:23.250   729 22206 I android.hardware.usb.gadget@1.0-service-ovr: event=1 on fd=7
03-21 14:32:23.251  1794  6134 I TimeWarp: WarpToScreen: Skipping frames for 35
03-21 14:32:23.256  6338  6385 D MobileConfigBaseClient: connect()
03-21 14:32:23.259   729 22206 I android.hardware.usb.gadget@1.0-service-ovr: event=1 on fd=7
03-21 14:32:23.261   729 22206 I android.hardware.usb.gadget@1.0-service-ovr: event=1 on fd=7
03-21 14:32:23.262  1794  6134 I TimeWarp: WarpToScreen: Skipping frames for 35
03-21 14:32:23.263  6338  6338 D MobileConfigBaseClient: Connected to MobileConfigService
03-21 14:32:23.267   741  8653 I hash_map_utils: key: 'snd_device_in' value: ''
03-21 14:32:23.267   729 22206 I android.hardware.usb.gadget@1.0-service-ovr: event=1 on fd=7
03-21 14:32:23.269   729 22206 I android.hardware.usb.gadget@1.0-service-ovr: event=1 on fd=7
03-21 14:32:23.273  1794  6134 I TimeWarp: WarpToScreen: Skipping frames for 35
03-21 14:32:23.274   741  1225 I hash_map_utils: key: 'snd_device_out' value: ''
03-21 14:32:23.275  2024  2040 I LibraryProvider: running queryApp(com.oculus.explore) for com.oculus.uid:10031
03-21 14:32:23.279   729 22206 I android.hardware.usb.gadget@1.0-service-ovr: event=1 on fd=7
03-21 14:32:23.281   729 22206 I android.hardware.usb.gadget@1.0-service-ovr: event=1 on fd=7
03-21 14:32:23.284  1794  6134 I TimeWarp: WarpToScreen: Skipping frames for 35
03-21 14:32:23.285  6338  6407 I JniUtils: Using caller's JNIEnv
03-21 14:32:23.288   729 22206 I android.hardware.usb.gadget@1.0-service-ovr: event=1 on fd=7
03-21 14:32:23.289   729 22206 I android.hardware.usb.gadget@1.0-service-ovr: event=1 on fd=7
03-21 14:32:23.295  1794  6134 I TimeWarp: WarpToScreen: Skipping frames for 35
03-21 14:32:23.301   729 22206 I android.hardware.usb.gadget@1.0-service-ovr: event=1 on fd=7
03-21 14:32:23.302   729 22206 I android.hardware.usb.gadget@1.0-service-ovr: event=1 on fd=7
03-21 14:32:23.307  1794  6134 I TimeWarp: WarpToScreen: Skipping frames for 35
03-21 14:32:23.308  6183  6183 I chatty  : uid=10026 com.oculus.systemux:SystemUX expire 80 lines
03-21 14:32:23.308   729 22206 I android.hardware.usb.gadget@1.0-service-ovr: event=1 on fd=7
03-21 14:32:23.308   729 22206 I android.hardware.usb.gadget@1.0-service-ovr: event=1 on fd=7
03-21 14:32:23.308   729 22206 I android.hardware.usb.gadget@1.0-service-ovr: event=1 on fd=7
03-21 14:32:23.318  1794  6134 I TimeWarp: WarpToScreen: Skipping frames for 35
03-21 14:32:23.318  1032  1339 I DisplayManagerService: Display device added: DisplayDeviceInfo{"com.oculus.android_panel_app.AndroidPanelLayer-#main": uniqueId="virtual:com.oculus.systemux,10026,com.oculus.android_panel_app.AndroidPanelLayer-#main,0", 845 x 110, modeId 271, defaultModeId 271, supportedModes [{id=271, width=845, height=110, fps=60.0}], colorMode 0, supportedColorModes [0], HdrCapabilities null, density 200, 200.0 x 200.0 dpi, appVsyncOff 0, presDeadline 16666666, touch NONE, rotation 0, type VIRTUAL, state OFF, owner com.oculus.systemux (uid 10026), FLAG_PRIVATE, FLAG_NEVER_BLANK, FLAG_OWN_CONTENT_ONLY}
03-21 14:32:23.320 22262 22314 I xrstreamingclient: AudioPlayer: NetworkMetrics: [0.045,44.255]9.902
03-21 14:32:23.321  6338  6384 I GraphQLPrefetch: Completed request for 2886345294781084 in 338ms
03-21 14:32:23.329  1794  6134 I TimeWarp: WarpToScreen: Skipping frames for 35
03-21 14:32:23.329  6338  6383 I GraphQLPrefetch: Completed request for 2678002792329403 in 346ms
03-21 14:32:23.340  1794  6134 I TimeWarp: WarpToScreen: Skipping frames for 35
03-21 14:32:23.341   729 22206 I android.hardware.usb.gadget@1.0-service-ovr: event=1 on fd=7
03-21 14:32:23.350   729 22206 I chatty  : uid=0(root) gadget@1.0-serv identical 50 lines
03-21 14:32:23.350   729 22206 I android.hardware.usb.gadget@1.0-service-ovr: event=1 on fd=7
03-21 14:32:23.351  1794  6134 I TimeWarp: WarpToScreen: Skipping frames for 35
03-21 14:32:23.358   729 22206 I android.hardware.usb.gadget@1.0-service-ovr: event=1 on fd=7
03-21 14:32:23.359   729 22206 I android.hardware.usb.gadget@1.0-service-ovr: event=1 on fd=7
03-21 14:32:23.361  6338  6423 I RCTVR   : error:0906D06C:PEM routines:PEM_read_bio:no start line
03-21 14:32:23.362  1794  6134 I TimeWarp: WarpToScreen: Skipping frames for 35
03-21 14:32:23.368   729 22206 I android.hardware.usb.gadget@1.0-service-ovr: event=1 on fd=7
03-21 14:32:23.369   729 22206 I android.hardware.usb.gadget@1.0-service-ovr: event=1 on fd=7
03-21 14:32:23.373  2809  2892 I [OAR] ContinuingEducation: Launching the quest show taskbar dialog
03-21 14:32:23.373  2809  2892 I [OAR] DialogControllerManager: ShowDialog
03-21 14:32:23.373  2809  2892 I [OAR] DialogControllerManager: Previous pending dialog: type: systemux://dialog/none, uri "systemux://dialog/none", return component: ""
03-21 14:32:23.373  2809  2892 I [OAR] DialogControllerManager: New pending dialog: type: systemux://dialog/quest-show-taskbar, uri "systemux://dialog/quest-show-taskbar", return component: ""
03-21 14:32:23.373  1794  6134 I TimeWarp: WarpToScreen: Skipping frames for 35
03-21 14:32:23.375  2024  7061 I LibraryProvider: running queryAllApps() for com.oculus.uid:10031
03-21 14:32:23.379  1794  6134 I TimeWarp: SetSchedFifo( tid=2794, pol=3, pri=0 ) succeeded
03-21 14:32:23.379  1794  6134 I TimeWarp: SetSchedFifo( tid=6335, pol=3, pri=0 ) succeeded
03-21 14:32:23.385  1794  6134 I TimeWarp: WarpToScreen: Skipping frames for 35
03-21 14:32:23.385  2809  2892 I [OAR] DialogControllerManager: Dialog change detected; updating dialog UI.
03-21 14:32:23.385  2809  2892 I [OAR] DialogControllerManager: Old dialog: type: systemux://dialog/none, uri "systemux://dialog/none", return component: ""
03-21 14:32:23.385  2809  2892 I [OAR] DialogControllerManager: New dialog: type: systemux://dialog/quest-show-taskbar, uri "systemux://dialog/quest-show-taskbar", return component: ""
03-21 14:32:23.385  2809  2892 I [OAR] DialogControllerManager: LaunchData: systemux://dialog/quest-show-taskbar
03-21 14:32:23.385  2809  2892 I [OAR] SystemDialogController: HideVrShellDialog
03-21 14:32:23.385  2809  2892 I [OAR] DialogController: SetPendingDialog old: 0 systemux://dialog/none   new: 38 systemux://dialog/quest-show-taskbar 
03-21 14:32:23.385  2809  2892 I [OAR] DialogController: Launching pending dialog: systemux://dialog/quest-show-taskbar
03-21 14:32:23.385  2809  2892 I [OAR] DialogController: showDialog systemux://dialog/quest-show-taskbar systemux://dialog/quest-show-taskbar
03-21 14:32:23.388   729 22206 I android.hardware.usb.gadget@1.0-service-ovr: event=1 on fd=7
03-21 14:32:23.390   729 22206 I android.hardware.usb.gadget@1.0-service-ovr: event=1 on fd=7
03-21 14:32:23.396  1794  6134 I TimeWarp: WarpToScreen: Skipping frames for 35
03-21 14:32:23.399   729 22206 I android.hardware.usb.gadget@1.0-service-ovr: event=1 on fd=7
03-21 14:32:23.399   729 22206 I android.hardware.usb.gadget@1.0-service-ovr: event=1 on fd=7
03-21 14:32:23.407  1794  6134 I TimeWarp: WarpToScreen: Skipping frames for 35
03-21 14:32:23.409   729 22206 I android.hardware.usb.gadget@1.0-service-ovr: event=1 on fd=7
03-21 14:32:23.409   729 22206 I android.hardware.usb.gadget@1.0-service-ovr: event=1 on fd=7
03-21 14:32:23.418  1794  6134 I TimeWarp: WarpToScreen: Skipping frames for 35
03-21 14:32:23.418  1032  1051 W InputReader: Device has associated, but no associated display id.
03-21 14:32:23.418   729 22206 I android.hardware.usb.gadget@1.0-service-ovr: event=1 on fd=7
03-21 14:32:23.422   729 22206 I android.hardware.usb.gadget@1.0-service-ovr: event=1 on fd=7
03-21 14:32:23.429  1794  6134 I TimeWarp: WarpToScreen: Skipping frames for 35
03-21 14:32:23.440  1794  6134 I TimeWarp: WarpToScreen: Skipping frames for 35
03-21 14:32:23.449   729 22206 I android.hardware.usb.gadget@1.0-service-ovr: event=1 on fd=7
03-21 14:32:23.451   729 22206 I android.hardware.usb.gadget@1.0-service-ovr: event=1 on fd=7
03-21 14:32:23.451  1794  6134 I TimeWarp: WarpToScreen: Skipping frames for 35
03-21 14:32:23.453   729 22206 I android.hardware.usb.gadget@1.0-service-ovr: event=1 on fd=7
03-21 14:32:23.458   729 22206 I android.hardware.usb.gadget@1.0-service-ovr: event=1 on fd=7
03-21 14:32:23.462  1794  6134 I TimeWarp: WarpToScreen: Skipping frames for 35
03-21 14:32:23.468   729 22206 I android.hardware.usb.gadget@1.0-service-ovr: event=1 on fd=7
03-21 14:32:23.470   729 22206 I android.hardware.usb.gadget@1.0-service-ovr: event=1 on fd=7
03-21 14:32:23.474  1794  6134 I TimeWarp: WarpToScreen: Skipping frames for 35
03-21 14:32:23.479   729 22206 I android.hardware.usb.gadget@1.0-service-ovr: event=1 on fd=7
03-21 14:32:23.480   729 22206 I android.hardware.usb.gadget@1.0-service-ovr: event=1 on fd=7
03-21 14:32:23.485  1794  6134 I TimeWarp: WarpToScreen: Skipping frames for 35
03-21 14:32:23.489   729 22206 I android.hardware.usb.gadget@1.0-service-ovr: event=1 on fd=7
03-21 14:32:23.489   729 22206 I android.hardware.usb.gadget@1.0-service-ovr: event=1 on fd=7
03-21 14:32:23.496  1794  6134 I TimeWarp: WarpToScreen: Skipping frames for 35
03-21 14:32:23.497   729 22206 I android.hardware.usb.gadget@1.0-service-ovr: event=1 on fd=7
03-21 14:32:23.497   729 22206 I android.hardware.usb.gadget@1.0-service-ovr: event=1 on fd=7
03-21 14:32:23.505  1794  2122 I PerformanceManager: SetClockLevels: Apply pending clock request change: 3,3 -> 4,3
03-21 14:32:23.505  1794  6088 I Clocks  : ReleaseClocks - start
03-21 14:32:23.507  1794  6134 I TimeWarp: WarpToScreen: Skipping frames for 35
03-21 14:32:23.510  1032  1053 W InputReader: Device has associated, but no associated display id.
03-21 14:32:23.511  1032  1053 I ActivityTaskManager: Override config changes=20005df8 {0.0 ?mcc?mnc ?localeList ?layoutDir sw88dp w676dp h88dp 200dpi nrml long land ?uimode ?night -touch qwerty/v/v -nav/h winConfig={ mBounds=Rect(0, 0 - 845, 110) mAppBounds=Rect(0, 0 - 845, 110) mWindowingMode=fullscreen mDisplayWindowingMode=fullscreen mActivityType=undefined mAlwaysOnTop=undefined mRotation=ROTATION_0}} for displayId=267
03-21 14:32:23.518  1794  6134 I TimeWarp: WarpToScreen: Skipping frames for 35
03-21 14:32:23.518   727   727 D android.hardware.power@1.3-service-libperfmgr: Unset hint for clock domain: 0
03-21 14:32:23.524   727   727 D android.hardware.power@1.3-service-libperfmgr: Unset hint for clock domain: 1
03-21 14:32:23.525  1794  6088 I Clocks  : ReleaseClocks - end (19.7 ms)
03-21 14:32:23.525  1794  6088 I Clocks  : LockClocks( cpu=4, gpu=3 ) - start
03-21 14:32:23.526  1032  1051 W Looper  : Slow dispatch took 207ms android.ui h=android.hardware.display.DisplayManagerGlobal$DisplayListenerDelegate c=null m=1
03-21 14:32:23.528  1794  6088 I Clocks  : CPU levels [0, 4]
03-21 14:32:23.528  1794  6088 I Clocks  : GPU levels [0, 5]
03-21 14:32:23.529   727   727 D android.hardware.power@1.3-service-libperfmgr: set performance level 4, domain 0
03-21 14:32:23.529  1794  6088 I Clocks  : LockClocks( cpu=4, gpu=3 ) - end (4.1 ms)
03-21 14:32:23.529   729 22206 I android.hardware.usb.gadget@1.0-service-ovr: event=1 on fd=7
03-21 14:32:23.529  1794  6134 I TimeWarp: WarpToScreen: Skipping frames for 35
03-21 14:32:23.529   729 22206 I android.hardware.usb.gadget@1.0-service-ovr: event=1 on fd=7
03-21 14:32:23.530   727   765 D android.hardware.power@1.3-service-libperfmgr: set performance level 3, domain 1
03-21 14:32:23.530   729 22206 I android.hardware.usb.gadget@1.0-service-ovr: event=1 on fd=7
03-21 14:32:23.540   729 22206 I android.hardware.usb.gadget@1.0-service-ovr: event=1 on fd=7
03-21 14:32:23.541  1794  6134 I TimeWarp: WarpToScreen: Skipping frames for 35
03-21 14:32:23.541   729 22206 I android.hardware.usb.gadget@1.0-service-ovr: event=1 on fd=7
03-21 14:32:23.549   729 22206 I android.hardware.usb.gadget@1.0-service-ovr: event=1 on fd=7
03-21 14:32:23.552  1794  6134 I TimeWarp: WarpToScreen: Skipping frames for 35
03-21 14:32:23.554   729 22206 I android.hardware.usb.gadget@1.0-service-ovr: event=1 on fd=7
03-21 14:32:23.555   729 22206 I android.hardware.usb.gadget@1.0-service-ovr: event=1 on fd=7
03-21 14:32:23.557  1939  2107 E PresenceManager: Heartbeat error.
03-21 14:32:23.557  1939  2107 E PresenceManager: retrofit.RetrofitError
03-21 14:32:23.557  1939  2107 E PresenceManager: 	at retrofit.RestAdapter$RestHandler.invokeRequest(:339)
03-21 14:32:23.557  1939  2107 E PresenceManager: 	at retrofit.RestAdapter$RestHandler.invoke(:29)
03-21 14:32:23.557  1939  2107 E PresenceManager: 	at java.lang.reflect.Proxy.invoke(Proxy.java:1006)
03-21 14:32:23.557  1939  2107 E PresenceManager: 	at $Proxy5.heartbeatForUser(Unknown Source)
03-21 14:32:23.557  1939  2107 E PresenceManager: 	at com.oculus.horizon.platform.PresenceManager.A00(:327)
03-21 14:32:23.557  1939  2107 E PresenceManager: 	at com.oculus.horizon.platform.PresenceManager.run(:2)
03-21 14:32:23.557  1939  2107 E PresenceManager: 	at java.lang.Thread.run(Thread.java:919)
03-21 14:32:23.557  1939  2107 E PresenceManager: Caused by: java.net.ProtocolException
03-21 14:32:23.557  1939  2107 E PresenceManager: 	at com.oculus.http.core.interceptor.OculusAuthorizationInterceptor.A05(:148)
03-21 14:32:23.557  1939  2107 E PresenceManager: 	at com.oculus.http.core.interceptor.OculusAuthorizationInterceptor.A03(:18)
03-21 14:32:23.557  1939  2107 E PresenceManager: 	at com.oculus.http.core.interceptor.AuthorizationInterceptor.intercept(:14)
03-21 14:32:23.557  1939  2107 E PresenceManager: 	at X.0Mi.A00(:104)
03-21 14:32:23.557  1939  2107 E PresenceManager: 	at X.0Mi.A7c(:6)
03-21 14:32:23.557  1939  2107 E PresenceManager: 	at com.oculus.http.core.interceptor.ApiInterceptor.intercept(:194)
03-21 14:32:23.557  1939  2107 E PresenceManager: 	at X.0Mi.A00(:104)
03-21 14:32:23.557  1939  2107 E PresenceManager: 	at X.0Mm.intercept(:31651)
03-21 14:32:23.557  1939  2107 E PresenceManager: 	at X.0Mi.A00(:104)
03-21 14:32:23.557  1939  2107 E PresenceManager: 	at X.0Mi.A7c(:6)
03-21 14:32:23.557  1939  2107 E PresenceManager: 	at X.0Mn.intercept(:409)
03-21 14:32:23.557  1939  2107 E PresenceManager: 	at X.0Mi.A00(:104)
03-21 14:32:23.557  1939  2107 E PresenceManager: 	at X.0Mi.A7c(:6)
03-21 14:32:23.557  1939  2107 E PresenceManager: 	at X.0Mk.intercept(:203)
03-21 14:32:23.557  1939  2107 E PresenceManager: 	at X.0Mi.A00(:104)
03-21 14:32:23.557  1939  2107 E PresenceManager: 	at X.0Md.intercept(:38)
03-21 14:32:23.557  1939  2107 E PresenceManager: 	at X.0Mi.A00(:104)
03-21 14:32:23.557  1939  2107 E PresenceManager: 	at X.0Mi.A7c(:6)
03-21 14:32:23.557  1939  2107 E PresenceManager: 	at X.0Mq.A01(:71)
03-21 14:32:23.557  1939  2107 E PresenceManager: 	at X.0To.execute(:187)
03-21 14:32:23.557  1939  2107 E PresenceManager: 	at retrofit.RestAdapter$RestHandler.invokeRequest(:115)
03-21 14:32:23.557  1939  2107 E PresenceManager: 	... 6 more
03-21 14:32:23.558   729 22206 I android.hardware.usb.gadget@1.0-service-ovr: event=1 on fd=7
03-21 14:32:23.558   729 22206 I android.hardware.usb.gadget@1.0-service-ovr: event=1 on fd=7
03-21 14:32:23.559  2126  2171 I VrApi   : OVR::Stats thread stopped
03-21 14:32:23.559  2126  2171 I InputDeviceManager: ovrInputDeviceManager::~ovrInputDeviceManager
03-21 14:32:23.559  2126  2171 I HandDataQuerier: OSSDKTRACKING shutting down HandsTracker
03-21 14:32:23.559  2126  2171 I HandDataQuerier: OSSDKTRACKING shutting down HandsTracker
03-21 14:32:23.559  2126  2171 I InputDevice_TrackedRemote: OSSDKTRACKING shutting down Haptics
03-21 14:32:23.559  2126  2171 I InputDevice_TrackedRemote: OSSDKTRACKING shutting down Haptics
03-21 14:32:23.560  2126  2171 D OsSdk   : TrackingServiceConnection dtor
03-21 14:32:23.560   854  3863 I TrackingService: Unregistering client by ITrackingService.unregisterClient
03-21 14:32:23.560   854  3863 I TrackingService: TrackingServiceHost Unregistering client: com.oculus.vrshell#2126
03-21 14:32:23.561  2126  2171 D OsSdk   : TrackingServiceConnection unregistered
03-21 14:32:23.563  2809  6330 I Telemetry: App memory usage: PSS=175MB DalvikPSS=1 MB
03-21 14:32:23.563  1794  6134 I TimeWarp: WarpToScreen: Skipping frames for 35
03-21 14:32:23.564  3979  4052 I VrRuntimeClient: DEVICE MODEL NUMBER = Quest
03-21 14:32:23.564  3979  4052 I VrRuntimeClient: DEVICE HARDWARE = hollywood
03-21 14:32:23.564  3979  4052 I VrRuntimeClient: DEVICE BUILD NAME = user-1462400.7360.0
03-21 14:32:23.564  3979  4052 I VrRuntimeClient: DEVICE BUILD TYPE = user
03-21 14:32:23.564  6338  6385 I MobileConfigBaseClient: Start thread to subscribe with paramsMapContent file descriptor from mobileconfig service
03-21 14:32:23.564  3979  4052 I VrRuntimeClient: DEVICE OS VERSION = 10
03-21 14:32:23.564  3979  4052 I VrRuntimeClient: VRRUNTIME VERSION = VRAPI_VERSION_BEGIN { 1.1.43.0-274987955-274987955 Feb 23 2021 19:56:04 Development } RELEASE
03-21 14:32:23.564  3979  4052 I VrRuntimeClient: API LOADER VERSION = 1.1.35.0
03-21 14:32:23.564  3979  4052 I VrRuntimeClient: VRDRIVER VERSION = 26.0.0.41.502
03-21 14:32:23.564  3979  4052 I VrRuntimeClient: APP NAME = VRLego
03-21 14:32:23.564  3979  4052 I VrRuntimeClient: APP VERSION = 1.0 versionCode 1 internalVersionName <none>
03-21 14:32:23.564  3979  4052 I VrRuntimeClient: APP VR TYPE = <none>
03-21 14:32:23.564  3979  4052 I VrRuntimeClient: APP MODE TYPE = VR
03-21 14:32:23.564  3979  4052 I VrRuntimeClient: APP PACKAGE NAME = com.YourCompany.VRLego
03-21 14:32:23.564  3979  4052 I VrRuntimeClient: APP ACTIVITY CLASS = com.epicgames.ue4.GameActivity
03-21 14:32:23.565  6338  6385 E OVRPlatform: [capi] ovr_Voip_GetSystemVoipMicrophoneMuted: caught an OVRPlatformException: Context::Get: Called before context was initialized
03-21 14:32:23.565  6338  6407 W RCTVR_HERMES: [warn]: 'Home', [ 'Failed to get the system VOIP microphone mute state!',
03-21 14:32:23.565  6338  6407 W RCTVR_HERMES:   { message: 'Error getting microphone state' } ]
03-21 14:32:23.566  6338  6434 D MobileConfigBaseClient: getService()
03-21 14:32:23.568   729 22206 I android.hardware.usb.gadget@1.0-service-ovr: event=1 on fd=7
03-21 14:32:23.569   729 22206 I android.hardware.usb.gadget@1.0-service-ovr: event=1 on fd=7
03-21 14:32:23.570  3979  4052 D BatteryReceiver: Unregistering battery receiver
03-21 14:32:23.572  2126  6286 I ClientInputThread_Internal: InputThreadRun ShutdownRequest received
03-21 14:32:23.573  6338  6385 V RCTVRNET: Network data cache path: /data/user/0/com.oculus.explore/cache
03-21 14:32:23.573  2126  2171 D InputHooksJava: Disabling Java Input Hooks
03-21 14:32:23.573  6338  6435 I OVR_MemBuffer: Couldn't open assets/src/ocicon/assets/oc_icon_home_filled_48_d2d2d2@1.25x.png: No such file or directory
03-21 14:32:23.574  1794  2477 D VrRuntimeService: enableRendering: 2126:com.oculus.vrshell: null enable: false
03-21 14:32:23.574  1794  2477 I ClientMgr: ClientMgr::EnableRendering 2126:com.oculus.vrshell : type 1 comp-id 2: disable
03-21 14:32:23.574  1794  2477 I VrRuntimeServer: DisableCompositorClient: 2
03-21 14:32:23.574  1794  2477 I TimeWarpClientMgr: Disable client 2
03-21 14:32:23.574  1794  2477 I TimeWarpClientMgr: DisableClient: frame flush required: 1
03-21 14:32:23.574  1794  6134 I TimeWarp: WarpToScreen: Skipping frames for 35
03-21 14:32:23.580   729 22206 I android.hardware.usb.gadget@1.0-service-ovr: event=1 on fd=7
03-21 14:32:23.581   729 22206 I android.hardware.usb.gadget@1.0-service-ovr: event=1 on fd=7
03-21 14:32:23.585  1794  6134 I TimeWarp: LatchWarpClients: Multiple Primary Clients detected. Skipping frames for 35
03-21 14:32:23.585  1794  6134 I TimeWarp: WarpToScreen: Skipping frames for 35
03-21 14:32:23.589   729 22206 I android.hardware.usb.gadget@1.0-service-ovr: event=1 on fd=7
03-21 14:32:23.590   729 22206 I android.hardware.usb.gadget@1.0-service-ovr: event=1 on fd=7
03-21 14:32:23.591  3979  4052 I Sensor  : OSSDKTRACKING Shutdown tracking
03-21 14:32:23.596  1794  6134 I TimeWarp: WarpToScreen: Skipping frames for 35
03-21 14:32:23.597  2024 11913 I LibraryProvider: running queryApp(com.oculus.explore) for com.oculus.uid:10031
03-21 14:32:23.597  6338  6407 I RCTVR_HERMES: [info]: QuickExperiments loaded native cached QEs.
03-21 14:32:23.597  6338  6407 I RCTVR_HERMES: [info]: Overrides: [object Object]
03-21 14:32:23.598   729 22206 I android.hardware.usb.gadget@1.0-service-ovr: event=1 on fd=7
03-21 14:32:23.598   729 22206 I android.hardware.usb.gadget@1.0-service-ovr: event=1 on fd=7
03-21 14:32:23.607  1794  6134 I TimeWarp: WarpToScreen: Skipping frames for 35
03-21 14:32:23.608   729 22206 I android.hardware.usb.gadget@1.0-service-ovr: event=1 on fd=7
03-21 14:32:23.609   729 22206 I android.hardware.usb.gadget@1.0-service-ovr: event=1 on fd=7
03-21 14:32:23.613  6338  6407 I JniUtils: Using caller's JNIEnv
03-21 14:32:23.614  6338  6407 I RCTVR_HERMES: [info]: GraphQL disk cache is enabled
03-21 14:32:23.619  1794  6134 I TimeWarp: WarpToScreen: Skipping frames for 35
03-21 14:32:23.619  6338  6385 V RCTVRMEM: Total Allocated Space: 9865096, Total Free Space: 940152, JavaScript Heap Size: 1546128
03-21 14:32:23.620   729 22206 I android.hardware.usb.gadget@1.0-service-ovr: event=1 on fd=7
03-21 14:32:23.623   729 22206 I android.hardware.usb.gadget@1.0-service-ovr: event=1 on fd=7
03-21 14:32:23.625  6338  6423 V RCTVRNET: Request complete: time=334 name=unknown docid= traceid=DYTI4o4Hcyy code=200
03-21 14:32:23.626   729 22206 I android.hardware.usb.gadget@1.0-service-ovr: event=1 on fd=7
03-21 14:32:23.628  1032  5867 I DisplayManagerService: Display device added: DisplayDeviceInfo{"com.oculus.android_panel_app.AndroidPanelLayer-tablet": uniqueId="virtual:com.oculus.systemux,10026,com.oculus.android_panel_app.AndroidPanelLayer-tablet,0", 960 x 425, modeId 272, defaultModeId 272, supportedModes [{id=272, width=960, height=425, fps=60.0}], colorMode 0, supportedColorModes [0], HdrCapabilities null, density 200, 200.0 x 200.0 dpi, appVsyncOff 0, presDeadline 16666666, touch NONE, rotation 0, type VIRTUAL, state OFF, owner com.oculus.systemux (uid 10026), FLAG_PRIVATE, FLAG_NEVER_BLANK, FLAG_OWN_CONTENT_ONLY}
03-21 14:32:23.629   729 22206 I android.hardware.usb.gadget@1.0-service-ovr: event=1 on fd=7
03-21 14:32:23.629  1794  6134 I TimeWarp: WarpToScreen: Skipping frames for 35
03-21 14:32:23.635  6338  6423 V RCTVRNET: Request complete: time=344 name=unknown docid= traceid=G5Keke+YCR0 code=200
03-21 14:32:23.641  1794  6134 I TimeWarp: WarpToScreen: Skipping frames for 35
03-21 14:32:23.642  6338  6423 V RCTVRNET: Request complete: time=423 name=unknown docid= traceid=AoccZktW0dd code=200
03-21 14:32:23.645   729 22206 I android.hardware.usb.gadget@1.0-service-ovr: event=1 on fd=7
03-21 14:32:23.652  1794  6134 I TimeWarp: WarpToScreen: Skipping frames for 35
03-21 14:32:23.653   729 22206 I android.hardware.usb.gadget@1.0-service-ovr: event=1 on fd=7
03-21 14:32:23.657  1794  2477 I UnifiedTelemetryWrapper: Stopped UT session render:com.oculus.vrshell:Overlay
03-21 14:32:23.660   729 22206 I android.hardware.usb.gadget@1.0-service-ovr: event=1 on fd=7
03-21 14:32:23.661   729 22206 I android.hardware.usb.gadget@1.0-service-ovr: event=1 on fd=7
03-21 14:32:23.661  2126  6291 I FenceChecker: FenceChecker::MainLoop - ended
03-21 14:32:23.661  2126  2171 I VrRuntimeClient: PhaseSync Instance deleted
03-21 14:32:23.661   729 22206 I android.hardware.usb.gadget@1.0-service-ovr: event=1 on fd=7
03-21 14:32:23.661 22262 22309 D xrstreaming: receive ping: org 0 recv 0 xmt 233626388535500 (received at 119551645873943), offset divergence 40129
03-21 14:32:23.662  2126  2171 I VrApi   : ---------- vrapi_LeaveVrMode [end] ----------
03-21 14:32:23.662   729 22206 I android.hardware.usb.gadget@1.0-service-ovr: event=1 on fd=7
03-21 14:32:23.663  2126  2171 W [OAO] AudioMixer: StopWavFile: Couldn't find attached sound for clientId controllerp0xb6787000
03-21 14:32:23.663   729 22206 I android.hardware.usb.gadget@1.0-service-ovr: event=1 on fd=7
03-21 14:32:23.663  1794  6134 I TimeWarp: WarpToScreen: Skipping frames for 35
03-21 14:32:23.663   729 22206 I android.hardware.usb.gadget@1.0-service-ovr: event=1 on fd=7
03-21 14:32:23.664  6338  6338 W PanelApp: type=1400 audit(0.0:16257): avc: denied { read } for name="u:object_r:serialno_prop:s0" dev="tmpfs" ino=14935 scontext=u:r:untrusted_app_25:s0:c512,c768 tcontext=u:object_r:serialno_prop:s0 tclass=file permissive=0
03-21 14:32:23.664   729 22206 I android.hardware.usb.gadget@1.0-service-ovr: event=1 on fd=7
03-21 14:32:23.665  2126  2171 W [OAO] AudioMixer: StopWavFile: Couldn't find attached sound for clientId controllerp0xb6786000
03-21 14:32:23.665  2126  2171 I [OAO] AudioMixer: Disabling AudioPlayer.
03-21 14:32:23.666  6338  6385 V RCTVR   : Marker tti_explore_react_root: duration=93.948385ms start=119551556.369516 end=119551650.317901
03-21 14:32:23.666  6338  6385 V RCTVR   : Marker tti_router_app_initializing: duration=93.985781ms start=119551556.394255996 end=119551650.380036995
03-21 14:32:23.666  6338  6385 V RCTVR   : Marker tti_home_where_to_go: duration=94.023489ms start=119551556.402537003 end=119551650.426026002
03-21 14:32:23.667  2126  6289 I [OAO] AudioMixer: Notifying VrThread to shutdown.
03-21 14:32:23.667  2126  2171 I [OAO] AudioMixer: Successful shutdown.
03-21 14:32:23.667  2126  2171 I [OAO] AudioEngine: virtual void AudioLibrary::AudioEngine::DisablePlayer()
03-21 14:32:23.667  2126  2171 I [OAO] AudioEngine: Setting ShuttingDown.
03-21 14:32:23.668   729 22206 I android.hardware.usb.gadget@1.0-service-ovr: event=1 on fd=7
03-21 14:32:23.669   729 22206 I android.hardware.usb.gadget@1.0-service-ovr: event=1 on fd=7
03-21 14:32:23.671  6338  6385 E OVRPlatform: [capi] ovr_Voip_GetSystemVoipMicrophoneMuted: caught an OVRPlatformException: Context::Get: Called before context was initialized
03-21 14:32:23.671  6338  6385 D QuickPromotionModule: Initialized and enabled.
03-21 14:32:23.671  6338  6407 W RCTVR_HERMES: [warn]: 'Home', [ 'Failed to get the system VOIP microphone mute state!',
03-21 14:32:23.671  6338  6407 W RCTVR_HERMES:   { message: 'Error getting microphone state' } ]
03-21 14:32:23.671  6338  6385 D GraphQLPrefetch: Pushing prefetch responses
03-21 14:32:23.674  6338  6407 I ReactNativeExecutorHermes: Timestamp- markerPoint: 119551658
03-21 14:32:23.674  1794  6134 I TimeWarp: WarpToScreen: Skipping frames for 35
03-21 14:32:23.675  6338  6385 E libc    : Access denied finding property "ro.serialno"
03-21 14:32:23.676  6338  6385 I ExploreAppModule: RCTExploreAppModule::HasRequiredMobileVersions()
03-21 14:32:23.678   729 22206 I android.hardware.usb.gadget@1.0-service-ovr: event=1 on fd=7
03-21 14:32:23.679   729 22206 I android.hardware.usb.gadget@1.0-service-ovr: event=1 on fd=7
03-21 14:32:23.682   729 22206 I android.hardware.usb.gadget@1.0-service-ovr: event=1 on fd=7
03-21 14:32:23.685  1794  6134 I TimeWarp: WarpToScreen: Skipping frames for 35
03-21 14:32:23.687  2126  6289 I [OAO] AudioMixer: Notifying VrThread to shutdown.
03-21 14:32:23.687  2126  6289 I [OAO] AudioEngine: Fading final buffer
03-21 14:32:23.688   729 22206 I android.hardware.usb.gadget@1.0-service-ovr: event=1 on fd=7
03-21 14:32:23.688   729 22206 I android.hardware.usb.gadget@1.0-service-ovr: event=1 on fd=7
03-21 14:32:23.689  1032  1339 I DisplayManagerService: Display device added: DisplayDeviceInfo{"com.oculus.android_panel_app.AndroidPanelLayer-tabletNav": uniqueId="virtual:com.oculus.systemux,10026,com.oculus.android_panel_app.AndroidPanelLayer-tabletNav,0", 270 x 425, modeId 273, defaultModeId 273, supportedModes [{id=273, width=270, height=425, fps=60.0}], colorMode 0, supportedColorModes [0], HdrCapabilities null, density 200, 200.0 x 200.0 dpi, appVsyncOff 0, presDeadline 16666666, touch NONE, rotation 0, type VIRTUAL, state OFF, owner com.oculus.systemux (uid 10026), FLAG_PRIVATE, FLAG_NEVER_BLANK, FLAG_OWN_CONTENT_ONLY}
03-21 14:32:23.694  6338  6407 W RCTVR_HERMES: [warn]: QEData empty or corrupt for sessionless__oculus_explore_subfeeds_universe
03-21 14:32:23.694  6338  6407 I RCTVR_HERMES: [info]: Got available data for docid=2678002792329403 from native prefetch
03-21 14:32:23.695  1407  1429 I nifiedtelemetr: Background concurrent copying GC freed 49690(3381KB) AllocSpace objects, 4(208KB) LOS objects, 49% free, 4138KB/8276KB, paused 60.971ms total 936.320ms
03-21 14:32:23.696  1794  6134 I TimeWarp: WarpToScreen: Skipping frames for 35
03-21 14:32:23.707  2126  6289 I [OAO] AudioEngine: Notifying VrThread to shutdown.
03-21 14:32:23.707  2126  6289 D         : PlayerBase::stop() from IPlayer
03-21 14:32:23.707  2126  6289 D AudioTrack: stop(223): called with 513600 frames delivered
03-21 14:32:23.707  1794  6134 I TimeWarp: WarpToScreen: Skipping frames for 35
03-21 14:32:23.708  2126  2171 I [OAO] AudioEngine: Stopping player
03-21 14:32:23.708  2126  2171 D         : PlayerBase::stop() from IPlayer
03-21 14:32:23.710  1181  1181 V AvrcpMediaPlayerList: onPlaybackConfigChanged(): Configs list size=10
03-21 14:32:23.711  2126  2171 I [OAO] ShellOverlayApp: Start sleep timeout. Now:119551.694843, Timeout:119553.694843
03-21 14:32:23.711  2126  2171 I VrApi   : Received ovrRuntime event 5
03-21 14:32:23.711  2126  2171 I VrApi   : Received ovrRuntime event 3
03-21 14:32:23.711  6338  6407 I RCTVR_HERMES: [info]: Got available data for docid=2886345294781084 from native prefetch
03-21 14:32:23.713  1181  1181 V AvrcpMediaPlayerList: onPlaybackConfigChanged(): Configs list size=9
03-21 14:32:23.715  6338  6407 I ReactNativeExecutorHermes: Timestamp- markerPoint: 119551699
03-21 14:32:23.719  1794  6134 I TimeWarp: WarpToScreen: Skipping frames for 35
03-21 14:32:23.719  3979  4079 I VrApi   : FPS=71/72,Prd=61ms,Tear=0,Early=67,Stale=2,VSnc=1,Lat=1,Fov=0,CPU4/GPU=2/3,1478/490MHz,OC=FF,TA=0/3/3,SP=N/N/N,Mem=2092MHz,Free=1834MB,PLS=0,Temp=29.7C/0.0C,TW=5.65ms,App=8.26ms,GD=0.37ms,CPU&GPU=9.74ms,LCnt=1,GPU%=0.85,CPU%=0.38(W0.55),DSF=1.00
03-21 14:32:23.719  2182  2445 W [CT]    : MIXEDREALITY: MrRuntimeImpl: Timed out to lock render data mutex.
03-21 14:32:23.719   838 27632 W [CT]    : MIXEDREALITY: ServiceLogicV2: Timed out to wait EGL fence
03-21 14:32:23.725  1794  6134 I TimeWarp: SetSchedFifo( tid=2794, pol=2, pri=0 ) succeeded
03-21 14:32:23.725  1794  6134 I TimeWarp: SetSchedFifo( tid=6335, pol=2, pri=0 ) succeeded
03-21 14:32:23.726  3979  4052 I VrApi   : OVR::Stats thread stopped
03-21 14:32:23.726  3979  4052 I InputDeviceManager: ovrInputDeviceManager::~ovrInputDeviceManager
03-21 14:32:23.726  3979  4052 I HandDataQuerier: OSSDKTRACKING shutting down HandsTracker
03-21 14:32:23.726  3979  4052 I HandDataQuerier: OSSDKTRACKING shutting down HandsTracker
03-21 14:32:23.726  3979  4052 I InputDevice_TrackedRemote: OSSDKTRACKING shutting down Haptics
03-21 14:32:23.728  3979  4052 I InputDevice_TrackedRemote: OSSDKTRACKING shutting down Haptics
03-21 14:32:23.728  3979  4052 D OsSdk   : TrackingServiceConnection dtor
03-21 14:32:23.728   854  3863 I TrackingService: Unregistering client by ITrackingService.unregisterClient
03-21 14:32:23.728   854  3863 I TrackingService: TrackingServiceHost Unregistering client: com.YourCompany.VRLego#3979
03-21 14:32:23.729   729 22206 I android.hardware.usb.gadget@1.0-service-ovr: event=1 on fd=7
03-21 14:32:23.730   729 22206 I android.hardware.usb.gadget@1.0-service-ovr: event=1 on fd=7
03-21 14:32:23.730  1794  6134 I TimeWarp: WarpToScreen: Skipping frames for 35
03-21 14:32:23.730   729 22206 I android.hardware.usb.gadget@1.0-service-ovr: event=1 on fd=7
03-21 14:32:23.730  6183  6460 I chatty  : uid=10026 com.oculus.systemux:SystemUX expire 22 lines
03-21 14:32:23.731   831 17974 V C2Store : in init
03-21 14:32:23.732   831 17974 V C2Store : loading dll
03-21 14:32:23.741  1794  6134 I TimeWarp: WarpToScreen: Skipping frames for 35
03-21 14:32:23.752  1794  6134 I TimeWarp: WarpToScreen: Skipping frames for 35
03-21 14:32:23.762   729 22206 I android.hardware.usb.gadget@1.0-service-ovr: event=1 on fd=7
03-21 14:32:23.763  1794  6134 I TimeWarp: WarpToScreen: Skipping frames for 35
03-21 14:32:23.766   729 22206 I android.hardware.usb.gadget@1.0-service-ovr: event=1 on fd=7
03-21 14:32:23.769  6338  6423 V RCTVRNET: Request complete: time=82 name=unknown docid=2464161093633584 traceid=FQ7nLWlYBkN code=200
03-21 14:32:23.772   729 22206 I android.hardware.usb.gadget@1.0-service-ovr: event=1 on fd=7
03-21 14:32:23.773   729 22206 I chatty  : uid=0(root) gadget@1.0-serv identical 5 lines
03-21 14:32:23.774   729 22206 I android.hardware.usb.gadget@1.0-service-ovr: event=1 on fd=7
03-21 14:32:23.774  1794  6134 I TimeWarp: WarpToScreen: Skipping frames for 35
03-21 14:32:23.775   729 22206 I android.hardware.usb.gadget@1.0-service-ovr: event=1 on fd=7
03-21 14:32:23.776   729 22206 I android.hardware.usb.gadget@1.0-service-ovr: event=1 on fd=7
03-21 14:32:23.777  6183  6223 I chatty  : uid=10026(com.oculus.systemux) HwBinder:6183_1 expire 1 line
03-21 14:32:23.778  6183  6223 D BufferPoolAccessor: Destruction - bufferpool2 0xd1dc8c10 cached: 0/0M, 0/0% in use; allocs: 5, 0% recycled; transfers: 8, 50% unfetced
03-21 14:32:23.778   729 22206 I android.hardware.usb.gadget@1.0-service-ovr: event=1 on fd=7
03-21 14:32:23.778   798  1237 D BufferPoolAccessor: bufferpool2 0xef2a9b10 : 0(0 size) total buffers - 0(0 size) used buffers - 8/19 (recycle/alloc) - 10/30 (fetch/transfer)
03-21 14:32:23.778   798  1237 D BufferPoolAccessor: Destruction - bufferpool2 0xef2a9b10 cached: 0/0M, 0/0% in use; allocs: 19, 42% recycled; transfers: 30, 67% unfetced
03-21 14:32:23.779  6183  6460 I CCodecBufferChannel: [c2.android.raw.decoder#482] Created output block pool with allocatorID 16 => poolID 291 - OK
03-21 14:32:23.779  6183  6460 D CCodecBufferChannel: [c2.android.raw.decoder#482] Configured output block pool ids 291 => OK
03-21 14:32:23.782   729 22206 I android.hardware.usb.gadget@1.0-service-ovr: event=1 on fd=7
03-21 14:32:23.784   729 22206 I chatty  : uid=0(root) gadget@1.0-serv identical 6 lines
03-21 14:32:23.785   729 22206 I android.hardware.usb.gadget@1.0-service-ovr: event=1 on fd=7
03-21 14:32:23.786  1794  6134 I TimeWarp: WarpToScreen: Skipping frames for 35
03-21 14:32:23.788   729 22206 I android.hardware.usb.gadget@1.0-service-ovr: event=1 on fd=7
03-21 14:32:23.788   831  6461 D SimpleC2Component: Using output block pool with poolID 291 => got 291 - 0
03-21 14:32:23.789   729 22206 I android.hardware.usb.gadget@1.0-service-ovr: event=1 on fd=7
03-21 14:32:23.791   796  5363 D MediaBufferGroup: creating MemoryDealer
03-21 14:32:23.793   729 22206 I android.hardware.usb.gadget@1.0-service-ovr: event=1 on fd=7
03-21 14:32:23.797  1794  6134 I TimeWarp: WarpToScreen: Skipping frames for 35
03-21 14:32:23.799  6183  6183 D [SUI] NavHostView: Constructing NavHostView
03-21 14:32:23.799  6183  6183 D [SUI] NavHostView: Initializing NavHostView
03-21 14:32:23.800   729 22206 I android.hardware.usb.gadget@1.0-service-ovr: event=1 on fd=7
03-21 14:32:23.800   729 22206 I android.hardware.usb.gadget@1.0-service-ovr: event=1 on fd=7
03-21 14:32:23.802  6338  6407 W RCTVR_HERMES: [warn]: 'Analytics', [ 'startTimer(\'oculus_home_explore_load_latency\') called while timer is still running.' ]
03-21 14:32:23.802  6338  6407 I ReactNativeExecutorHermes: Timestamp- markerPoint: 119551786
03-21 14:32:23.803  6338  6407 W RCTVR_HERMES: [warn]: 'Analytics', [ 'startTimer(\'oculus_home_explore_load_latency\') called while timer is still running.' ]
03-21 14:32:23.803  6338  6407 I ReactNativeExecutorHermes: Timestamp- markerPoint: 119551787
03-21 14:32:23.805  6338  6407 W RCTVR_HERMES: [warn]: 'Analytics', [ 'startTimer(\'oculus_home_explore_load_latency\') called while timer is still running.' ]
