03-21 14:32:25.498  6183  6183 I AndroidPanelLayer: Creating presentation for layer "tabletNav" with width 270 and height 425
03-21 14:32:25.498  6338  6385 W RCTVR   : Attempted to re-register TestID 'back_to_top_ocpressable_overlay' for multiple views (prev: 1965, new: 2033). TestIDs must be unique across the app
03-21 14:32:25.498  6338  6385 W RCTVR   : Attempted to re-register TestID 'back_to_top' for multiple views (prev: 1967, new: 2035). TestIDs must be unique across the app
03-21 14:32:25.501   729 22206 I android.hardware.usb.gadget@1.0-service-ovr: event=1 on fd=7
03-21 14:32:25.502  6338  6385 I OCPlatformModule: timestamp accessTokenRequestID
03-21 14:32:25.503  6338  6385 V RCTVR   : Allocated offscreen texture 23, size 177x50
03-21 14:32:25.504  1032  1382 I DisplayManagerService: Display device added: DisplayDeviceInfo{"com.oculus.android_panel_app.AndroidPanelLayer-tabletNav": uniqueId="virtual:com.oculus.systemux,10026,com.oculus.android_panel_app.AndroidPanelLayer-tabletNav,1", 270 x 425, modeId 279, defaultModeId 279, supportedModes [{id=279, width=270, height=425, fps=60.0}], colorMode 0, supportedColorModes [0], HdrCapabilities null, density 200, 200.0 x 200.0 dpi, appVsyncOff 0, presDeadline 16666666, touch NONE, rotation 0, type VIRTUAL, state OFF, owner com.oculus.systemux (uid 10026), FLAG_PRIVATE, FLAG_NEVER_BLANK, FLAG_OWN_CONTENT_ONLY}
03-21 14:32:25.505  2182  2940 I VrGuardianService: GuardianSDKServer::SetGuardianCanPaint
03-21 14:32:25.505  1794  6134 I TimeWarp: SetSchedFifo( tid=2794, pol=3, pri=0 ) succeeded
03-21 14:32:25.506  1794  6134 I TimeWarp: SetSchedFifo( tid=6335, pol=3, pri=0 ) succeeded
03-21 14:32:25.509  6183  6183 D [SUI] NavHostView: Constructing NavHostView
03-21 14:32:25.509  6183  6183 D [SUI] NavHostView: Initializing NavHostView
03-21 14:32:25.509   729 22206 I android.hardware.usb.gadget@1.0-service-ovr: event=1 on fd=7
03-21 14:32:25.509   729 22206 I chatty  : uid=0(root) gadget@1.0-serv identical 1 line
03-21 14:32:25.509   729 22206 I android.hardware.usb.gadget@1.0-service-ovr: event=1 on fd=7
03-21 14:32:25.510  6183  6183 D [SUI] AnytimeUIPanelAppBase: Acquiring viewModel SettingsViewModel refCount: 2
03-21 14:32:25.510  6183  6183 D [SUI] AnytimeUIPanelAppBase: Releasing viewModel SettingsViewModel refCount: 1
03-21 14:32:25.515  6183  6183 D [SUI] AnytimeUIPanelAppBase: Acquiring viewModel SettingsViewModel refCount: 2
03-21 14:32:25.516  6183  6183 I AndroidPanelApp: measureLayerView with initial width 270, initial height 425, resize behavior NONE.
03-21 14:32:25.516  6183  6183 I AndroidPanelApp: Measured width 270 and height 425.
03-21 14:32:25.516  6183  6183 I AndroidPanelLayer: Setting size of layer "tabletNav" to have width 270 and height 425
03-21 14:32:25.517  6183  6183 I AndroidPanelApp: layerTransform: Showing panel layer "tabletNav" in VrShell with width 270, height 425, position( 0.000000 , 0.000000 ), rotation (0.000000 , 0.000000 , 0.000000 )  hit-testable true, shape 1, and system-positioned true. Density: 4680.000000. Supersampled: false 
03-21 14:32:25.517  6183  6183 I AndroidPanelApp: ensurePanelLayer(layer: tabletContent, width: 552, height: 340, resize: NONE, view creator: tabletContent)
03-21 14:32:25.517  6183  6183 I AndroidPanelApp: ensurePanelLayer(layer: tabletContent, width: 552, height: 340, resize behavior: NONE)
03-21 14:32:25.517  6183  6183 I AndroidPanelLayer: Setting spec for layer "tabletContent"
03-21 14:32:25.517  6183  6183 I AndroidPanelLayer: Setting size of layer "tabletContent" to have width 690 and height 425
03-21 14:32:25.517  6183  6183 I AndroidPanelLayer: Destroying presentation for layer "tabletContent".
03-21 14:32:25.518  6183  6183 I AndroidPanelLayer: Creating presentation for layer "tabletContent" with width 690 and height 425
03-21 14:32:25.518   729 22206 I android.hardware.usb.gadget@1.0-service-ovr: event=1 on fd=7
03-21 14:32:25.527  1032 10101 I DisplayManagerService: Display device added: DisplayDeviceInfo{"com.oculus.android_panel_app.AndroidPanelLayer-tabletContent": uniqueId="virtual:com.oculus.systemux,10026,com.oculus.android_panel_app.AndroidPanelLayer-tabletContent,1", 690 x 425, modeId 280, defaultModeId 280, supportedModes [{id=280, width=690, height=425, fps=60.0}], colorMode 0, supportedColorModes [0], HdrCapabilities null, density 200, 200.0 x 200.0 dpi, appVsyncOff 0, presDeadline 16666666, touch NONE, rotation 0, type VIRTUAL, state OFF, owner com.oculus.systemux (uid 10026), FLAG_PRIVATE, FLAG_NEVER_BLANK, FLAG_OWN_CONTENT_ONLY}
03-21 14:32:25.528   729 22206 I chatty  : uid=0(root) gadget@1.0-serv identical 4 lines
03-21 14:32:25.529   729 22206 I android.hardware.usb.gadget@1.0-service-ovr: event=1 on fd=7
03-21 14:32:25.534  6183  6183 D [SUI] ContentHostView: Constructing ContentHostView
03-21 14:32:25.534  6183  6183 D [SUI] ContentHostView: Initializing ContentHostView
03-21 14:32:25.535  6183  6183 D [SUI] EmptyContentView: Constructing EmptyContentView
03-21 14:32:25.535  6183  6183 D [SUI] EmptyContentView: Initializing EmptyContentView
03-21 14:32:25.535  6183  6183 D [SUI] EmptyContentView: Showing EmptyContentView
03-21 14:32:25.535  6183  6183 I AndroidPanelApp: measureLayerView with initial width 690, initial height 425, resize behavior NONE.
03-21 14:32:25.535  6183  6183 I AndroidPanelApp: Measured width 690 and height 425.
03-21 14:32:25.535  6183  6183 I AndroidPanelLayer: Setting size of layer "tabletContent" to have width 690 and height 425
03-21 14:32:25.536  6183  6183 I AndroidPanelApp: layerTransform: Showing panel layer "tabletContent" in VrShell with width 690, height 425, position( 0.000000 , 0.000000 ), rotation (0.000000 , 0.000000 , 0.000000 )  hit-testable true, shape 1, and system-positioned true. Density: 4680.000000. Supersampled: false 
03-21 14:32:25.536  6183  6183 I CppPanelService: BEGIN: nativeInitializePanelInstance - Configure and set up thread polling.
03-21 14:32:25.536  6183  6183 I CppPanelService: BEGIN: Call hosted app's Configure method.
03-21 14:32:25.536  6183  6183 I CppPanelService: END: Call hosted app's Configure method.
03-21 14:32:25.536  6183  6183 I CppPanelService: END: nativeInitializePanelInstance - Add fd 44 to looper with error code 1
03-21 14:32:25.536  6183  6183 D CppPanelService: END: Initializing panel application via MSG_CREATE_PANEL_APP.
03-21 14:32:25.536  6183  6183 I AndroidPanelApp: Processing next frame action "layerShow" for layer "dialog"
03-21 14:32:25.536  6183  6183 I AndroidPanelApp: nextFrameAction(layerShow, dialog)
03-21 14:32:25.536  6183  6183 I AndroidPanelApp: layerShow acknowledged for dialog
03-21 14:32:25.536  6183  6183 I AndroidPanelApp: tryShowLayer(dialog)
03-21 14:32:25.536  6183  6183 I AndroidPanelLayer: Showing layer dialog
03-21 14:32:25.539   729 22206 I android.hardware.usb.gadget@1.0-service-ovr: event=1 on fd=7
03-21 14:32:25.539   729 22206 I chatty  : uid=0(root) gadget@1.0-serv identical 1 line
03-21 14:32:25.540   729 22206 I android.hardware.usb.gadget@1.0-service-ovr: event=1 on fd=7
03-21 14:32:25.541  6183  6183 I AndroidPanelLayer: Unhiding layer dialog
03-21 14:32:25.548   729 22206 I android.hardware.usb.gadget@1.0-service-ovr: event=1 on fd=7
03-21 14:32:25.558   729 22206 I chatty  : uid=0(root) gadget@1.0-serv identical 4 lines
03-21 14:32:25.560   729 22206 I android.hardware.usb.gadget@1.0-service-ovr: event=1 on fd=7
03-21 14:32:25.564   741   741 I hash_map_utils: key: 'snd_device_in' value: ''
03-21 14:32:25.571   741  1225 I hash_map_utils: key: 'snd_device_out' value: ''
03-21 14:32:25.572   729 22206 I android.hardware.usb.gadget@1.0-service-ovr: event=1 on fd=7
03-21 14:32:25.588   729 22206 I chatty  : uid=0(root) gadget@1.0-serv identical 7 lines
03-21 14:32:25.591   729 22206 I android.hardware.usb.gadget@1.0-service-ovr: event=1 on fd=7
03-21 14:32:25.597  1032  1051 W InputReader: Device has associated, but no associated display id.
03-21 14:32:25.598   729 22206 I android.hardware.usb.gadget@1.0-service-ovr: event=1 on fd=7
03-21 14:32:25.669   729 22206 I chatty  : uid=0(root) gadget@1.0-serv identical 22 lines
03-21 14:32:25.669   729 22206 I android.hardware.usb.gadget@1.0-service-ovr: event=1 on fd=7
03-21 14:32:25.676  6183  6497 D CCodec  : allocate(c2.android.raw.decoder)
03-21 14:32:25.677   831  1643 V C2Store : in init
03-21 14:32:25.677   831  1643 V C2Store : loading dll
03-21 14:32:25.697  6183  6497 I CCodec  : Created component [c2.android.raw.decoder]
03-21 14:32:25.697 22262 22309 D xrstreaming: receive ping: org 0 recv 0 xmt 233628406177200 (received at 119553681262328), offset divergence 40129
03-21 14:32:25.697   729 22206 I android.hardware.usb.gadget@1.0-service-ovr: event=1 on fd=7
03-21 14:32:25.697  6183  6497 D CCodecConfig: read media type: audio/raw
03-21 14:32:25.698   729 22206 I android.hardware.usb.gadget@1.0-service-ovr: event=1 on fd=7
03-21 14:32:25.704  6183  6497 D ReflectedParamUpdater: extent() != 1 for single value type: algo.buffers.max-count.values
03-21 14:32:25.704   729 22206 I android.hardware.usb.gadget@1.0-service-ovr: event=1 on fd=7
03-21 14:32:25.705   729 22206 I android.hardware.usb.gadget@1.0-service-ovr: event=1 on fd=7
03-21 14:32:25.706  6183  6497 D ReflectedParamUpdater: extent() != 1 for single value type: output.subscribed-indices.values
03-21 14:32:25.706  6183  6497 D ReflectedParamUpdater: extent() != 1 for single value type: input.buffers.allocator-ids.values
03-21 14:32:25.706  6183  6497 D ReflectedParamUpdater: extent() != 1 for single value type: output.buffers.allocator-ids.values
03-21 14:32:25.707   729 22206 I android.hardware.usb.gadget@1.0-service-ovr: event=1 on fd=7
03-21 14:32:25.707  6183  6497 D ReflectedParamUpdater: extent() != 1 for single value type: algo.buffers.allocator-ids.values
03-21 14:32:25.707   729 22206 I android.hardware.usb.gadget@1.0-service-ovr: event=1 on fd=7
03-21 14:32:25.708  6183  6497 D ReflectedParamUpdater: extent() != 1 for single value type: output.buffers.pool-ids.values
03-21 14:32:25.708   729 22206 I android.hardware.usb.gadget@1.0-service-ovr: event=1 on fd=7
03-21 14:32:25.708  6183  6497 D ReflectedParamUpdater: extent() != 1 for single value type: algo.buffers.pool-ids.values
03-21 14:32:25.709   729 22206 I android.hardware.usb.gadget@1.0-service-ovr: event=1 on fd=7
03-21 14:32:25.709   729 22206 I chatty  : uid=0(root) gadget@1.0-serv identical 1 line
03-21 14:32:25.709   729 22206 I android.hardware.usb.gadget@1.0-service-ovr: event=1 on fd=7
03-21 14:32:25.710  2126  2171 I [OAO] ShellOverlayApp: Sleep timeout exceeded. Timeout:119553.694843, Now:119553.694843. Sleeping... 
03-21 14:32:25.710  2126  2171 I [OAO] ShellOverlayApp: WaitForWake: VrThread entering waiting state
03-21 14:32:25.715   729 22206 I android.hardware.usb.gadget@1.0-service-ovr: event=1 on fd=7
03-21 14:32:25.716  6183  6497 I CCodecConfig: query failed after returning 8 values (BAD_INDEX)
03-21 14:32:25.716  6183  6497 D CCodecConfig: c2 config diff is Dict {
03-21 14:32:25.716  6183  6497 D CCodecConfig:   c2::u32 coded.bitrate.value = 64000
03-21 14:32:25.716  6183  6497 D CCodecConfig:   c2::u32 input.buffers.max-size.value = 65536
03-21 14:32:25.716  6183  6497 D CCodecConfig:   c2::u32 input.delay.value = 0
03-21 14:32:25.716  6183  6497 D CCodecConfig:   string input.media-type.value = "audio/raw"
03-21 14:32:25.716  6183  6497 D CCodecConfig:   string output.media-type.value = "audio/raw"
03-21 14:32:25.716  6183  6497 D CCodecConfig:   c2::u32 raw.channel-count.value = 2
03-21 14:32:25.716  6183  6497 D CCodecConfig:   c2::u32 raw.pcm-encoding.value = 0
03-21 14:32:25.716  6183  6497 D CCodecConfig:   c2::u32 raw.sample-rate.value = 44100
03-21 14:32:25.716  6183  6497 D CCodecConfig: }
03-21 14:32:25.716   729 22206 I android.hardware.usb.gadget@1.0-service-ovr: event=1 on fd=7
03-21 14:32:25.717  6183  6497 D CCodecConfig: no c2 equivalents for durationUs
03-21 14:32:25.717  6183  6497 D CCodecConfig: no c2 equivalents for track-id
03-21 14:32:25.717  6183  6497 D CCodecConfig: no c2 equivalents for bits-per-sample
03-21 14:32:25.717  6183  6497 D CCodecConfig: no c2 equivalents for channel-mask
03-21 14:32:25.717   729 22206 I android.hardware.usb.gadget@1.0-service-ovr: event=1 on fd=7
03-21 14:32:25.717   729 22206 I android.hardware.usb.gadget@1.0-service-ovr: event=1 on fd=7
03-21 14:32:25.718  6183  6497 D CCodecConfig: c2 config diff is   c2::u32 raw.channel-count.value = 1
03-21 14:32:25.718  6183  6497 D CCodecConfig:   c2::u32 raw.sample-rate.value = 48000
03-21 14:32:25.720  6183  6497 W Codec2Client: query -- param skipped: index = 1107298332.
03-21 14:32:25.720  6183  6497 D CCodec  : setup formats input: AMessage(what = 0x00000000) = {
03-21 14:32:25.720  6183  6497 D CCodec  :   int32_t channel-count = 1
03-21 14:32:25.720  6183  6497 D CCodec  :   int32_t max-input-size = 65536
03-21 14:32:25.720  6183  6497 D CCodec  :   string mime = "audio/raw"
03-21 14:32:25.720  6183  6497 D CCodec  :   int32_t pcm-encoding = 2
03-21 14:32:25.720  6183  6497 D CCodec  :   int32_t sample-rate = 48000
03-21 14:32:25.720  6183  6497 D CCodec  : } and output: AMessage(what = 0x00000000) = {
03-21 14:32:25.720  6183  6497 D CCodec  :   int32_t channel-count = 1
03-21 14:32:25.720  6183  6497 D CCodec  :   string mime = "audio/raw"
03-21 14:32:25.720  6183  6497 D CCodec  :   int32_t pcm-encoding = 2
03-21 14:32:25.720  6183  6497 D CCodec  :   int32_t sample-rate = 48000
03-21 14:32:25.720  6183  6497 D CCodec  :   int32_t channel-mask = 0
03-21 14:32:25.720  6183  6497 D CCodec  : }
03-21 14:32:25.720   729 22206 I android.hardware.usb.gadget@1.0-service-ovr: event=1 on fd=7
03-21 14:32:25.720  6183  6497 W Codec2Client: query -- param skipped: index = 1342179345.
03-21 14:32:25.720  6183  6497 W Codec2Client: query -- param skipped: index = 2415921170.
03-21 14:32:25.721  6183  6497 D CCodecBufferChannel: [c2.android.raw.decoder#841] Created input block pool with allocatorID 16 => poolID 19 - OK (0)
03-21 14:32:25.723  6183  6497 I CCodecBufferChannel: [c2.android.raw.decoder#841] Created output block pool with allocatorID 16 => poolID 292 - OK
03-21 14:32:25.724  6183  6497 D CCodecBufferChannel: [c2.android.raw.decoder#841] Configured output block pool ids 292 => OK
03-21 14:32:25.727   729 22206 I android.hardware.usb.gadget@1.0-service-ovr: event=1 on fd=7
03-21 14:32:25.728   729 22206 I chatty  : uid=0(root) gadget@1.0-serv identical 1 line
03-21 14:32:25.728   729 22206 I android.hardware.usb.gadget@1.0-service-ovr: event=1 on fd=7
03-21 14:32:25.733   831  6498 D SimpleC2Component: Using output block pool with poolID 292 => got 292 - 0
03-21 14:32:25.734  1032  1051 W Looper  : Slow dispatch took 481ms android.ui h=android.hardware.display.DisplayManagerGlobal$DisplayListenerDelegate c=null m=1
03-21 14:32:25.736  1032  1053 I DisplayManagerService: Display device changed state: "com.oculus.android_panel_app.AndroidPanelLayer-dialog", ON
03-21 14:32:25.738   729 22206 I android.hardware.usb.gadget@1.0-service-ovr: event=1 on fd=7
03-21 14:32:25.759   729 22206 I chatty  : uid=0(root) gadget@1.0-serv identical 7 lines
03-21 14:32:25.760   729 22206 I android.hardware.usb.gadget@1.0-service-ovr: event=1 on fd=7
03-21 14:32:25.767  6183  6183 I [SUI] AnytimeUIAndroidPanelAppV2: configureDialog:  systemux://dialog/none [] ()
03-21 14:32:25.767  6183  6183 I [SUI] AnytimeUIAndroidPanelAppV2: actionSetRoute - Route:  NONE(systemux://dialog/none)
03-21 14:32:25.767  6183  6183 I AndroidPanelApp: destroyLayer(dialog)
03-21 14:32:25.767  6183  6183 I AndroidPanelLayer: Destroying presentation for layer "dialog".
03-21 14:32:25.771   729 22206 I android.hardware.usb.gadget@1.0-service-ovr: event=1 on fd=7
03-21 14:32:25.792   729 22206 I chatty  : uid=0(root) gadget@1.0-serv identical 7 lines
03-21 14:32:25.792   729 22206 I android.hardware.usb.gadget@1.0-service-ovr: event=1 on fd=7
03-21 14:32:25.795   796  6099 D MediaBufferGroup: creating MemoryDealer
03-21 14:32:25.797   729 22206 I android.hardware.usb.gadget@1.0-service-ovr: event=1 on fd=7
03-21 14:32:25.798   729 22206 I chatty  : uid=0(root) gadget@1.0-serv identical 1 line
03-21 14:32:25.798   729 22206 I android.hardware.usb.gadget@1.0-service-ovr: event=1 on fd=7
03-21 14:32:25.802  6338  6423 V RCTVRNET: Request complete: time=1954 name=unknown docid=5106131356095582 traceid=A6dqp3Ls3TK code=200
03-21 14:32:25.808   729 22206 I android.hardware.usb.gadget@1.0-service-ovr: event=1 on fd=7
03-21 14:32:25.809   729 22206 I chatty  : uid=0(root) gadget@1.0-serv identical 1 line
03-21 14:32:25.809  2182  2940 I VrGuardianService: GuardianSDKServer::SetGuardianCanPaint
03-21 14:32:25.809   729 22206 I android.hardware.usb.gadget@1.0-service-ovr: event=1 on fd=7
03-21 14:32:25.818  1794  2862 I VrRuntimeService: CreateSwapChain: 3367516926
03-21 14:32:25.818  1794  2862 I VrRuntimeService: CreateSwapChain: api:vk 0 0x2b 525 90 10 3 1 4 15
03-21 14:32:25.819   854  6161 I [CT]    : VIPER:MAP_MANAGER: State: TrackingPersistent, UUID=a866aa6d-7e33-4e6e-8e89-01997308d6d6, Num. Persistent maps = 3,  Persistent maps:56249b85-a0ad-4b7b-b178-4b14adee2b4b,a866aa6d-7e33-4e6e-8e89-01997308d6d6,07ad28e7-d9d9-42ea-831f-65e43186ea6f,, Ser. Disabled = 00000000-0000-0000-0000-000000000000
03-21 14:32:25.819  1794  2862 W SwapChain: CreateTextureSwapChainFoveation: export failed
03-21 14:32:25.819   729 22206 I android.hardware.usb.gadget@1.0-service-ovr: event=1 on fd=7
03-21 14:32:25.819  1794  2862 I VrRuntimeServer: CreateTextureSwapChain: result importswapchaingles 1
03-21 14:32:25.820   729 22206 I android.hardware.usb.gadget@1.0-service-ovr: event=1 on fd=7
03-21 14:32:25.821   729 22206 I android.hardware.usb.gadget@1.0-service-ovr: event=1 on fd=7
03-21 14:32:25.821  2768  3013 I SwapChain_Vulkan: Imported texture has requirements 8, ends up index 3
03-21 14:32:25.822  2768  3013 I chatty  : uid=10054(com.oculus.shellenv) Thread-27 identical 1 line
03-21 14:32:25.822  2768  3013 I SwapChain_Vulkan: Imported texture has requirements 8, ends up index 3
03-21 14:32:25.822  2768  3013 W VrRuntimeClient: CreateTextureSwapChain: Failed to import foveation swapchain
03-21 14:32:25.827   729 22206 I android.hardware.usb.gadget@1.0-service-ovr: event=1 on fd=7
03-21 14:32:25.828   729 22206 I chatty  : uid=0(root) gadget@1.0-serv identical 1 line
03-21 14:32:25.828   729 22206 I android.hardware.usb.gadget@1.0-service-ovr: event=1 on fd=7
03-21 14:32:25.837  2768  2794 W VrRuntimeClient: GetSamplerStateFromClientTexture: not currently supported for Vulkan.
03-21 14:32:25.837   729 22206 I android.hardware.usb.gadget@1.0-service-ovr: event=1 on fd=7
03-21 14:32:25.838   729 22206 I chatty  : uid=0(root) gadget@1.0-serv identical 1 line
03-21 14:32:25.838   729 22206 I android.hardware.usb.gadget@1.0-service-ovr: event=1 on fd=7
03-21 14:32:25.845   831   831 D BufferPoolAccessor: Destruction - bufferpool2 0x2d1a294c30 cached: 0/0M, 0/0% in use; allocs: 0, 0% recycled; transfers: 0, 0% unfetced
03-21 14:32:25.847   831   831 V C2Store : in ~ComponentModule
03-21 14:32:25.847   831   831 V C2Store : unloading dll
03-21 14:32:25.849   729 22206 I android.hardware.usb.gadget@1.0-service-ovr: event=1 on fd=7
03-21 14:32:25.849   729 22206 I chatty  : uid=0(root) gadget@1.0-serv identical 1 line
03-21 14:32:25.849   729 22206 I android.hardware.usb.gadget@1.0-service-ovr: event=1 on fd=7
03-21 14:32:25.852   854  6161 I [CT]    : VIPER: Vega=false,Status=6DoF,TRACKING,KF=114,Inl=317,Pts=288,Mem=65.3,Jit=0.6mm,Issues(Cam/min=0.0,IMU/min=0.0),Exp=(6.8ms,g=9.0,I=74)(7.7ms,g=9.0,I=78)(7.7ms,g=9.0,I=68)(9.3ms,g=12.0,I=74)
03-21 14:32:25.859   729 22206 I android.hardware.usb.gadget@1.0-service-ovr: event=1 on fd=7
03-21 14:32:25.879   729 22206 I chatty  : uid=0(root) gadget@1.0-serv identical 7 lines
03-21 14:32:25.880   729 22206 I android.hardware.usb.gadget@1.0-service-ovr: event=1 on fd=7
03-21 14:32:25.888  1032  1112 W InputDispatcher: channel '62a4159 com.YourCompany.VRLego/com.epicgames.ue4.GameActivity (server)' ~ Consumer closed input channel or an error occurred.  events=0x9
03-21 14:32:25.888  1032  1112 E InputDispatcher: channel '62a4159 com.YourCompany.VRLego/com.epicgames.ue4.GameActivity (server)' ~ Channel is unrecoverably broken and will be disposed!
03-21 14:32:25.889   729 22206 I android.hardware.usb.gadget@1.0-service-ovr: event=1 on fd=7
03-21 14:32:25.893  1794  2477 D VrRuntimeService: VrRuntimeService: binderDied: com.YourCompany.VRLego
03-21 14:32:25.893  1794  2477 D VrRuntimeService: VrRuntimeService: destroyClientInternal: com.YourCompany.VRLego, pid: 3979, window: null
03-21 14:32:25.893  1794  2477 I ClientMgr: ClientMgr::DestroyClient: 3979:com.YourCompany.VRLego
03-21 14:32:25.893  1794  2477 I ClientMgr: ClientMgr::DestroyClient Destroying 3 swapchain(s) for 3979:com.YourCompany.VRLego.
03-21 14:32:25.893  1794  2477 I ClientMgr: ClientMgr::DestroyClient: non-deferred ShutdownResources: 1104 == 1104 
03-21 14:32:25.893  1794  2477 I VrRuntimeServer: UnRegisterCompositorClient client(35)
03-21 14:32:25.896  1032  1339 D ConnectivityService: ConnectivityService NetworkRequestInfo binderDied(NetworkRequest [ LISTEN id=26, [ Transports: CELLULAR|WIFI|BLUETOOTH|ETHERNET|VPN Capabilities: INTERNET&NOT_RESTRICTED&TRUSTED&NOT_VPN&VALIDATED&FOREGROUND Uid: 10086] ], android.os.BinderProxy@9ff2d7f)
03-21 14:32:25.897  1812 16969 D RuntimeIPCService: binderDied: com.YourCompany.VRLego
03-21 14:32:25.897  1812 16969 D ThreadHelpers: RuntimeIPC: ThreadBase: Shutdown
03-21 14:32:25.897  1812 16969 D ThreadHelpers: RuntimeIPC: ThreadBase: RequestShutdown
03-21 14:32:25.901  1181  1181 V AvrcpMediaPlayerList: onPlaybackConfigChanged(): Configs list size=9
03-21 14:32:25.902  1181  1181 V AvrcpMediaPlayerList: onPlaybackConfigChanged(): Configs list size=8
03-21 14:32:25.903   684   684 I Zygote  : Process 3979 exited cleanly (0)
03-21 14:32:25.910   729 22206 I android.hardware.usb.gadget@1.0-service-ovr: event=1 on fd=7
03-21 14:32:25.912  2182  2221 I GuardianSystem: runtimeServiceSDKClient_.ActiveClientDestroyedEventData: package=[com.YourCompany.VRLego], process=[com.YourCompany.VRLego]
03-21 14:32:25.912  2182  2221 I GuardianSystem: OnDestroyActiveClient: com.YourCompany.VRLego
03-21 14:32:25.919   729 22206 I android.hardware.usb.gadget@1.0-service-ovr: event=1 on fd=7
03-21 14:32:25.922  6338  6423 V RCTVRNET: Request complete: time=2075 name=unknown docid=5106131356095582 traceid=Ca2FU9E0HfP code=200
03-21 14:32:25.923   729 22206 I android.hardware.usb.gadget@1.0-service-ovr: event=1 on fd=7
03-21 14:32:25.924   729 22206 I android.hardware.usb.gadget@1.0-service-ovr: event=1 on fd=7
03-21 14:32:25.927  1794  2477 I UnifiedTelemetryWrapper: Stopped UT session lifetime:com.YourCompany.VRLego
03-21 14:32:25.928   729 22206 I android.hardware.usb.gadget@1.0-service-ovr: event=1 on fd=7
03-21 14:32:25.929   729 22206 I chatty  : uid=0(root) gadget@1.0-serv identical 1 line
03-21 14:32:25.929   729 22206 I android.hardware.usb.gadget@1.0-service-ovr: event=1 on fd=7
03-21 14:32:25.932  2182  2208 D ThreadHelpers: RuntimeIPC: ThreadBase: RequestShutdown
03-21 14:32:25.936  1032  1051 W InputReader: Device has associated, but no associated display id.
03-21 14:32:25.937   729 22206 I android.hardware.usb.gadget@1.0-service-ovr: event=1 on fd=7
03-21 14:32:25.958   729 22206 I chatty  : uid=0(root) gadget@1.0-serv identical 8 lines
03-21 14:32:25.967   729 22206 I android.hardware.usb.gadget@1.0-service-ovr: event=1 on fd=7
03-21 14:32:25.969   838  2443 W [CT]    : BOLTDEPTH: BoltDepthSystem: Invalid Bolt depth system state for core depth computation: PAUSED
03-21 14:32:25.971   729 22206 I android.hardware.usb.gadget@1.0-service-ovr: event=1 on fd=7
03-21 14:32:25.971   729 22206 I android.hardware.usb.gadget@1.0-service-ovr: event=1 on fd=7
03-21 14:32:25.975  1032  1053 W InputReader: Device has associated, but no associated display id.
03-21 14:32:25.976  1032  1053 I ActivityTaskManager: Override config changes=20005df8 {0.0 ?mcc?mnc ?localeList ?layoutDir sw88dp w676dp h88dp 200dpi nrml long land ?uimode ?night -touch qwerty/v/v -nav/h winConfig={ mBounds=Rect(0, 0 - 845, 110) mAppBounds=Rect(0, 0 - 845, 110) mWindowingMode=fullscreen mDisplayWindowingMode=fullscreen mActivityType=undefined mAlwaysOnTop=undefined mRotation=ROTATION_0}} for displayId=273
03-21 14:32:25.976  1032  1051 W Looper  : Slow delivery took 257ms android.ui h=android.hardware.display.DisplayManagerGlobal$DisplayListenerDelegate c=null m=1
03-21 14:32:25.976  1032  1051 W Looper  : Slow dispatch took 242ms android.ui h=android.hardware.display.DisplayManagerGlobal$DisplayListenerDelegate c=null m=1
03-21 14:32:25.977  1032  1053 E DisplayModeDirector: Asked about unknown display, returning empty allowed set! (id=275)
03-21 14:32:25.977  1032  1053 E DisplayModeDirector: Asked about unknown display, returning empty allowed set! (id=276)
03-21 14:32:25.983  1407  6378 W ContextImpl: Calling a method in the system process without a qualified user: android.app.ContextImpl.sendBroadcast:1057 android.content.ContextWrapper.sendBroadcast:448 X.Je.A00:155 X.Je.handleMessage:80 android.os.Handler.dispatchMessage:107 
03-21 14:32:25.984   729 22206 I android.hardware.usb.gadget@1.0-service-ovr: event=1 on fd=7
03-21 14:32:25.993   729 22206 I chatty  : uid=0(root) gadget@1.0-serv identical 4 lines
03-21 14:32:25.994   729 22206 I android.hardware.usb.gadget@1.0-service-ovr: event=1 on fd=7
03-21 14:32:25.994  6338  6423 V RCTVRNET: Request complete: time=83 name=unknown docid=3986107908083466 traceid=ArstEWRCr+9 code=200
03-21 14:32:25.996  1032  8140 I WindowManager: WIN DEATH: Window{62a4159 u0 com.YourCompany.VRLego/com.epicgames.ue4.GameActivity}
03-21 14:32:25.997  1032  8140 W InputDispatcher: Attempted to unregister already unregistered input channel '62a4159 com.YourCompany.VRLego/com.epicgames.ue4.GameActivity (server)'
03-21 14:32:25.998   729 22206 I android.hardware.usb.gadget@1.0-service-ovr: event=1 on fd=7
03-21 14:32:25.999   729 22206 I chatty  : uid=0(root) gadget@1.0-serv identical 1 line
03-21 14:32:25.999   729 22206 I android.hardware.usb.gadget@1.0-service-ovr: event=1 on fd=7
03-21 14:32:26.000   838  2443 W [CT]    : BOLTDEPTH: BoltDepthSystem: Invalid Bolt depth system state for client depth computation: PAUSED
03-21 14:32:26.008   729 22206 I android.hardware.usb.gadget@1.0-service-ovr: event=1 on fd=7
03-21 14:32:26.020   729 22206 I chatty  : uid=0(root) gadget@1.0-serv identical 4 lines
03-21 14:32:26.020   729 22206 I android.hardware.usb.gadget@1.0-service-ovr: event=1 on fd=7
03-21 14:32:26.027  6338  6423 V RCTVRNET: Request complete: time=115 name=unknown docid=3986107908083466 traceid=E+Mz/NtEUip code=200
03-21 14:32:26.028   729 22206 I android.hardware.usb.gadget@1.0-service-ovr: event=1 on fd=7
03-21 14:32:26.029   729 22206 I chatty  : uid=0(root) gadget@1.0-serv identical 1 line
03-21 14:32:26.029   729 22206 I android.hardware.usb.gadget@1.0-service-ovr: event=1 on fd=7
03-21 14:32:26.035  6338  6423 V RCTVRNET: Request complete: time=122 name=unknown docid=3986107908083466 traceid=BVxZpbEJOMq code=200
03-21 14:32:26.037   729 22206 I android.hardware.usb.gadget@1.0-service-ovr: event=1 on fd=7
03-21 14:32:26.038   729 22206 I chatty  : uid=0(root) gadget@1.0-serv identical 1 line
03-21 14:32:26.038   729 22206 I android.hardware.usb.gadget@1.0-service-ovr: event=1 on fd=7
03-21 14:32:26.041  6338  6423 V RCTVRNET: Request complete: time=128 name=unknown docid=3986107908083466 traceid=DxNwWfGBHuE code=200
03-21 14:32:26.051   729 22206 I android.hardware.usb.gadget@1.0-service-ovr: event=1 on fd=7
03-21 14:32:26.059   729 22206 I chatty  : uid=0(root) gadget@1.0-serv identical 3 lines
03-21 14:32:26.059   729 22206 I android.hardware.usb.gadget@1.0-service-ovr: event=1 on fd=7
03-21 14:32:26.060  1032  1053 W InputReader: Device has associated, but no associated display id.
03-21 14:32:26.060   729 22206 I android.hardware.usb.gadget@1.0-service-ovr: event=1 on fd=7
03-21 14:32:26.060  1032  1053 I ActivityTaskManager: Override config changes=20005df8 {0.0 ?mcc?mnc ?localeList ?layoutDir sw340dp w768dp h340dp 200dpi nrml long land ?uimode ?night -touch qwerty/v/v -nav/h winConfig={ mBounds=Rect(0, 0 - 960, 425) mAppBounds=Rect(0, 0 - 960, 425) mWindowingMode=fullscreen mDisplayWindowingMode=fullscreen mActivityType=undefined mAlwaysOnTop=undefined mRotation=ROTATION_0}} for displayId=274
03-21 14:32:26.064  1032 17808 I DisplayManagerService: Display device removed: DisplayDeviceInfo{"com.oculus.android_panel_app.AndroidPanelLayer-dialog": uniqueId="virtual:com.oculus.systemux,10026,com.oculus.android_panel_app.AndroidPanelLayer-dialog,0", 525 x 90, modeId 276, defaultModeId 276, supportedModes [{id=276, width=525, height=90, fps=60.0}], colorMode 0, supportedColorModes [0], HdrCapabilities null, density 200, 200.0 x 200.0 dpi, appVsyncOff 0, presDeadline 16666666, touch NONE, rotation 0, type VIRTUAL, state ON, owner com.oculus.systemux (uid 10026), FLAG_PRIVATE, FLAG_NEVER_BLANK, FLAG_OWN_CONTENT_ONLY}
03-21 14:32:26.065  6183  6183 I AndroidPanelApp: HideLayer(dialog, shape: 1, shouldMinimizeLayer: true)
03-21 14:32:26.067   729 22206 I android.hardware.usb.gadget@1.0-service-ovr: event=1 on fd=7
03-21 14:32:26.068   729 22206 I chatty  : uid=0(root) gadget@1.0-serv identical 1 line
03-21 14:32:26.072   729 22206 I android.hardware.usb.gadget@1.0-service-ovr: event=1 on fd=7
03-21 14:32:26.074  6183  6183 I AndroidPanelApp: Processing pending hide layer for layer dialog.
03-21 14:32:26.074  6183  6183 D [SUI] AnytimeUIAndroidPanelAppV2: Received deeplink; uri: /library.
03-21 14:32:26.075  6183  6183 D [SUI] LibraryView: Constructing LibraryView
03-21 14:32:26.077   729 22206 I android.hardware.usb.gadget@1.0-service-ovr: event=1 on fd=7
03-21 14:32:26.077   729 22206 I chatty  : uid=0(root) gadget@1.0-serv identical 1 line
03-21 14:32:26.077   729 22206 I android.hardware.usb.gadget@1.0-service-ovr: event=1 on fd=7
03-21 14:32:26.086  6183  6183 D [SUI] LibraryView: Initializing LibraryView
03-21 14:32:26.090   729 22206 I android.hardware.usb.gadget@1.0-service-ovr: event=1 on fd=7
03-21 14:32:26.090   729 22206 I chatty  : uid=0(root) gadget@1.0-serv identical 1 line
03-21 14:32:26.091   729 22206 I android.hardware.usb.gadget@1.0-service-ovr: event=1 on fd=7
03-21 14:32:26.093  2809  2892 I [OAR] PanelAppHost: Setting panel layer visibility of layer "dialog" to invisible
03-21 14:32:26.093  2809  2892 I [OAR] PanelRenderLayer: ResetSurface 845 x 110 - shape:1 stereo:0
03-21 14:32:26.093  2809  2892 I [OAR] PanelRenderLayer: ResetSurface 525 x 90 - shape:1 stereo:0
03-21 14:32:26.093  2809  2892 I [OAR] PanelRenderLayer: ResetSurface 0 x 0 - shape:0 stereo:0
03-21 14:32:26.093  2809  2892 I [OAR] PanelRenderLayer: ResetSurface 0 x 0 - shape:0 stereo:0
03-21 14:32:26.093  2809  2892 I [OAR] PanelRenderLayer: ResetSurface 960 x 425 - shape:1 stereo:0
03-21 14:32:26.093  1794  2862 I VrRuntimeService: UpdateAndroidSurfaceSwapChainDimensions: 627: 960x425
03-21 14:32:26.093  1794  2862 I VrRuntimeService: UpdateSwapChainSamplerState: 627
03-21 14:32:26.093  1794  2862 I VrRuntimeService: UpdateSwapChainSamplerState: minFilter=1 magFilter=1 wrapModeS=3 warpModeT=3 maxAniso=1.000000 border={0.000000,0.000000,0.000000,0.000000}
03-21 14:32:26.093  2809  2892 I [OAR] PanelRenderLayer: Using layerTransform 2. layerWidth:960 , layerHeight:425
03-21 14:32:26.093  2809  2892 I [OAR] PanelRenderLayer: ResetSurface 270 x 425 - shape:1 stereo:0
03-21 14:32:26.094  1794  2862 I VrRuntimeService: UpdateAndroidSurfaceSwapChainDimensions: 628: 270x425
03-21 14:32:26.094  1794  2862 I VrRuntimeService: UpdateSwapChainSamplerState: 628
03-21 14:32:26.094  1794  2862 I VrRuntimeService: UpdateSwapChainSamplerState: minFilter=1 magFilter=1 wrapModeS=3 warpModeT=3 maxAniso=1.000000 border={0.000000,0.000000,0.000000,0.000000}
03-21 14:32:26.094  2809  2892 I [OAR] PanelRenderLayer: Using layerTransform 2. layerWidth:270 , layerHeight:425
03-21 14:32:26.094  2809  2892 I [OAR] PanelRenderLayer: ResetSurface 690 x 425 - shape:1 stereo:0
03-21 14:32:26.094  1794  2862 I VrRuntimeService: UpdateAndroidSurfaceSwapChainDimensions: 629: 690x425
03-21 14:32:26.094  1794  2862 I VrRuntimeService: UpdateSwapChainSamplerState: 629
03-21 14:32:26.094  1794  2862 I VrRuntimeService: UpdateSwapChainSamplerState: minFilter=1 magFilter=1 wrapModeS=3 warpModeT=3 maxAniso=1.000000 border={0.000000,0.000000,0.000000,0.000000}
03-21 14:32:26.094  2809  2892 I [OAR] PanelRenderLayer: Using layerTransform 2. layerWidth:690 , layerHeight:425
03-21 14:32:26.094  2809  2892 I [OAR] PanelRenderLayer: ResetSurface 0 x 0 - shape:0 stereo:0
03-21 14:32:26.094  2809  2892 I [OAR] PanelRenderLayer: ResetSurface 0 x 0 - shape:0 stereo:0
03-21 14:32:26.094  2809  2892 I [OAR] VrShellDesktopBase: Looking for panel not in monitors. Looking in the background task map
03-21 14:32:26.094  2809  2892 I [OAR] PanelAppHost: Resize layer dialog to size 1 x 1 shape:1 stereo:0
03-21 14:32:26.094  2809  2892 I [OAR] PanelRenderLayer: ResetSurface 1 x 1 - shape:1 stereo:0
03-21 14:32:26.097   729 22206 I android.hardware.usb.gadget@1.0-service-ovr: event=1 on fd=7
03-21 14:32:26.120   729 22206 I chatty  : uid=0(root) gadget@1.0-serv identical 7 lines
03-21 14:32:26.120   729 22206 I android.hardware.usb.gadget@1.0-service-ovr: event=1 on fd=7
03-21 14:32:26.120  1032  1051 W InputReader: Device has associated, but no associated display id.
03-21 14:32:26.129  1032  1051 W Looper  : Slow dispatch took 152ms android.ui h=android.hardware.display.DisplayManagerGlobal$DisplayListenerDelegate c=null m=1
03-21 14:32:26.130   729 22206 I android.hardware.usb.gadget@1.0-service-ovr: event=1 on fd=7
03-21 14:32:26.148   729 22206 I chatty  : uid=0(root) gadget@1.0-serv identical 7 lines
03-21 14:32:26.149   729 22206 I android.hardware.usb.gadget@1.0-service-ovr: event=1 on fd=7
03-21 14:32:26.157  1032  1051 W InputReader: Device has associated, but no associated display id.
03-21 14:32:26.159   729 22206 I android.hardware.usb.gadget@1.0-service-ovr: event=1 on fd=7
03-21 14:32:26.178   729 22206 I chatty  : uid=0(root) gadget@1.0-serv identical 7 lines
03-21 14:32:26.180   729 22206 I android.hardware.usb.gadget@1.0-service-ovr: event=1 on fd=7
03-21 14:32:26.186  2768  6333 I VrApi   : FPS=42/72,Prd=35ms,Tear=0,Early=70,Stale=12,VSnc=1,Lat=1,Fov=0,CPU4/GPU=2/3,1382/490MHz,OC=FF,TA=0/70/0,SP=N/F/N,Mem=2092MHz,Free=1900MB,PLS=0,Temp=29.7C/0.0C,TW=5.60ms,App=0.14ms,GD=0.78ms,CPU&GPU=9.11ms,LCnt=0,GPU%=0.42,CPU%=0.14(W0.18),DSF=1.00
03-21 14:32:26.189  1032  1381 I ActivityManager: Process com.YourCompany.VRLego (pid 3979) has died: cch CRE 
03-21 14:32:26.189   729 22206 I android.hardware.usb.gadget@1.0-service-ovr: event=1 on fd=7
03-21 14:32:26.190   729 22206 I chatty  : uid=0(root) gadget@1.0-serv identical 1 line
03-21 14:32:26.190   729 22206 I android.hardware.usb.gadget@1.0-service-ovr: event=1 on fd=7
03-21 14:32:26.196  1032  1051 W Looper  : Drained
03-21 14:32:26.197  1032  1061 I libprocessgroup: Successfully killed process cgroup uid 10086 pid 3979 in 0ms
03-21 14:32:26.198   729 22206 I android.hardware.usb.gadget@1.0-service-ovr: event=1 on fd=7
03-21 14:32:26.209   729 22206 I chatty  : uid=0(root) gadget@1.0-serv identical 4 lines
03-21 14:32:26.209   729 22206 I android.hardware.usb.gadget@1.0-service-ovr: event=1 on fd=7
03-21 14:32:26.215  2182  2940 I VrGuardianService: GuardianSDKServer::SetGuardianCanPaint
03-21 14:32:26.219   729 22206 I android.hardware.usb.gadget@1.0-service-ovr: event=1 on fd=7
03-21 14:32:26.229   729 22206 I chatty  : uid=0(root) gadget@1.0-serv identical 4 lines
03-21 14:32:26.229   729 22206 I android.hardware.usb.gadget@1.0-service-ovr: event=1 on fd=7
03-21 14:32:26.234  2768  6333 I VrApi   : FPS=41/90,Prd=25ms,Tear=0,Early=0,Stale=90,VSnc=1,Lat=1,Fov=0,CPU4/GPU=4/3,1478/490MHz,OC=FF,TA=0/70/0,SP=N/F/N,Mem=2092MHz,Free=2017MB,PLS=0,Temp=29.7C/0.0C,TW=6.65ms,App=16.38ms,GD=1.97ms,CPU&GPU=40.05ms,LCnt=3,GPU%=0.90,CPU%=0.26(W0.26),DSF=1.00
03-21 14:32:26.238   729 22206 I android.hardware.usb.gadget@1.0-service-ovr: event=1 on fd=7
03-21 14:32:26.239   729 22206 I chatty  : uid=0(root) gadget@1.0-serv identical 1 line
03-21 14:32:26.239   729 22206 I android.hardware.usb.gadget@1.0-service-ovr: event=1 on fd=7
03-21 14:32:26.242  1032  1053 W ActivityManager: setHasOverlayUi called on unknown pid: 3979
03-21 14:32:26.247  1032  1053 W InputReader: Device has associated, but no associated display id.
03-21 14:32:26.247  1032  1053 I ActivityTaskManager: Override config changes=20005df8 {0.0 ?mcc?mnc ?localeList ?layoutDir sw216dp w216dp h340dp 200dpi smll port ?uimode ?night -touch qwerty/v/v -nav/h winConfig={ mBounds=Rect(0, 0 - 270, 425) mAppBounds=Rect(0, 0 - 270, 425) mWindowingMode=fullscreen mDisplayWindowingMode=fullscreen mActivityType=undefined mAlwaysOnTop=undefined mRotation=ROTATION_0}} for displayId=275
03-21 14:32:26.249   729 22206 I android.hardware.usb.gadget@1.0-service-ovr: event=1 on fd=7
03-21 14:32:26.250   729 22206 I android.hardware.usb.gadget@1.0-service-ovr: event=1 on fd=7
03-21 14:32:26.251  1032  1053 W InputReader: Device has associated, but no associated display id.
03-21 14:32:26.251  1032  1053 I ActivityTaskManager: Override config changes=20005df8 {0.0 ?mcc?mnc ?localeList ?layoutDir sw340dp w552dp h340dp 200dpi nrml land ?uimode ?night -touch qwerty/v/v -nav/h winConfig={ mBounds=Rect(0, 0 - 690, 425) mAppBounds=Rect(0, 0 - 690, 425) mWindowingMode=fullscreen mDisplayWindowingMode=fullscreen mActivityType=undefined mAlwaysOnTop=undefined mRotation=ROTATION_0}} for displayId=276
03-21 14:32:26.251   729 22206 I android.hardware.usb.gadget@1.0-service-ovr: event=1 on fd=7
03-21 14:32:26.291   729 22206 I chatty  : uid=0(root) gadget@1.0-serv identical 11 lines
03-21 14:32:26.293   729 22206 I android.hardware.usb.gadget@1.0-service-ovr: event=1 on fd=7
03-21 14:32:26.294   727   765 I android.hardware.power@1.3-service-libperfmgr: Ignoring hint 2
03-21 14:32:26.294   727   765 I android.hardware.power@1.3-service-libperfmgr: Ignoring hint 2
03-21 14:32:26.298   729 22206 I android.hardware.usb.gadget@1.0-service-ovr: event=1 on fd=7
03-21 14:32:26.298   729 22206 I chatty  : uid=0(root) gadget@1.0-serv identical 1 line
03-21 14:32:26.298   729 22206 I android.hardware.usb.gadget@1.0-service-ovr: event=1 on fd=7
03-21 14:32:26.301  1794  2122 I ServiceInputManager: system button SetHomeButtonDownState 119554
03-21 14:32:26.301  1794  2122 I ServiceInputManager: system button down, should reset recenter timer
03-21 14:32:26.301  1794  2122 I ServiceInputManager: HOME BUTTON shared state changed:  hardware ID 1122751236883980236  UpdateCount: 3 
03-21 14:32:26.301  1794  2122 I RecenterTimer: UpdateTimerData(119554.79 119555.29)
03-21 14:32:26.301  6183  6183 D [SUI] LibraryViewModel: Organization Id fetched with Device Config: 2307425616184313
03-21 14:32:26.301  6183  6183 D [SUI] LibraryStateHelper: App Migration Dialog is blocked.
03-21 14:32:26.302  6183  6183 D [SUI] AnytimeUIPanelAppBase: Acquiring viewModel LibraryViewModel refCount: 1
03-21 14:32:26.302  6183  6183 D [SUI] AnytimeUIPanelAppBase: Acquiring viewModel SettingsViewModel refCount: 3
03-21 14:32:26.302  6183  6183 D UnifiedTelemetryLogger: Already initialized.
03-21 14:32:26.302  6183  6183 D [SUI] LibraryViewModel: Setting platform options.
03-21 14:32:26.302  6183  6183 D [SUI] LibraryViewModel: Setting sorter options.
03-21 14:32:26.302  6183  6183 D [SUI] LibraryViewModel: Setting current platform to be: Quest.
03-21 14:32:26.302  6183  6183 W Settings: Setting adb_enabled has moved from android.provider.Settings.Secure to android.provider.Settings.Global.
03-21 14:32:26.302  6183  6183 D [SUI] LibraryViewModel: Setting filter options.
03-21 14:32:26.302  6183  6183 D [SUI] LibraryViewModel: Setting current filter to be: All.
03-21 14:32:26.302  6183  6183 D [SUI] LibraryViewModel: Setting current sorter to be: Recent.
03-21 14:32:26.304  6183  6183 D [SUI] LibrarySyncing: Checking if there is currently an app fetch in progress for: all_apps
03-21 14:32:26.304  6183  6183 D [SUI] LibrarySyncing: No existing app fetch in progress, we are clear to execute the app fetch for: all_apps
03-21 14:32:26.304  6183  6183 D [SUI] LibrarySyncing: Starting fetch for all apps. Initial fetch: true
03-21 14:32:26.304  6183  6183 D [SUI] LibraryFetcher: Starting app fetch: all_apps
03-21 14:32:26.304  6183  6214 D [SUI] DiskCache: Read cached file from cache at /data/user/0/com.oculus.systemux/cache/library/apps
03-21 14:32:26.309  1032  1032 W Looper  : Slow dispatch took 750ms main h=android.os.Handler c=android.app.AlarmManager$ListenerWrapper@6789e05 m=0
03-21 14:32:26.310  1032  1032 W Looper  : Slow delivery took 576ms main h=android.hardware.display.DisplayManagerGlobal$DisplayListenerDelegate c=null m=1
03-21 14:32:26.310   729 22206 I android.hardware.usb.gadget@1.0-service-ovr: event=1 on fd=7
03-21 14:32:26.311  6183  6214 D [SUI] LibraryCacheHelper: Finished loading apps from cache in 7 ms
03-21 14:32:26.312  6183  6214 D [SUI] LibrarySyncing: Updated Library data source for all apps
03-21 14:32:26.312  6183  6214 W Settings: Setting adb_enabled has moved from android.provider.Settings.Secure to android.provider.Settings.Global.
03-21 14:32:26.312  6183  6214 D [SUI] LibraryTTI: Apps cache fetched and populated successfully, 226ms after initialization started.
03-21 14:32:26.318   729 22206 I android.hardware.usb.gadget@1.0-service-ovr: event=1 on fd=7
03-21 14:32:26.318   729 22206 I chatty  : uid=0(root) gadget@1.0-serv identical 1 line
03-21 14:32:26.319   729 22206 I android.hardware.usb.gadget@1.0-service-ovr: event=1 on fd=7
03-21 14:32:26.323  6183  6183 D [SUI] EmptyView: Hiding EmptyView
03-21 14:32:26.323  6183  6183 D [SUI] LibraryView: Showing LibraryView
03-21 14:32:26.323  6183  6183 D [SUI] LibraryLogger: Library Session ID Generated: 2d09b38f-9def-46f6-af83-672e4dee25fb
03-21 14:32:26.323  6183  6183 D [SUI] MemoryManager: Executing clearViewCache - maxAgeSecs: 0
03-21 14:32:26.323  6183  6183 D [SUI] EmptyView: Destroying EmptyView
03-21 14:32:26.323  6183  6183 I [SUI] AnytimeUIAndroidPanelAppV2: updateActiveComponent - com.oculus.systemux/com.oculus.panelapp.anytimeui.AnytimeUIAndroidPanelService, returnComponent = com.YourCompany.VRLego
03-21 14:32:26.326  1794  2121 D ThreadHelpers: RuntimeIPC: ThreadBase: RequestShutdown
03-21 14:32:26.326  1794  4074 I VrRuntimeService: RuntimeIPC: IPC_SYSTEM_EVENT_CLIENT_DISCONNECTED: com.YourCompany.VRLego:3979
03-21 14:32:26.328   729 22206 I android.hardware.usb.gadget@1.0-service-ovr: event=1 on fd=7
03-21 14:32:26.398  1032  1032 W Looper  : Drained
03-21 14:32:26.400   729 22206 I chatty  : uid=0(root) gadget@1.0-serv identical 22 lines
03-21 14:32:26.401   729 22206 I android.hardware.usb.gadget@1.0-service-ovr: event=1 on fd=7
03-21 14:32:26.401  1407  1429 I nifiedtelemetr: Background concurrent copying GC freed 85363(5473KB) AllocSpace objects, 6(216KB) LOS objects, 49% free, 3593KB/7187KB, paused 291us total 365.209ms
03-21 14:32:26.402  2024 10489 I LibraryProvider: running queryApp(com.YourCompany.VRLego) for com.oculus.systemux
03-21 14:32:26.402  2024 10489 W LibraryProvider: Cannot find entitlement for com.YourCompany.VRLego
03-21 14:32:26.404  6183  6183 W OVRLibrary: null cursor received for query content://com.oculus.ocms.library/apps/com.YourCompany.VRLego
03-21 14:32:26.409  2024  7061 I LibraryProvider: running queryAllApps() for com.oculus.systemux
03-21 14:32:26.410   729 22206 I android.hardware.usb.gadget@1.0-service-ovr: event=1 on fd=7
03-21 14:32:26.410   729 22206 I chatty  : uid=0(root) gadget@1.0-serv identical 1 line
03-21 14:32:26.410   729 22206 I android.hardware.usb.gadget@1.0-service-ovr: event=1 on fd=7
03-21 14:32:26.412  1794  2122 I ServiceInputManager: system button SetHomeButtonUpState 119554
03-21 14:32:26.412  1794  2122 I ServiceInputManager: HOME BUTTON shared state changed:  hardware ID 1122751236883980236  UpdateCount: 4 
03-21 14:32:26.412  1794  2122 I RecenterTimer: UpdateTimerData(-1.00 -1.00)
03-21 14:32:26.413   727   765 I android.hardware.power@1.3-service-libperfmgr: Ignoring hint 2
03-21 14:32:26.414   727   765 I android.hardware.power@1.3-service-libperfmgr: Ignoring hint 2
03-21 14:32:26.419   729 22206 I android.hardware.usb.gadget@1.0-service-ovr: event=1 on fd=7
03-21 14:32:26.420   729 22206 I chatty  : uid=0(root) gadget@1.0-serv identical 1 line
03-21 14:32:26.420   729 22206 I android.hardware.usb.gadget@1.0-service-ovr: event=1 on fd=7
03-21 14:32:26.423  2024 11913 I LibraryProvider: running queryAllApps() for com.oculus.systemux
03-21 14:32:26.427   729 22206 I android.hardware.usb.gadget@1.0-service-ovr: event=1 on fd=7
03-21 14:32:26.449   729 22206 I chatty  : uid=0(root) gadget@1.0-serv identical 7 lines
03-21 14:32:26.449   729 22206 I android.hardware.usb.gadget@1.0-service-ovr: event=1 on fd=7
03-21 14:32:26.456  2024 10489 I LibraryProvider: running queryApp(com.YourCompany.VRLego) for com.oculus.systemux
03-21 14:32:26.459  2024 10489 W LibraryProvider: Cannot find entitlement for com.YourCompany.VRLego
03-21 14:32:26.460   729 22206 I android.hardware.usb.gadget@1.0-service-ovr: event=1 on fd=7
03-21 14:32:26.460  6183  6183 W OVRLibrary: null cursor received for query content://com.oculus.ocms.library/apps/com.YourCompany.VRLego
03-21 14:32:26.461   729 22206 I android.hardware.usb.gadget@1.0-service-ovr: event=1 on fd=7
03-21 14:32:26.461   729 22206 I android.hardware.usb.gadget@1.0-service-ovr: event=1 on fd=7
03-21 14:32:26.462  6183  6183 D [SUI] SharingViewModel: clearAbuseReportRecordingTimer
03-21 14:32:26.462  6183  6183 I [SUI] AnytimeUIAndroidPanelAppV2: updateControllerBattery - left, 100 percent
03-21 14:32:26.463  6183  6183 I [SUI] AnytimeUIAndroidPanelAppV2: updateControllerBattery - right, 100 percent
03-21 14:32:26.463  6183  6183 I [SUI] AnytimeUIAndroidPanelAppV2: updateLiveStreamStatus - isLiveStreaming=false, allowed=false
03-21 14:32:26.463  6183  6183 I [SUI] AnytimeUIAndroidPanelAppV2: updateCaptureAllowed - true capturing - false
03-21 14:32:26.463  6183  6183 I [SUI] AnytimeUIAndroidPanelAppV2: updateLocalStreamState - false
03-21 14:32:26.463  6183  6183 I [SUI] AnytimeUIAndroidPanelAppV2: updateGuardianStatus - false - 2 - false - true
03-21 14:32:26.466  6183  6183 D [SUI] StatusView: Updating WIFI button and tooltips
03-21 14:32:26.468   729 22206 I android.hardware.usb.gadget@1.0-service-ovr: event=1 on fd=7
03-21 14:32:26.472   729 22206 I chatty  : uid=0(root) gadget@1.0-serv identical 1 line
03-21 14:32:26.472   729 22206 I android.hardware.usb.gadget@1.0-service-ovr: event=1 on fd=7
03-21 14:32:26.475  6183  6183 D [SUI] SocialViewModel: refreshHiPriData()
03-21 14:32:26.475  6183  6183 D [SUI] SocialViewModel: loadFriends()
03-21 14:32:26.475  6183  6183 D [SUI] SocialViewModel: refreshLowPriData()
03-21 14:32:26.475  6183  6183 D [SUI] SocialViewModel: loadPYMKs()
03-21 14:32:26.475  6183  6183 D [SUI] SocialViewModel: loadJoinableParties()
03-21 14:32:26.475  6183  6183 D [SUI] SocialViewModel: loadSocialViewerInfo()
03-21 14:32:26.475  6183  6183 D [SUI] SocialViewModel: refresPartyData()
03-21 14:32:26.475  6183  6183 I AndroidPanelApp: Processing pending show layer info for layer #main with width 845 and height 110.
03-21 14:32:26.475  6183  6183 I AndroidPanelApp: layerSupersample no changes
03-21 14:32:26.475  6183  6183 I AndroidPanelApp: Processing pending show layer info for layer tablet with width 960 and height 425.
03-21 14:32:26.475  6183  6183 I AndroidPanelApp: layerSupersample no changes
03-21 14:32:26.475  6183  6183 I AndroidPanelApp: Processing pending show layer info for layer tabletNav with width 270 and height 425.
03-21 14:32:26.475  6183  6183 I AndroidPanelApp: layerSupersample no changes
03-21 14:32:26.475  6183  6183 I AndroidPanelApp: Processing pending show layer info for layer tabletContent with width 690 and height 425.
03-21 14:32:26.475  6183  6183 I AndroidPanelApp: layerSupersample no changes
03-21 14:32:26.476  6183  6183 D [SUI] NotificationBroadcastReceiver: action: com.oculus.intent.action.NOTIF_CHANGE
03-21 14:32:26.476  6183  6183 I NotificationManagerSourceHandler: Dataset has changed
03-21 14:32:26.478   729 22206 I android.hardware.usb.gadget@1.0-service-ovr: event=1 on fd=7
03-21 14:32:26.518   729 22206 I chatty  : uid=0(root) gadget@1.0-serv identical 13 lines
03-21 14:32:26.518   729 22206 I android.hardware.usb.gadget@1.0-service-ovr: event=1 on fd=7
03-21 14:32:26.519   854  6161 I [CT]    : HealthReport: Everything Passed =)
03-21 14:32:26.523  6183  6183 D NativeNotification: oculus_notification_category is missing. Defaulting to device category
03-21 14:32:26.523  6183  6183 D NativeNotification: oculus_notification_category is missing. Defaulting to device category
03-21 14:32:26.524  6183  6183 I [SUI] OVRAuthHelper: fetchAuthToken - completed, result: -1
03-21 14:32:26.524  6183  6183 D [SUI] HorizonContentProviderHelper: fetchAppsScoreboardsInfo - complete
03-21 14:32:26.528  6183  6183 I Choreographer: Skipped 283 frames!  The application may be doing too much work on its main thread.
03-21 14:32:26.529   729 22206 I android.hardware.usb.gadget@1.0-service-ovr: event=1 on fd=7
03-21 14:32:26.529   729 22206 I chatty  : uid=0(root) gadget@1.0-serv identical 1 line
03-21 14:32:26.529   729 22206 I android.hardware.usb.gadget@1.0-service-ovr: event=1 on fd=7
03-21 14:32:26.530  2126  2126 D [OAO] VrBroadcastReceiver: action: com.oculus.vrshell.intent.action.NOTIFICATION_WAKE
03-21 14:32:26.538   729 22206 I android.hardware.usb.gadget@1.0-service-ovr: event=1 on fd=7
