03-21 14:32:24.509   729 22206 I android.hardware.usb.gadget@1.0-service-ovr: event=1 on fd=7
03-21 14:32:24.513  2024  2040 I LibraryProvider: running queryApp(com.oculus.explore) for com.oculus.uid:10031
03-21 14:32:24.518   729 22206 I android.hardware.usb.gadget@1.0-service-ovr: event=1 on fd=7
03-21 14:32:24.519   729 22206 I android.hardware.usb.gadget@1.0-service-ovr: event=1 on fd=7
03-21 14:32:24.520   729 22206 I android.hardware.usb.gadget@1.0-service-ovr: event=1 on fd=7
03-21 14:32:24.525  2024 10489 I LibraryProvider: running queryApp(com.oculus.explore) for com.oculus.uid:10031
03-21 14:32:24.528   729 22206 I android.hardware.usb.gadget@1.0-service-ovr: event=1 on fd=7
03-21 14:32:24.528   729 22206 I chatty  : uid=0(root) gadget@1.0-serv identical 1 line
03-21 14:32:24.528   729 22206 I android.hardware.usb.gadget@1.0-service-ovr: event=1 on fd=7
03-21 14:32:24.530  3979  4011 I VrApi   : Unhandled ovrRuntime Event 13
03-21 14:32:24.530  3979  4011 I VrApi   : Received ovrRuntime event 11
03-21 14:32:24.530  3979  4011 I OVRPlugin: HandleVrapiEvents: Unknown Event.
03-21 14:32:24.532  2024  7061 I LibraryProvider: running queryApp(com.oculus.explore) for com.oculus.uid:10031
03-21 14:32:24.538   729 22206 I android.hardware.usb.gadget@1.0-service-ovr: event=1 on fd=7
03-21 14:32:24.539   729 22206 I chatty  : uid=0(root) gadget@1.0-serv identical 1 line
03-21 14:32:24.539   729 22206 I android.hardware.usb.gadget@1.0-service-ovr: event=1 on fd=7
03-21 14:32:24.542  3979  4011 I OVRPlugin: HandleVrapiEvents: Unknown Event.
03-21 14:32:24.542  3979  4011 W VrApi   : IsOvrValid: ovr->Destroyed == true. Package: com.YourCompany.VRLego
03-21 14:32:24.549   729 22206 I android.hardware.usb.gadget@1.0-service-ovr: event=1 on fd=7
03-21 14:32:24.558   729 22206 I chatty  : uid=0(root) gadget@1.0-serv identical 4 lines
03-21 14:32:24.558   729 22206 I android.hardware.usb.gadget@1.0-service-ovr: event=1 on fd=7
03-21 14:32:24.560  6183  6214 D [SUI] AnytimeUIPanelAppBase: Finished Initializing Oculus User Manager
03-21 14:32:24.561  3979  4011 W VrApi   : vrapi_GetPredictedTracking2: ovr is invalid
03-21 14:32:24.567   729 22206 I android.hardware.usb.gadget@1.0-service-ovr: event=1 on fd=7
03-21 14:32:24.567   729 22206 I android.hardware.usb.gadget@1.0-service-ovr: event=1 on fd=7
03-21 14:32:24.568  6183  6183 I AndroidPanelApp: Processing next frame action "layerShow" for layer "tablet"
03-21 14:32:24.568   729 22206 I android.hardware.usb.gadget@1.0-service-ovr: event=1 on fd=7
03-21 14:32:24.568  6183  6183 I AndroidPanelApp: nextFrameAction(layerShow, tablet)
03-21 14:32:24.568  6183  6183 I AndroidPanelApp: layerShow acknowledged for tablet
03-21 14:32:24.568  6183  6183 I AndroidPanelApp: tryShowLayer(tablet)
03-21 14:32:24.568  6183  6183 I AndroidPanelLayer: Showing layer tablet
03-21 14:32:24.569  1032  1051 W Looper  : Slow dispatch took 127ms android.ui h=android.hardware.display.DisplayManagerGlobal$DisplayListenerDelegate c=null m=2
03-21 14:32:24.569  1032  1053 I DisplayManagerService: Display device changed state: "com.oculus.android_panel_app.AndroidPanelLayer-tablet", ON
03-21 14:32:24.570  6183  6183 I AndroidPanelLayer: Unhiding layer tablet
03-21 14:32:24.577   729 22206 I android.hardware.usb.gadget@1.0-service-ovr: event=1 on fd=7
03-21 14:32:24.577   729 22206 I chatty  : uid=0(root) gadget@1.0-serv identical 1 line
03-21 14:32:24.578   729 22206 I android.hardware.usb.gadget@1.0-service-ovr: event=1 on fd=7
03-21 14:32:24.579  6338  6382 I GraphQLPrefetch: Completed request for 5106131356095582 in 1597ms
03-21 14:32:24.587  6338  6382 D GraphQLPrefetch: Pushing prefetch responses
03-21 14:32:24.590   729 22206 I android.hardware.usb.gadget@1.0-service-ovr: event=1 on fd=7
03-21 14:32:24.591   729 22206 I chatty  : uid=0(root) gadget@1.0-serv identical 1 line
03-21 14:32:24.591   729 22206 I android.hardware.usb.gadget@1.0-service-ovr: event=1 on fd=7
03-21 14:32:24.596  6338  6407 I RCTVR_HERMES: [info]: Got data for docid=5106131356095582 from native prefetch
03-21 14:32:24.597   729 22206 I android.hardware.usb.gadget@1.0-service-ovr: event=1 on fd=7
03-21 14:32:24.597   729 22206 I chatty  : uid=0(root) gadget@1.0-serv identical 1 line
03-21 14:32:24.597   729 22206 I android.hardware.usb.gadget@1.0-service-ovr: event=1 on fd=7
03-21 14:32:24.607  6183  6183 I AndroidPanelApp: Processing next frame action "layerShow" for layer "tabletNav"
03-21 14:32:24.607  6183  6183 I AndroidPanelApp: nextFrameAction(layerShow, tabletNav)
03-21 14:32:24.607  6183  6183 I AndroidPanelApp: layerShow acknowledged for tabletNav
03-21 14:32:24.607  6183  6183 I AndroidPanelApp: tryShowLayer(tabletNav)
03-21 14:32:24.607  6183  6183 I AndroidPanelLayer: Showing layer tabletNav
03-21 14:32:24.608   729 22206 I android.hardware.usb.gadget@1.0-service-ovr: event=1 on fd=7
03-21 14:32:24.609   729 22206 I chatty  : uid=0(root) gadget@1.0-serv identical 1 line
03-21 14:32:24.609   729 22206 I android.hardware.usb.gadget@1.0-service-ovr: event=1 on fd=7
03-21 14:32:24.612  6183  6183 I AndroidPanelLayer: Unhiding layer tabletNav
03-21 14:32:24.617   729 22206 I android.hardware.usb.gadget@1.0-service-ovr: event=1 on fd=7
03-21 14:32:24.639   729 22206 I chatty  : uid=0(root) gadget@1.0-serv identical 7 lines
03-21 14:32:24.639   729 22206 I android.hardware.usb.gadget@1.0-service-ovr: event=1 on fd=7
03-21 14:32:24.641  6183  6183 I AndroidPanelApp: Processing next frame action "layerShow" for layer "tabletContent"
03-21 14:32:24.641  6183  6183 I AndroidPanelApp: nextFrameAction(layerShow, tabletContent)
03-21 14:32:24.641  6183  6183 I AndroidPanelApp: layerShow acknowledged for tabletContent
03-21 14:32:24.641  6183  6183 I AndroidPanelApp: tryShowLayer(tabletContent)
03-21 14:32:24.641  6183  6183 I AndroidPanelLayer: Showing layer tabletContent
03-21 14:32:24.641  1032  1053 I DisplayManagerService: Display device changed state: "com.oculus.android_panel_app.AndroidPanelLayer-tabletNav", ON
03-21 14:32:24.641  6338  6407 I ReactNativeExecutorHermes: Timestamp- markerPoint: 119552625
03-21 14:32:24.657  1032  1051 W Looper  : Drained
03-21 14:32:24.663  1032  1053 I DisplayManagerService: Display device changed state: "com.oculus.android_panel_app.AndroidPanelLayer-tabletContent", ON
03-21 14:32:24.664  6183  6183 I AndroidPanelLayer: Unhiding layer tabletContent
03-21 14:32:24.667   729 22206 I android.hardware.usb.gadget@1.0-service-ovr: event=1 on fd=7
03-21 14:32:24.671   729 22206 I chatty  : uid=0(root) gadget@1.0-serv identical 2 lines
03-21 14:32:24.674   729 22206 I android.hardware.usb.gadget@1.0-service-ovr: event=1 on fd=7
03-21 14:32:24.674 22262 22309 D xrstreaming: receive ping: org 0 recv 0 xmt 233627397905600 (received at 119552658173526), offset divergence 40129
03-21 14:32:24.675   729 22206 I android.hardware.usb.gadget@1.0-service-ovr: event=1 on fd=7
03-21 14:32:24.680   729 22206 I chatty  : uid=0(root) gadget@1.0-serv identical 7 lines
03-21 14:32:24.681   729 22206 I android.hardware.usb.gadget@1.0-service-ovr: event=1 on fd=7
03-21 14:32:24.684  6338  6407 W RCTVR_HERMES: [warn]: QEData empty or corrupt for sessionless__oculus_feed_3d_hero_unit_universe
03-21 14:32:24.686  2182  2445 W [CT]    : MIXEDREALITY: MrRuntimeImpl: Timed out to lock render data mutex.
03-21 14:32:24.687   729 22206 I android.hardware.usb.gadget@1.0-service-ovr: event=1 on fd=7
03-21 14:32:24.699   729 22206 I chatty  : uid=0(root) gadget@1.0-serv identical 4 lines
03-21 14:32:24.699   729 22206 I android.hardware.usb.gadget@1.0-service-ovr: event=1 on fd=7
03-21 14:32:24.707  6338  6407 W RCTVR_HERMES: [warn]: QEData empty or corrupt for sessionless__oculus_feeds_hero_unit_v2
03-21 14:32:24.708   729 22206 I android.hardware.usb.gadget@1.0-service-ovr: event=1 on fd=7
03-21 14:32:24.708   729 22206 I chatty  : uid=0(root) gadget@1.0-serv identical 1 line
03-21 14:32:24.709   729 22206 I android.hardware.usb.gadget@1.0-service-ovr: event=1 on fd=7
03-21 14:32:24.717  6183  6183 I [SUI] AnytimeUIAndroidPanelAppV2: configureDialog:  systemux://dialog/quest-show-taskbar [systemux://dialog/quest-show-taskbar] ()
03-21 14:32:24.717  6183  6183 I [SUI] AnytimeUIAndroidPanelAppV2: actionSetRoute - Route:  QUEST_SHOW_TASKBAR(systemux://dialog/quest-show-taskbar)
03-21 14:32:24.717  6183  6183 I AndroidPanelApp: ensurePanelLayer(layer: dialog, width: 420, height: 100, resize: WRAP_CONTENT_HEIGHT, view creator: dialog)
03-21 14:32:24.717  6183  6183 I AndroidPanelApp: ensurePanelLayer(layer: dialog, width: 420, height: 100, resize behavior: WRAP_CONTENT_HEIGHT)
03-21 14:32:24.717  6183  6183 I AndroidPanelLayer: Setting spec for layer "dialog"
03-21 14:32:24.717  6183  6183 I AndroidPanelLayer: Setting size of layer "dialog" to have width 525 and height 1250
03-21 14:32:24.717  6183  6183 I AndroidPanelLayer: Destroying presentation for layer "dialog".
03-21 14:32:24.717  6183  6183 I AndroidPanelLayer: Creating presentation for layer "dialog" with width 525 and height 1250
03-21 14:32:24.718   729 22206 I android.hardware.usb.gadget@1.0-service-ovr: event=1 on fd=7
03-21 14:32:24.721  1032  5361 I DisplayManagerService: Display device added: DisplayDeviceInfo{"com.oculus.android_panel_app.AndroidPanelLayer-dialog": uniqueId="virtual:com.oculus.systemux,10026,com.oculus.android_panel_app.AndroidPanelLayer-dialog,0", 525 x 1250, modeId 275, defaultModeId 275, supportedModes [{id=275, width=525, height=1250, fps=60.0}], colorMode 0, supportedColorModes [0], HdrCapabilities null, density 200, 200.0 x 200.0 dpi, appVsyncOff 0, presDeadline 16666666, touch NONE, rotation 0, type VIRTUAL, state OFF, owner com.oculus.systemux (uid 10026), FLAG_PRIVATE, FLAG_NEVER_BLANK, FLAG_OWN_CONTENT_ONLY}
03-21 14:32:24.749   729 22206 I chatty  : uid=0(root) gadget@1.0-serv identical 10 lines
03-21 14:32:24.749   729 22206 I android.hardware.usb.gadget@1.0-service-ovr: event=1 on fd=7
03-21 14:32:24.750  6338  6407 W RCTVR_HERMES: [warn]: QEData empty or corrupt for sessionless__oculus_explore_context_menu
03-21 14:32:24.759   729 22206 I android.hardware.usb.gadget@1.0-service-ovr: event=1 on fd=7
03-21 14:32:24.771   729 22206 I chatty  : uid=0(root) gadget@1.0-serv identical 3 lines
03-21 14:32:24.771   729 22206 I android.hardware.usb.gadget@1.0-service-ovr: event=1 on fd=7
03-21 14:32:24.772  6183  6183 I AndroidPanelApp: measureLayerView adjusting initial height from 1250 to 1250 due to resize behavior.
03-21 14:32:24.772  6183  6183 I AndroidPanelApp: measureLayerView with initial width 525, initial height 1250, resize behavior WRAP_CONTENT_HEIGHT.
03-21 14:32:24.772   729 22206 I android.hardware.usb.gadget@1.0-service-ovr: event=1 on fd=7
03-21 14:32:24.772  6183  6183 I AndroidPanelApp: Measured width 525 and height 90.
03-21 14:32:24.772  6183  6183 I AndroidPanelLayer: Setting size of layer "dialog" to have width 525 and height 90
03-21 14:32:24.772  6183  6183 I AndroidPanelLayer: Destroying presentation for layer "dialog".
03-21 14:32:24.773  1032  3178 I DisplayManagerService: Display device removed: DisplayDeviceInfo{"com.oculus.android_panel_app.AndroidPanelLayer-dialog": uniqueId="virtual:com.oculus.systemux,10026,com.oculus.android_panel_app.AndroidPanelLayer-dialog,0", 525 x 1250, modeId 275, defaultModeId 275, supportedModes [{id=275, width=525, height=1250, fps=60.0}], colorMode 0, supportedColorModes [0], HdrCapabilities null, density 200, 200.0 x 200.0 dpi, appVsyncOff 0, presDeadline 16666666, touch NONE, rotation 0, type VIRTUAL, state OFF, owner com.oculus.systemux (uid 10026), FLAG_PRIVATE, FLAG_NEVER_BLANK, FLAG_OWN_CONTENT_ONLY}
03-21 14:32:24.781   729 22206 I android.hardware.usb.gadget@1.0-service-ovr: event=1 on fd=7
03-21 14:32:24.799   729 22206 I chatty  : uid=0(root) gadget@1.0-serv identical 7 lines
03-21 14:32:24.799   729 22206 I android.hardware.usb.gadget@1.0-service-ovr: event=1 on fd=7
03-21 14:32:24.807  6183  6183 I AndroidPanelLayer: Creating presentation for layer "dialog" with width 525 and height 90
03-21 14:32:24.808  1032 10101 I DisplayManagerService: Display device added: DisplayDeviceInfo{"com.oculus.android_panel_app.AndroidPanelLayer-dialog": uniqueId="virtual:com.oculus.systemux,10026,com.oculus.android_panel_app.AndroidPanelLayer-dialog,0", 525 x 90, modeId 276, defaultModeId 276, supportedModes [{id=276, width=525, height=90, fps=60.0}], colorMode 0, supportedColorModes [0], HdrCapabilities null, density 200, 200.0 x 200.0 dpi, appVsyncOff 0, presDeadline 16666666, touch NONE, rotation 0, type VIRTUAL, state OFF, owner com.oculus.systemux (uid 10026), FLAG_PRIVATE, FLAG_NEVER_BLANK, FLAG_OWN_CONTENT_ONLY}
03-21 14:32:24.808   729 22206 I android.hardware.usb.gadget@1.0-service-ovr: event=1 on fd=7
03-21 14:32:24.809   729 22206 I chatty  : uid=0(root) gadget@1.0-serv identical 1 line
03-21 14:32:24.811   729 22206 I android.hardware.usb.gadget@1.0-service-ovr: event=1 on fd=7
03-21 14:32:24.813  6183  6183 I AndroidPanelApp: layerTransform: Showing panel layer "dialog" in VrShell with width 525, height 90, position( 0.000000 , 0.000000 ), rotation (0.000000 , 0.000000 , 0.000000 )  hit-testable true, shape 1, and system-positioned true. Density: 4680.000000. Supersampled: false 
03-21 14:32:24.813  6183  6183 I [SUI] AnytimeUIAndroidPanelAppV2: handleGenericMessage updateGuardianConfigValue 10 0.000000
03-21 14:32:24.813  6183  6183 I [SUI] AnytimeUIAndroidPanelAppV2: handleGenericMessage updateGuardianConfigValue 10 0.000000
03-21 14:32:24.813  6183  6183 I AndroidPanelApp: Processing pending show layer info for layer dialog with width 525 and height 90.
03-21 14:32:24.813  6183  6183 I AndroidPanelApp: layerSupersample no changes
03-21 14:32:24.813  6183  6183 D CppPanelService: BEGIN: Initializing panel application via MSG_CREATE_PANEL_APP.
03-21 14:32:24.818   729 22206 I android.hardware.usb.gadget@1.0-service-ovr: event=1 on fd=7
03-21 14:32:24.819  6183  6183 I AndroidPanelApp: Creating AndroidPanelApp
03-21 14:32:24.819  6183  6183 I AndroidPanelApp: Created
03-21 14:32:24.819   729 22206 I android.hardware.usb.gadget@1.0-service-ovr: event=1 on fd=7
03-21 14:32:24.819  6183  6183 D UnifiedTelemetryLogger: Already initialized.
03-21 14:32:24.820   729 22206 I android.hardware.usb.gadget@1.0-service-ovr: event=1 on fd=7
03-21 14:32:24.828   729 22206 I chatty  : uid=0(root) gadget@1.0-serv identical 2 lines
03-21 14:32:24.828   729 22206 I android.hardware.usb.gadget@1.0-service-ovr: event=1 on fd=7
03-21 14:32:24.828  2809  2892 I [OAR] PanelRenderLayer: ResetSurface 845 x 110 - shape:1 stereo:0
03-21 14:32:24.828  2809  2892 I [OAR] PanelRenderLayer: ResetSurface 0 x 0 - shape:0 stereo:0
03-21 14:32:24.828  2809  2892 I chatty  : uid=10020(com.oculus.vrshell) OVR::ShellApp identical 1 line
03-21 14:32:24.828  2809  2892 I [OAR] PanelRenderLayer: ResetSurface 0 x 0 - shape:0 stereo:0
03-21 14:32:24.828  2809  2892 I [OAR] PanelRenderLayer: ResetSurface 960 x 425 - shape:1 stereo:0
03-21 14:32:24.829  1794  2862 I VrRuntimeService: UpdateAndroidSurfaceSwapChainDimensions: 627: 960x425
03-21 14:32:24.829  1794  2862 I VrRuntimeService: UpdateSwapChainSamplerState: 627
03-21 14:32:24.829  6183  6183 E [SUI] DeviceConfigHelper: Legacy GK 'oculus_vrshell_aui_standalone_apps_v2' is not in the DeviceConfig schema.
03-21 14:32:24.829  1794  2862 I VrRuntimeService: UpdateSwapChainSamplerState: minFilter=1 magFilter=1 wrapModeS=3 warpModeT=3 maxAniso=1.000000 border={0.000000,0.000000,0.000000,0.000000}
03-21 14:32:24.829  6183  6183 D [SUI] DeviceConfigHelper: Merged 'oculus_bugreporter_v2_enabled' from DeviceConfig schema.
03-21 14:32:24.829  2809  2892 I [OAR] PanelRenderLayer: Using layerTransform 2. layerWidth:960 , layerHeight:425
03-21 14:32:24.829  2809  2892 I [OAR] PanelRenderLayer: ResetSurface 270 x 425 - shape:1 stereo:0
03-21 14:32:24.829  6183  6183 D [SUI] DeviceConfigHelper: Merged 'oculus_vrshell_aui_standalone_apps' from DeviceConfig schema.
03-21 14:32:24.829  1794  2862 I VrRuntimeService: UpdateAndroidSurfaceSwapChainDimensions: 628: 270x425
03-21 14:32:24.829  6183  6183 D [SUI] DeviceConfigHelper: Merged 'oculus_mobile_sysux_bug_reporter' from DeviceConfig schema.
03-21 14:32:24.829  1794  2862 I VrRuntimeService: UpdateSwapChainSamplerState: 628
03-21 14:32:24.829  1794  2862 I VrRuntimeService: UpdateSwapChainSamplerState: minFilter=1 magFilter=1 wrapModeS=3 warpModeT=3 maxAniso=1.000000 border={0.000000,0.000000,0.000000,0.000000}
03-21 14:32:24.829  2809  2892 I [OAR] PanelRenderLayer: Using layerTransform 2. layerWidth:270 , layerHeight:425
03-21 14:32:24.829  6183  6183 E [SUI] DeviceConfigHelper: Summary of DeviceConfig check and merge. Successes: 81 - Failures: 1 - Merged: 3 - Overridden: 0
03-21 14:32:24.829  2809  2892 I [OAR] PanelRenderLayer: ResetSurface 690 x 425 - shape:1 stereo:0
03-21 14:32:24.829  1794  2862 I VrRuntimeService: UpdateAndroidSurfaceSwapChainDimensions: 629: 690x425
03-21 14:32:24.829  1794  2862 I VrRuntimeService: UpdateSwapChainSamplerState: 629
03-21 14:32:24.829  1794  2862 I VrRuntimeService: UpdateSwapChainSamplerState: minFilter=1 magFilter=1 wrapModeS=3 warpModeT=3 maxAniso=1.000000 border={0.000000,0.000000,0.000000,0.000000}
03-21 14:32:24.829  2809  2892 I [OAR] PanelRenderLayer: Using layerTransform 2. layerWidth:690 , layerHeight:425
03-21 14:32:24.829  2809  2892 I [OAR] PanelRenderLayer: ResetSurface 0 x 0 - shape:0 stereo:0
03-21 14:32:24.829  2809  2892 I [OAR] PanelRenderLayer: ResetSurface 0 x 0 - shape:0 stereo:0
03-21 14:32:24.829  2809  2892 I [OAR] VrShellDesktopBase: Looking for panel not in monitors. Looking in the background task map
03-21 14:32:24.829  2809  2892 I [OAR] PanelAppHost: Resize layer dialog to size 525 x 90 shape:1 stereo:0
03-21 14:32:24.830  2809  2892 I [OAR] PanelRenderLayer: ResetSurface 525 x 90 - shape:1 stereo:0
03-21 14:32:24.831  6183  6183 D [SUI] StoreOptionalityExperiment: Device Config accuracy logging
03-21 14:32:24.831  6183  6183 D [SUI] StoreOptionalityExperiment: Store Optionality params
03-21 14:32:24.831  6183  6183 D [SUI] StoreOptionalityExperiment: mSystemAppsAsTilesEnabled: false
03-21 14:32:24.831  6183  6183 D [SUI] StoreOptionalityExperiment: mLibraryHeaderColoredTilesEnabled: false
03-21 14:32:24.831  6183  6183 D [SUI] StoreOptionalityExperiment: mStorePresentInAppTilesEnabled: false
03-21 14:32:24.831  6183  6183 D [SUI] StoreOptionalityExperiment: mStorePinnedToBarPositionRightEnabled: false
03-21 14:32:24.831  6183  6183 D [SUI] StoreOptionalityExperiment: mStorePinnedToBarPositionLeftEnabled: true
03-21 14:32:24.831  6183  6183 D [SUI] StoreOptionalityExperiment: mBarButtonsWithLabelsEnabled: true
03-21 14:32:24.831  6183  6183 D [SUI] StoreOptionalityExperiment: mGetMoreAppsButtonEnabled: true
03-21 14:32:24.831  6183  6183 D [SUI] StoreOptionalityExperiment: mStoreAlwaysFirstAppTileEnabled: false
03-21 14:32:24.831  6183  6183 D [SUI] OnboardingTutorial: Initialize Onboarding Tutorial
03-21 14:32:24.835  6183  6183 D [SUI] OnboardingTutorial: Not a first time user; skipping the tutorial
03-21 14:32:24.835  6183  6183 I [SUI] AnytimeUIAndroidPanelAppV2: Creating AUI PanelApp, isInOverlay: true, instanceCount: 2
03-21 14:32:24.839   729 22206 I android.hardware.usb.gadget@1.0-service-ovr: event=1 on fd=7
03-21 14:32:24.852   729 22206 I chatty  : uid=0(root) gadget@1.0-serv identical 4 lines
03-21 14:32:24.852   729 22206 I android.hardware.usb.gadget@1.0-service-ovr: event=1 on fd=7
03-21 14:32:24.854  3979  4011 D UE4     : [2021.03.21-20.32.24:851][100]LogAndroidEvents: Display: LogAndroidEvents::DequeueAppEvent : 13, [width=-1, height=-1], APP_EVENT_STATE_APP_SUSPENDED
03-21 14:32:24.855  3979  4011 D UE4     : FAppEventManager::Tick processing, 13
03-21 14:32:24.855  3979  4011 D UE4     : Execution will be paused...
03-21 14:32:24.858   729 22206 I android.hardware.usb.gadget@1.0-service-ovr: event=1 on fd=7
03-21 14:32:24.858   729 22206 I chatty  : uid=0(root) gadget@1.0-serv identical 1 line
03-21 14:32:24.858   729 22206 I android.hardware.usb.gadget@1.0-service-ovr: event=1 on fd=7
03-21 14:32:24.860  3979  4011 D UE4     : [2021.03.21-20.32.24:855][100]LogAndroidEvents: Display: LogAndroidEvents::DequeueAppEvent : 3, [width=-1, height=-1], APP_EVENT_STATE_WINDOW_DESTROYED
03-21 14:32:24.861  3979  4011 D UE4     : FAppEventManager::Tick processing, 3
03-21 14:32:24.861  3979  4011 D UE4     : APP_EVENT_STATE_WINDOW_DESTROYED, 0, 0, 0
03-21 14:32:24.861  3979  4011 D UE4     : FAppEventManager::Tick EventHandlerEvent Wait 
03-21 14:32:24.861  3979  4011 D UE4     : FAppEventManager::Tick EventHandlerEvent DONE Wait 
03-21 14:32:24.871   729 22206 I android.hardware.usb.gadget@1.0-service-ovr: event=1 on fd=7
03-21 14:32:24.890   729 22206 I chatty  : uid=0(root) gadget@1.0-serv identical 7 lines
03-21 14:32:24.890   729 22206 I android.hardware.usb.gadget@1.0-service-ovr: event=1 on fd=7
03-21 14:32:24.891  1032  1051 W InputReader: Device has associated, but no associated display id.
03-21 14:32:24.898   729 22206 I android.hardware.usb.gadget@1.0-service-ovr: event=1 on fd=7
03-21 14:32:24.958  1032  1051 W Looper  : Slow dispatch took 225ms android.ui h=android.hardware.display.DisplayManagerGlobal$DisplayListenerDelegate c=null m=1
03-21 14:32:24.969  1032  1784 E TaskPersister: File error accessing recents directory (directory doesn't exist?).
03-21 14:32:24.970   729 22206 I chatty  : uid=0(root) gadget@1.0-serv identical 22 lines
03-21 14:32:24.970   729 22206 I android.hardware.usb.gadget@1.0-service-ovr: event=1 on fd=7
03-21 14:32:24.972   838  2443 W [CT]    : BOLTDEPTH: BoltDepthSystem: Invalid Bolt depth system state for core depth computation: PAUSED
03-21 14:32:24.972   838  2443 W [CT]    : MIXEDREALITY: BoltStereoPipelineImpl: computeCoreDepth: Core stereo computation failed.
03-21 14:32:24.978   729 22206 I android.hardware.usb.gadget@1.0-service-ovr: event=1 on fd=7
03-21 14:32:25.000   729 22206 I chatty  : uid=0(root) gadget@1.0-serv identical 7 lines
03-21 14:32:25.000   729 22206 I android.hardware.usb.gadget@1.0-service-ovr: event=1 on fd=7
03-21 14:32:25.005   838  2443 W [CT]    : BOLTDEPTH: BoltDepthSystem: Invalid Bolt depth system state for client depth computation: PAUSED
03-21 14:32:25.008   729 22206 I android.hardware.usb.gadget@1.0-service-ovr: event=1 on fd=7
03-21 14:32:25.008  3979  4011 D UE4     : FAppEventManager::Tick EventHandlerEvent Wait 
03-21 14:32:25.008   729 22206 I android.hardware.usb.gadget@1.0-service-ovr: event=1 on fd=7
03-21 14:32:25.049   729 22206 I chatty  : uid=0(root) gadget@1.0-serv identical 12 lines
03-21 14:32:25.050   729 22206 I android.hardware.usb.gadget@1.0-service-ovr: event=1 on fd=7
03-21 14:32:25.055  2809  2892 I [OAR] PanelAppAnalytics: First frame latency: 2.930 for id 69 com.oculus.systemux/com.oculus.panelapp.anytimeui.AnytimeUIAndroidPanelService
03-21 14:32:25.055  1032  1051 W InputReader: Device has associated, but no associated display id.
03-21 14:32:25.056  1794  2862 I VrRuntimeService: CreateSwapChain: 3367516926
03-21 14:32:25.056  1794  2862 I VrRuntimeService: CreateSwapChain: api:vk 0 0x2b 845 110 10 3 1 4 15
03-21 14:32:25.056  1794  2862 W SwapChain: CreateTextureSwapChainFoveation: export failed
03-21 14:32:25.057  1794  2862 I VrRuntimeServer: CreateTextureSwapChain: result importswapchaingles 1
03-21 14:32:25.058   729 22206 I android.hardware.usb.gadget@1.0-service-ovr: event=1 on fd=7
03-21 14:32:25.059   729 22206 I android.hardware.usb.gadget@1.0-service-ovr: event=1 on fd=7
03-21 14:32:25.059  2768  3013 I SwapChain_Vulkan: Imported texture has requirements 8, ends up index 3
03-21 14:32:25.059  2768  3013 I chatty  : uid=10054(com.oculus.shellenv) Thread-27 identical 1 line
03-21 14:32:25.059  2768  3013 I SwapChain_Vulkan: Imported texture has requirements 8, ends up index 3
03-21 14:32:25.059  2768  3013 W VrRuntimeClient: CreateTextureSwapChain: Failed to import foveation swapchain
03-21 14:32:25.060   729 22206 I android.hardware.usb.gadget@1.0-service-ovr: event=1 on fd=7
03-21 14:32:25.064  2768  2794 W VrRuntimeClient: GetSamplerStateFromClientTexture: not currently supported for Vulkan.
03-21 14:32:25.067  6338  6385 W RCTVR   : Attempted to re-register TestID 'home:tile-hero_octilebutton_outline' for multiple views (prev: 533, new: 583). TestIDs must be unique across the app
03-21 14:32:25.067  6338  6385 W RCTVR   : Attempted to re-register TestID 'home:tile-hero_ocvr_native_button' for multiple views (prev: 535, new: 585). TestIDs must be unique across the app
03-21 14:32:25.067  6338  6385 W RCTVR   : Attempted to re-register TestID 'home:tile-hero' for multiple views (prev: 537, new: 587). TestIDs must be unique across the app
03-21 14:32:25.068   729 22206 I android.hardware.usb.gadget@1.0-service-ovr: event=1 on fd=7
03-21 14:32:25.068  6338  6385 W RCTVR   : Attempted to re-register TestID 'home:tile-hero_octilebutton_outline' for multiple views (prev: 583, new: 633). TestIDs must be unique across the app
03-21 14:32:25.068  6338  6385 W RCTVR   : Attempted to re-register TestID 'home:tile-hero_ocvr_native_button' for multiple views (prev: 585, new: 635). TestIDs must be unique across the app
03-21 14:32:25.068  6338  6385 W RCTVR   : Attempted to re-register TestID 'home:tile-hero' for multiple views (prev: 587, new: 637). TestIDs must be unique across the app
03-21 14:32:25.068   729 22206 I android.hardware.usb.gadget@1.0-service-ovr: event=1 on fd=7
03-21 14:32:25.078   729 22206 I chatty  : uid=0(root) gadget@1.0-serv identical 3 lines
03-21 14:32:25.079   729 22206 I android.hardware.usb.gadget@1.0-service-ovr: event=1 on fd=7
03-21 14:32:25.079  6338  6385 W RCTVR   : Attempted to re-register TestID 'see_more_octilebutton_outline' for multiple views (prev: 1529, new: 1923). TestIDs must be unique across the app
03-21 14:32:25.079  6338  6385 W RCTVR   : Attempted to re-register TestID 'see_more_ocvr_native_button' for multiple views (prev: 1533, new: 1925). TestIDs must be unique across the app
03-21 14:32:25.082  6338  6407 I QPL     : tti_reached: duration=3105.000000ms
03-21 14:32:25.083  6338  6407 I RCTVR_HERMES: [info]: 'oculus_home_tti', { home_version: '311000234/101.0.0.4.199/production',
03-21 14:32:25.083  6338  6407 I RCTVR_HERMES:   location: '/prime',
03-21 14:32:25.083  6338  6407 I RCTVR_HERMES:   os_version: 'user-1462400.7360.0',
03-21 14:32:25.083  6338  6407 I RCTVR_HERMES:   service_name: 'EXPLORE',
03-21 14:32:25.083  6338  6407 I RCTVR_HERMES:   shell_version: '274988282/26.0.0.40.502',
03-21 14:32:25.083  6338  6407 I RCTVR_HERMES:   startup_latency_ms: 3105.847120001912,
03-21 14:32:25.083  6338  6407 I RCTVR_HERMES:   tti_type: 'cold_start_page_loaded',
03-21 14:32:25.083  6338  6407 I RCTVR_HERMES:   vrshell_panel_app_index: 6,
03-21 14:32:25.083  6338  6407 I RCTVR_HERMES:   qe_native_prefetch: 1,
03-21 14:32:25.083  6338  6407 I RCTVR_HERMES:   qe_relay_disk_cache: 0 }
03-21 14:32:25.085  6338  6385 I nanovg  : Created new font page (index: 1, handle: 12) of size: 256x256
03-21 14:32:25.088   729 22206 I android.hardware.usb.gadget@1.0-service-ovr: event=1 on fd=7
03-21 14:32:25.088   729 22206 I chatty  : uid=0(root) gadget@1.0-serv identical 1 line
03-21 14:32:25.088   729 22206 I android.hardware.usb.gadget@1.0-service-ovr: event=1 on fd=7
03-21 14:32:25.098  6338  6438 I OVR_MemBuffer: Couldn't open assets/src/ocicon/assets/oc_icon_to_top_filled_24_d2d2d2@1.25x.png: No such file or directory
03-21 14:32:25.098  6338  6438 I OVR_MemBuffer: Couldn't open assets/src/ocicon/assets/oc_icon_chevron_down_filled_24_d2d2d2@1.25x.png: No such file or directory
03-21 14:32:25.098   729 22206 I android.hardware.usb.gadget@1.0-service-ovr: event=1 on fd=7
03-21 14:32:25.099  6338  6385 V RCTVR   : Marker feed_component_marker: duration=19.791146ms start=119553063.676495001 end=119553083.467640996
03-21 14:32:25.099   729 22206 I android.hardware.usb.gadget@1.0-service-ovr: event=1 on fd=7
03-21 14:32:25.100   729 22206 I android.hardware.usb.gadget@1.0-service-ovr: event=1 on fd=7
03-21 14:32:25.102  6338  6385 E PersistableBundle: Failed at frameworks/native/libs/binder/PersistableBundle.cpp:158 (erase)
03-21 14:32:25.108  1032  1051 W Looper  : Slow dispatch took 145ms android.ui h=android.hardware.display.DisplayManagerGlobal$DisplayListenerDelegate c=null m=1
03-21 14:32:25.110  1032  1053 W InputReader: Device has associated, but no associated display id.
03-21 14:32:25.110  1032  1053 I ActivityTaskManager: Override config changes=20005df8 {0.0 ?mcc?mnc ?localeList ?layoutDir sw72dp w420dp h72dp 200dpi smll land ?uimode ?night -touch qwerty/v/v -nav/h winConfig={ mBounds=Rect(0, 0 - 525, 90) mAppBounds=Rect(0, 0 - 525, 90) mWindowingMode=fullscreen mDisplayWindowingMode=fullscreen mActivityType=undefined mAlwaysOnTop=undefined mRotation=ROTATION_0}} for displayId=272
03-21 14:32:25.112   729 22206 I android.hardware.usb.gadget@1.0-service-ovr: event=1 on fd=7
03-21 14:32:25.112  6338  6407 W RCTVR_HERMES: [warn]: QEData empty or corrupt for sessionless__oculus_explore_subfeeds_universe
03-21 14:32:25.116   729 22206 I android.hardware.usb.gadget@1.0-service-ovr: event=1 on fd=7
03-21 14:32:25.129   729 22206 I chatty  : uid=0(root) gadget@1.0-serv identical 6 lines
03-21 14:32:25.129   729 22206 I android.hardware.usb.gadget@1.0-service-ovr: event=1 on fd=7
03-21 14:32:25.133  2809  2892 I [OAR] GuardianController: renderMode != desiredRenderMode: (3, 1, 2, 0, 2), (3, 3, 2, 0, 2)
03-21 14:32:25.134  2182  2940 I VrGuardianService: GuardianSDKServer::SetGuardianRenderMode
03-21 14:32:25.134  1794  2224 I VrRuntimeService: RuntimeServiceSDKServer::SetGuardianStationaryInfo: 3885101537
03-21 14:32:25.138   729 22206 I android.hardware.usb.gadget@1.0-service-ovr: event=1 on fd=7
03-21 14:32:25.139   729 22206 I chatty  : uid=0(root) gadget@1.0-serv identical 1 line
03-21 14:32:25.139   729 22206 I android.hardware.usb.gadget@1.0-service-ovr: event=1 on fd=7
03-21 14:32:25.148  1794  2944 I VrRuntimeService: RuntimeServiceSDKServer::GetGuardianPolygon
03-21 14:32:25.148  2809  2892 I VrRuntimeClient: SyncInternalGuardianState: GetGuardianPolygon: 0
03-21 14:32:25.148  1794  2944 I VrRuntimeService: RuntimeServiceSDKServer::GetGuardianStationaryInfo
03-21 14:32:25.148  1794  2944 I VrRuntimeService: RuntimeServiceSDKServer::GetGuardianSystemState: 1053195453
03-21 14:32:25.149   729 22206 I android.hardware.usb.gadget@1.0-service-ovr: event=1 on fd=7
03-21 14:32:25.159   729 22206 I chatty  : uid=0(root) gadget@1.0-serv identical 4 lines
03-21 14:32:25.159   729 22206 I android.hardware.usb.gadget@1.0-service-ovr: event=1 on fd=7
03-21 14:32:25.162  3979  3979 V UE4     : [GameApp] App in background
03-21 14:32:25.162  3979  4012 D UE4     : [2021.03.21-20.32.25:162][100]LogAndroid: Case APP_CMD_STOP
03-21 14:32:25.162  3979  4012 D UE4     : LogAndroidEvents::EnqueueAppEvent : 8, [width=-1, height=-1], tid = 4012, APP_EVENT_STATE_ON_STOP
03-21 14:32:25.162  3979  4011 D UE4     : FAppEventManager::Tick EventHandlerEvent DONE Wait 
03-21 14:32:25.162  3979  3979 D UE4     : [GameActivity] ==============> GameActive.onStop complete!
03-21 14:32:25.163  6183  6183 D [SUI] AnytimeUIAndroidPanelAppV2: ShellEnv is running
03-21 14:32:25.164  6183  6183 V [SUI] AnytimeUIAndroidPanelAppV2: Initializing local notifs only
03-21 14:32:25.165  6183  6183 V [SUI] AnytimeUIAndroidPanelAppV2: Wifi is connected
03-21 14:32:25.165  6183  6183 V [SUI] AnytimeUIAndroidPanelAppV2: Wifi connected but no token yet
03-21 14:32:25.165  6183  6183 I [SUI] OVRAuthHelper: fetchAuthToken - start
03-21 14:32:25.169   729 22206 I android.hardware.usb.gadget@1.0-service-ovr: event=1 on fd=7
03-21 14:32:25.169   729 22206 I chatty  : uid=0(root) gadget@1.0-serv identical 1 line
03-21 14:32:25.169   729 22206 I android.hardware.usb.gadget@1.0-service-ovr: event=1 on fd=7
03-21 14:32:25.170  6338  6423 V RCTVRNET: Request complete: time=98 name=unknown docid=4267391003275983 traceid=DkYpuKLwNOD code=200
03-21 14:32:25.174  6183  6183 V [SUI] AnytimeUIAndroidPanelAppV2: Late initializing persisted notifs
03-21 14:32:25.177   729 22206 I android.hardware.usb.gadget@1.0-service-ovr: event=1 on fd=7
03-21 14:32:25.177   729 22206 I chatty  : uid=0(root) gadget@1.0-serv identical 1 line
03-21 14:32:25.178   729 22206 I android.hardware.usb.gadget@1.0-service-ovr: event=1 on fd=7
03-21 14:32:25.187  6183  6183 I [SUI] HorizonContent: Social Platform version: 109.0.0.2.237
03-21 14:32:25.187  6183  6183 I [SUI] AnytimeUIAndroidPanelAppV2: Social Platform provider gk false Social Platform provider valid true
03-21 14:32:25.187  6183  6183 I [SUI] AnytimeUIAndroidPanelAppV2: Routing to horizon content provider
03-21 14:32:25.187  6183  6183 D [SUI] AnytimeUIBroadcastReceiver: requestCaptureState being sent
03-21 14:32:25.187   729 22206 I android.hardware.usb.gadget@1.0-service-ovr: event=1 on fd=7
03-21 14:32:25.197   729 22206 I chatty  : uid=0(root) gadget@1.0-serv identical 4 lines
03-21 14:32:25.198   729 22206 I android.hardware.usb.gadget@1.0-service-ovr: event=1 on fd=7
03-21 14:32:25.200  6183  6183 I AndroidPanelApp: Sending surface geometry border radius with type all and value 15 for layer tablet.
03-21 14:32:25.200  6183  6183 I AndroidPanelApp: Sending surface geometry border radius with type left and value 15 for layer tabletNav.
03-21 14:32:25.200  6183  6183 I AndroidPanelApp: Sending surface geometry border radius with type right and value 15 for layer tabletContent.
03-21 14:32:25.200  6183  6183 D [SUI] DestinationUIViewModel: Constructing ViewModel
03-21 14:32:25.200  6183  6183 D [SUI] AnytimeUIPanelAppBase: Acquiring viewModel DestinationUIViewModel refCount: 1
03-21 14:32:25.200  6183  6183 D [SUI] SharingViewModel: Constructing ViewModel
03-21 14:32:25.200  6183  6183 D [SUI] SharingViewModel: clearAbuseReportRecordingTimer
03-21 14:32:25.200  6183  6183 D [SUI] AnytimeUIPanelAppBase: Acquiring viewModel SharingViewModel refCount: 1
03-21 14:32:25.201  6183  6183 I AndroidPanelApp: ensurePanelLayer(layer: #main, width: 676, height: 88, resize: NONE, view creator: #main)
03-21 14:32:25.201  6183  6183 I AndroidPanelApp: ensurePanelLayer(layer: #main, width: 676, height: 88, resize behavior: NONE)
03-21 14:32:25.201  6183  6183 I AndroidPanelLayer: Setting spec for layer "#main"
03-21 14:32:25.201  6183  6183 I AndroidPanelLayer: Setting size of layer "#main" to have width 845 and height 110
03-21 14:32:25.201  6183  6183 I AndroidPanelLayer: Destroying presentation for layer "#main".
03-21 14:32:25.201  6183  6183 I AndroidPanelLayer: Creating presentation for layer "#main" with width 845 and height 110
03-21 14:32:25.208   729 22206 I android.hardware.usb.gadget@1.0-service-ovr: event=1 on fd=7
03-21 14:32:25.217   729 22206 I chatty  : uid=0(root) gadget@1.0-serv identical 4 lines
03-21 14:32:25.218   729 22206 I android.hardware.usb.gadget@1.0-service-ovr: event=1 on fd=7
03-21 14:32:25.220  2768  6333 I Telemetry: App memory usage: PSS=504MB DalvikPSS=0 MB
03-21 14:32:25.224  1032 17808 I DisplayManagerService: Display device added: DisplayDeviceInfo{"com.oculus.android_panel_app.AndroidPanelLayer-#main": uniqueId="virtual:com.oculus.systemux,10026,com.oculus.android_panel_app.AndroidPanelLayer-#main,1", 845 x 110, modeId 277, defaultModeId 277, supportedModes [{id=277, width=845, height=110, fps=60.0}], colorMode 0, supportedColorModes [0], HdrCapabilities null, density 200, 200.0 x 200.0 dpi, appVsyncOff 0, presDeadline 16666666, touch NONE, rotation 0, type VIRTUAL, state OFF, owner com.oculus.systemux (uid 10026), FLAG_PRIVATE, FLAG_NEVER_BLANK, FLAG_OWN_CONTENT_ONLY}
03-21 14:32:25.241   729 22206 I android.hardware.usb.gadget@1.0-service-ovr: event=1 on fd=7
03-21 14:32:25.242   729 22206 I chatty  : uid=0(root) gadget@1.0-serv identical 2 lines
03-21 14:32:25.242   729 22206 I android.hardware.usb.gadget@1.0-service-ovr: event=1 on fd=7
03-21 14:32:25.243  3979  3979 D UE4     : [GameActivity] onDestroy: destroy memoryHandlerThread
03-21 14:32:25.243   729 22206 I android.hardware.usb.gadget@1.0-service-ovr: event=1 on fd=7
03-21 14:32:25.260   729 22206 I chatty  : uid=0(root) gadget@1.0-serv identical 6 lines
03-21 14:32:25.260   729 22206 I android.hardware.usb.gadget@1.0-service-ovr: event=1 on fd=7
03-21 14:32:25.260  3979  4012 D UE4     : [2021.03.21-20.32.25:257][100]LogAndroid: Case APP_CMD_INPUT_CHANGED
03-21 14:32:25.263  1407  1429 I nifiedtelemetr: Background young concurrent copying GC freed 51615(3671KB) AllocSpace objects, 37(1340KB) LOS objects, 37% free, 5194KB/8276KB, paused 32.546ms total 893.456ms
03-21 14:32:25.264  3979  4012 D UE4     : [2021.03.21-20.32.25:261][100]LogAndroid: Case APP_CMD_DESTROY
03-21 14:32:25.265  3979  4012 D UE4     : LogAndroidEvents::EnqueueAppEvent : 15, [width=-1, height=-1], tid = 4012, APP_EVENT_RUN_CALLBACK
03-21 14:32:25.265  3979  4012 D UE4     : LogAndroidEvents::EnqueueAppEvent : 5, [width=-1, height=-1], tid = 4012, APP_EVENT_STATE_ON_DESTROY
03-21 14:32:25.269   729 22206 I android.hardware.usb.gadget@1.0-service-ovr: event=1 on fd=7
03-21 14:32:25.269   729 22206 I chatty  : uid=0(root) gadget@1.0-serv identical 1 line
03-21 14:32:25.270   729 22206 I android.hardware.usb.gadget@1.0-service-ovr: event=1 on fd=7
03-21 14:32:25.280  6183  6183 D [SUI] BarView: Initializing BarView
03-21 14:32:25.280  6183  6183 D [SUI] StatusViewModel: Constructing ViewModel
03-21 14:32:25.280   729 22206 I android.hardware.usb.gadget@1.0-service-ovr: event=1 on fd=7
03-21 14:32:25.291  6183  6183 I android_os_HwBinder: HwBinder: Starting thread pool for getting: vendor.oculus.hardware.battery@1.0::IBattery/default
03-21 14:32:25.292   729 22206 I android.hardware.usb.gadget@1.0-service-ovr: event=1 on fd=7
03-21 14:32:25.294  6183  6183 D [SUI] AnytimeUIPanelAppBase: Acquiring viewModel StatusViewModel refCount: 1
03-21 14:32:25.298   729 22206 I android.hardware.usb.gadget@1.0-service-ovr: event=1 on fd=7
03-21 14:32:25.298   729 22206 I chatty  : uid=0(root) gadget@1.0-serv identical 1 line
03-21 14:32:25.298   729 22206 I android.hardware.usb.gadget@1.0-service-ovr: event=1 on fd=7
03-21 14:32:25.299  6183  6183 D [SUI] SocialViewModel: Constructing ViewModel
03-21 14:32:25.299  6183  6183 D [SUI] SocialViewModel: setTabletActive() - isActive: false
03-21 14:32:25.305  3979  4011 D UE4     : [2021.03.21-20.32.25:305][100]LogAndroidEvents: Display: LogAndroidEvents::DequeueAppEvent : 8, [width=-1, height=-1], APP_EVENT_STATE_ON_STOP
03-21 14:32:25.306  3979  4011 D UE4     : FAppEventManager::Tick processing, 8
03-21 14:32:25.307  3979  4011 D UE4     : [2021.03.21-20.32.25:307][100]LogAndroidEvents: Display: LogAndroidEvents::DequeueAppEvent : 15, [width=-1, height=-1], APP_EVENT_RUN_CALLBACK
03-21 14:32:25.307  3979  4011 D UE4     : FAppEventManager::Tick processing, 15
03-21 14:32:25.307  3979  4011 D UE4     : [2021.03.21-20.32.25:307][100]LogAndroidEvents: Display: Event thread callback running.
03-21 14:32:25.307  3979  4011 D UE4     : [2021.03.21-20.32.25:307][100]LogAndroidEvents: Display: LogAndroidEvents::DequeueAppEvent : 5, [width=-1, height=-1], APP_EVENT_STATE_ON_DESTROY
03-21 14:32:25.307  6183  6183 D [SUI] AnytimeUIPanelAppBase: Acquiring viewModel SocialViewModel refCount: 1
03-21 14:32:25.308  3979  4011 D UE4     : FAppEventManager::Tick processing, 5
03-21 14:32:25.308  6183  6183 D [SUI] SocialViewModel: registerPartyObserver(): -$$Lambda$StatusView$4WQNr49iiWUxVSrpZjWAcEIYCDY
03-21 14:32:25.308  3979  4011 D UE4     : APP_EVENT_STATE_ON_DESTROY
03-21 14:32:25.308  6183  6183 D [SUI] BarViewModel: Constructing BarViewModel
03-21 14:32:25.308  6183  6183 D [SUI] AnytimeUIPanelAppBase: Acquiring viewModel BarViewModel refCount: 1
03-21 14:32:25.308  6183  6183 D [SUI] SettingsViewModel: Constructing ViewModel
03-21 14:32:25.308  3979  4011 D UE4     : FAppEventManager::Tick EventHandlerEvent Wait 
03-21 14:32:25.308  3979  4011 D UE4     : FAppEventManager::Tick EventHandlerEvent DONE Wait 
03-21 14:32:25.310   729 22206 I android.hardware.usb.gadget@1.0-service-ovr: event=1 on fd=7
03-21 14:32:25.311   729 22206 I chatty  : uid=0(root) gadget@1.0-serv identical 1 line
03-21 14:32:25.319   729 22206 I android.hardware.usb.gadget@1.0-service-ovr: event=1 on fd=7
03-21 14:32:25.320  6183  6183 D [SUI] AnytimeUIPanelAppBase: Acquiring viewModel SettingsViewModel refCount: 1
03-21 14:32:25.320  6183  6183 D [SUI] ProfileViewModel: Constructing ViewModel
03-21 14:32:25.325  6183  6183 D [SUI] AnytimeUIPanelAppBase: Acquiring viewModel ProfileViewModel refCount: 1
03-21 14:32:25.325  6183  6183 D [SUI] AnytimeUIPanelAppBase: Acquiring viewModel SocialViewModel refCount: 2
03-21 14:32:25.325  6183  6183 D [SUI] AnytimeUIPanelAppBase: Acquiring viewModel DestinationUIViewModel refCount: 2
03-21 14:32:25.325  6183  6183 D [SUI] SocialViewModel: registerObserver(): 
03-21 14:32:25.325  6183  6183 D [SUI] BarView: Initializing debug bar
03-21 14:32:25.325  6183  6183 D [SUI] BarView: Initialized debug bar
03-21 14:32:25.325  6183  6183 D [SUI] BarView: Initializing profile navigation button
03-21 14:32:25.325  6183  6183 D [SUI] BarView: Initialized profile navigation button
03-21 14:32:25.325  6183  6183 D [SUI] BarView: Initializing apps navigation button
03-21 14:32:25.326  6183  6183 D UnifiedTelemetryLogger: Already initialized.
03-21 14:32:25.326  6183  6183 D [SUI] BarView: Initialized apps navigation button
03-21 14:32:25.326  6183  6183 D [SUI] BarView: Initializing messenger navigation button
03-21 14:32:25.326  6183  6183 D [SUI] BarView: Initialized messenger navigation button
03-21 14:32:25.326  6183  6183 D [SUI] BarView: Initializing notifications navigation button
03-21 14:32:25.326  6183  6183 D UnifiedTelemetryLogger: Already initialized.
03-21 14:32:25.326  6183  6183 D [SUI] BarView: Initialized notifications navigation button
03-21 14:32:25.326  6183  6183 D [SUI] BarView: Initializing sharing navigation button
03-21 14:32:25.326  6183  6183 D UnifiedTelemetryLogger: Already initialized.
03-21 14:32:25.326  6183  6183 D [SUI] BarView: Initialized sharing navigation button
03-21 14:32:25.326  6183  6183 D [SUI] BarView: Initializing settings navigation button
03-21 14:32:25.326  6183  6183 D UnifiedTelemetryLogger: Already initialized.
03-21 14:32:25.326  6183  6183 D [SUI] BarView: Initialized settings navigation button
03-21 14:32:25.326  6183  6183 D [SUI] BarView: Initializing destination ui navigation button
03-21 14:32:25.326  6183  6183 D [SUI] BarView: Initialized destination ui navigation button
03-21 14:32:25.326  6183  6183 D [SUI] BarView: Initializing social navigation button
03-21 14:32:25.326  6183  6183 D UnifiedTelemetryLogger: Already initialized.
03-21 14:32:25.326  6183  6183 D [SUI] BarView: Initialized social navigation button
03-21 14:32:25.326  6183  6183 D [SUI] BarView: Initializing store navigation button
03-21 14:32:25.326  6183  6183 D UnifiedTelemetryLogger: Already initialized.
03-21 14:32:25.326  6183  6183 D UnifiedTelemetryLogger: Already initialized.
03-21 14:32:25.326  6183  6183 D [SUI] BarView: Initialized store navigation button
03-21 14:32:25.326  6183  6183 I AndroidPanelApp: measureLayerView with initial width 845, initial height 110, resize behavior NONE.
03-21 14:32:25.326  6183  6183 I AndroidPanelApp: Measured width 845 and height 110.
03-21 14:32:25.326  6183  6183 I AndroidPanelLayer: Setting size of layer "#main" to have width 845 and height 110
03-21 14:32:25.327   729 22206 I android.hardware.usb.gadget@1.0-service-ovr: event=1 on fd=7
03-21 14:32:25.327   729 22206 I chatty  : uid=0(root) gadget@1.0-serv identical 1 line
03-21 14:32:25.328   729 22206 I android.hardware.usb.gadget@1.0-service-ovr: event=1 on fd=7
03-21 14:32:25.328  6183  6183 I AndroidPanelApp: layerTransform: Showing panel layer "#main" in VrShell with width 845, height 110, position( 0.000000 , 0.000000 ), rotation (0.000000 , 0.000000 , 0.000000 )  hit-testable true, shape 1, and system-positioned true. Density: 4680.000000. Supersampled: false 
03-21 14:32:25.328   729 22206 I android.hardware.usb.gadget@1.0-service-ovr: event=1 on fd=7
03-21 14:32:25.328  6183  6183 I AndroidPanelApp: ensurePanelLayer(layer: tablet, width: 768, height: 340, resize: NONE, view creator: tablet)
03-21 14:32:25.328  6183  6183 I AndroidPanelApp: ensurePanelLayer(layer: tablet, width: 768, height: 340, resize behavior: NONE)
03-21 14:32:25.328  6183  6183 I AndroidPanelLayer: Setting spec for layer "tablet"
03-21 14:32:25.328  6183  6183 I AndroidPanelLayer: Setting size of layer "tablet" to have width 960 and height 425
03-21 14:32:25.328  6183  6183 I AndroidPanelLayer: Destroying presentation for layer "tablet".
03-21 14:32:25.328  6183  6183 I AndroidPanelLayer: Creating presentation for layer "tablet" with width 960 and height 425
03-21 14:32:25.329   729 22206 I android.hardware.usb.gadget@1.0-service-ovr: event=1 on fd=7
03-21 14:32:25.336  6338  6399 I OVRPlatform: [RequestStopwatch] AccessTokenRequest took 861.6760 milliseconds
03-21 14:32:25.341   729 22206 I android.hardware.usb.gadget@1.0-service-ovr: event=1 on fd=7
03-21 14:32:25.358   729 22206 I chatty  : uid=0(root) gadget@1.0-serv identical 7 lines
03-21 14:32:25.358   729 22206 I android.hardware.usb.gadget@1.0-service-ovr: event=1 on fd=7
03-21 14:32:25.364  2024  7061 I LibraryProvider: running queryApp(com.oculus.explore) for com.oculus.uid:10031
03-21 14:32:25.377   729 22206 I android.hardware.usb.gadget@1.0-service-ovr: event=1 on fd=7
03-21 14:32:25.431   729 22206 I chatty  : uid=0(root) gadget@1.0-serv identical 19 lines
03-21 14:32:25.431   729 22206 I android.hardware.usb.gadget@1.0-service-ovr: event=1 on fd=7
03-21 14:32:25.441  1794  6134 I TimeWarp: SetSchedFifo( tid=2794, pol=2, pri=0 ) succeeded
03-21 14:32:25.442  1794  6134 I TimeWarp: SetSchedFifo( tid=6335, pol=2, pri=0 ) succeeded
03-21 14:32:25.449  3979  4011 D UE4     : [2021.03.21-20.32.25:447][100]LogAndroid: Exiting
03-21 14:32:25.451  3979  4011 D UE4     : [2021.03.21-20.32.25:451][100]LogInit: Display: PreExit Game.
03-21 14:32:25.454  3979  4011 D UE4     : [2021.03.21-20.32.25:454][100]LogWorld: BeginTearingDown for /Game/VirtualRealityBP/Maps/MotionControllerMap
03-21 14:32:25.459  3979  4011 D UE4     : [2021.03.21-20.32.25:459][100]LogWorld: UWorld::CleanupWorld for MotionControllerMap, bSessionEnded=true, bCleanupResources=true
03-21 14:32:25.464  3979  4011 D UE4     : [2021.03.21-20.32.25:464][100]LogSlate: InvalidateAllWidgets triggered.  All widgets were invalidated
03-21 14:32:25.466   729 22206 I android.hardware.usb.gadget@1.0-service-ovr: event=1 on fd=7
03-21 14:32:25.473   729 22206 I chatty  : uid=0(root) gadget@1.0-serv identical 10 lines
03-21 14:32:25.473   729 22206 I android.hardware.usb.gadget@1.0-service-ovr: event=1 on fd=7
03-21 14:32:25.476  1032  5867 I DisplayManagerService: Display device added: DisplayDeviceInfo{"com.oculus.android_panel_app.AndroidPanelLayer-tablet": uniqueId="virtual:com.oculus.systemux,10026,com.oculus.android_panel_app.AndroidPanelLayer-tablet,1", 960 x 425, modeId 278, defaultModeId 278, supportedModes [{id=278, width=960, height=425, fps=60.0}], colorMode 0, supportedColorModes [0], HdrCapabilities null, density 200, 200.0 x 200.0 dpi, appVsyncOff 0, presDeadline 16666666, touch NONE, rotation 0, type VIRTUAL, state OFF, owner com.oculus.systemux (uid 10026), FLAG_PRIVATE, FLAG_NEVER_BLANK, FLAG_OWN_CONTENT_ONLY}
03-21 14:32:25.484  3979  4012 I rCompany.VRLeg: System.exit called, status: 0
03-21 14:32:25.484  3979  4012 I AndroidRuntime: VM exiting with result code 0, cleanup skipped.
03-21 14:32:25.489  6338  6423 V RCTVRNET: Request complete: time=96 name=unknown docid=3488934694489236 traceid=FJihWP57Pke code=200
03-21 14:32:25.492   729 22206 I android.hardware.usb.gadget@1.0-service-ovr: event=1 on fd=7
03-21 14:32:25.494   729 22206 I chatty  : uid=0(root) gadget@1.0-serv identical 4 lines
03-21 14:32:25.494   729 22206 I android.hardware.usb.gadget@1.0-service-ovr: event=1 on fd=7
03-21 14:32:25.496  6183  6183 D [SUI] HostView: Constructing HostView
03-21 14:32:25.496  6183  6183 D [SUI] HostView: Initializing HostView
03-21 14:32:25.496  6183  6183 D [SUI] EmptyView: Constructing EmptyView
03-21 14:32:25.496  6183  6183 D [SUI] EmptyView: Initializing EmptyView
03-21 14:32:25.497  6183  6183 D [SUI] EmptyView: Showing EmptyView
03-21 14:32:25.497  6183  6183 I AndroidPanelApp: measureLayerView with initial width 960, initial height 425, resize behavior NONE.
03-21 14:32:25.497  6183  6183 I AndroidPanelApp: Measured width 960 and height 425.
03-21 14:32:25.497  6183  6183 I AndroidPanelLayer: Setting size of layer "tablet" to have width 960 and height 425
03-21 14:32:25.497  6338  6423 V RCTVRNET: Request complete: time=103 name=unknown docid=3488934694489236 traceid=D1ZyEt/754g code=200
03-21 14:32:25.498  6183  6183 I AndroidPanelApp: layerTransform: Showing panel layer "tablet" in VrShell with width 960, height 425, position( 0.000000 , 0.000000 ), rotation (0.000000 , 0.000000 , 0.000000 )  hit-testable true, shape 1, and system-positioned true. Density: 4680.000000. Supersampled: false 
03-21 14:32:25.498  6183  6183 I AndroidPanelApp: ensurePanelLayer(layer: tabletNav, width: 216, height: 340, resize: NONE, view creator: tabletNav)
03-21 14:32:25.498  6183  6183 I AndroidPanelApp: ensurePanelLayer(layer: tabletNav, width: 216, height: 340, resize behavior: NONE)
03-21 14:32:25.498  6183  6183 I AndroidPanelLayer: Setting spec for layer "tabletNav"
03-21 14:32:25.498  6183  6183 I AndroidPanelLayer: Setting size of layer "tabletNav" to have width 270 and height 425
03-21 14:32:25.498  6183  6183 I AndroidPanelLayer: Destroying presentation for layer "tabletNav".
